Archive member included to satisfy reference by file (symbol)

c:/intelfpga/16.1/nios2eds/bin/gnu/h-x86_64-mingw32/bin/../lib/gcc/nios2-elf/5.3.0/../../../../../H-x86_64-mingw32/nios2-elf/lib\libc.a(lib_a-puts.o)
                              obj/default/hello_world.o (puts)
c:/intelfpga/16.1/nios2eds/bin/gnu/h-x86_64-mingw32/bin/../lib/gcc/nios2-elf/5.3.0/../../../../../H-x86_64-mingw32/nios2-elf/lib\libc.a(lib_a-strlen.o)
                              c:/intelfpga/16.1/nios2eds/bin/gnu/h-x86_64-mingw32/bin/../lib/gcc/nios2-elf/5.3.0/../../../../../H-x86_64-mingw32/nios2-elf/lib\libc.a(lib_a-puts.o) (strlen)
c:/intelfpga/16.1/nios2eds/bin/gnu/h-x86_64-mingw32/bin/../lib/gcc/nios2-elf/5.3.0/../../../../../H-x86_64-mingw32/nios2-elf/lib\libc.a(lib_a-findfp.o)
                              c:/intelfpga/16.1/nios2eds/bin/gnu/h-x86_64-mingw32/bin/../lib/gcc/nios2-elf/5.3.0/../../../../../H-x86_64-mingw32/nios2-elf/lib\libc.a(lib_a-puts.o) (__sinit)
c:/intelfpga/16.1/nios2eds/bin/gnu/h-x86_64-mingw32/bin/../lib/gcc/nios2-elf/5.3.0/../../../../../H-x86_64-mingw32/nios2-elf/lib\libc.a(lib_a-fvwrite.o)
                              c:/intelfpga/16.1/nios2eds/bin/gnu/h-x86_64-mingw32/bin/../lib/gcc/nios2-elf/5.3.0/../../../../../H-x86_64-mingw32/nios2-elf/lib\libc.a(lib_a-puts.o) (__sfvwrite_r)
c:/intelfpga/16.1/nios2eds/bin/gnu/h-x86_64-mingw32/bin/../lib/gcc/nios2-elf/5.3.0/../../../../../H-x86_64-mingw32/nios2-elf/lib\libc.a(lib_a-fwalk.o)
                              c:/intelfpga/16.1/nios2eds/bin/gnu/h-x86_64-mingw32/bin/../lib/gcc/nios2-elf/5.3.0/../../../../../H-x86_64-mingw32/nios2-elf/lib\libc.a(lib_a-findfp.o) (_fwalk)
c:/intelfpga/16.1/nios2eds/bin/gnu/h-x86_64-mingw32/bin/../lib/gcc/nios2-elf/5.3.0/../../../../../H-x86_64-mingw32/nios2-elf/lib\libc.a(lib_a-impure.o)
                              c:/intelfpga/16.1/nios2eds/bin/gnu/h-x86_64-mingw32/bin/../lib/gcc/nios2-elf/5.3.0/../../../../../H-x86_64-mingw32/nios2-elf/lib\libc.a(lib_a-findfp.o) (_global_impure_ptr)
c:/intelfpga/16.1/nios2eds/bin/gnu/h-x86_64-mingw32/bin/../lib/gcc/nios2-elf/5.3.0/../../../../../H-x86_64-mingw32/nios2-elf/lib\libc.a(lib_a-mallocr.o)
                              c:/intelfpga/16.1/nios2eds/bin/gnu/h-x86_64-mingw32/bin/../lib/gcc/nios2-elf/5.3.0/../../../../../H-x86_64-mingw32/nios2-elf/lib\libc.a(lib_a-findfp.o) (_malloc_r)
c:/intelfpga/16.1/nios2eds/bin/gnu/h-x86_64-mingw32/bin/../lib/gcc/nios2-elf/5.3.0/../../../../../H-x86_64-mingw32/nios2-elf/lib\libc.a(lib_a-memchr.o)
                              c:/intelfpga/16.1/nios2eds/bin/gnu/h-x86_64-mingw32/bin/../lib/gcc/nios2-elf/5.3.0/../../../../../H-x86_64-mingw32/nios2-elf/lib\libc.a(lib_a-fvwrite.o) (memchr)
c:/intelfpga/16.1/nios2eds/bin/gnu/h-x86_64-mingw32/bin/../lib/gcc/nios2-elf/5.3.0/../../../../../H-x86_64-mingw32/nios2-elf/lib\libc.a(lib_a-memcpy.o)
                              c:/intelfpga/16.1/nios2eds/bin/gnu/h-x86_64-mingw32/bin/../lib/gcc/nios2-elf/5.3.0/../../../../../H-x86_64-mingw32/nios2-elf/lib\libc.a(lib_a-fvwrite.o) (memcpy)
c:/intelfpga/16.1/nios2eds/bin/gnu/h-x86_64-mingw32/bin/../lib/gcc/nios2-elf/5.3.0/../../../../../H-x86_64-mingw32/nios2-elf/lib\libc.a(lib_a-memmove.o)
                              c:/intelfpga/16.1/nios2eds/bin/gnu/h-x86_64-mingw32/bin/../lib/gcc/nios2-elf/5.3.0/../../../../../H-x86_64-mingw32/nios2-elf/lib\libc.a(lib_a-fvwrite.o) (memmove)
c:/intelfpga/16.1/nios2eds/bin/gnu/h-x86_64-mingw32/bin/../lib/gcc/nios2-elf/5.3.0/../../../../../H-x86_64-mingw32/nios2-elf/lib\libc.a(lib_a-memset.o)
                              c:/intelfpga/16.1/nios2eds/bin/gnu/h-x86_64-mingw32/bin/../lib/gcc/nios2-elf/5.3.0/../../../../../H-x86_64-mingw32/nios2-elf/lib\libc.a(lib_a-findfp.o) (memset)
c:/intelfpga/16.1/nios2eds/bin/gnu/h-x86_64-mingw32/bin/../lib/gcc/nios2-elf/5.3.0/../../../../../H-x86_64-mingw32/nios2-elf/lib\libc.a(lib_a-reallocr.o)
                              c:/intelfpga/16.1/nios2eds/bin/gnu/h-x86_64-mingw32/bin/../lib/gcc/nios2-elf/5.3.0/../../../../../H-x86_64-mingw32/nios2-elf/lib\libc.a(lib_a-fvwrite.o) (_realloc_r)
c:/intelfpga/16.1/nios2eds/bin/gnu/h-x86_64-mingw32/bin/../lib/gcc/nios2-elf/5.3.0/../../../../../H-x86_64-mingw32/nios2-elf/lib\libc.a(lib_a-sbrkr.o)
                              c:/intelfpga/16.1/nios2eds/bin/gnu/h-x86_64-mingw32/bin/../lib/gcc/nios2-elf/5.3.0/../../../../../H-x86_64-mingw32/nios2-elf/lib\libc.a(lib_a-mallocr.o) (_sbrk_r)
c:/intelfpga/16.1/nios2eds/bin/gnu/h-x86_64-mingw32/bin/../lib/gcc/nios2-elf/5.3.0/../../../../../H-x86_64-mingw32/nios2-elf/lib\libc.a(lib_a-stdio.o)
                              c:/intelfpga/16.1/nios2eds/bin/gnu/h-x86_64-mingw32/bin/../lib/gcc/nios2-elf/5.3.0/../../../../../H-x86_64-mingw32/nios2-elf/lib\libc.a(lib_a-findfp.o) (__sread)
c:/intelfpga/16.1/nios2eds/bin/gnu/h-x86_64-mingw32/bin/../lib/gcc/nios2-elf/5.3.0/../../../../../H-x86_64-mingw32/nios2-elf/lib\libc.a(lib_a-writer.o)
[...]
Memory Configuration

Name             Origin             Length             Attributes
reset            0x0000000000800000 0x0000000000000020
sdram            0x0000000000800020 0x00000000007fffe0
onchip_mem       0x0000000001080000 0x0000000000007800
*default*        0x0000000000000000 0xffffffffffffffff

Linker script and memory map

LOAD ../heart_beets_bsp//obj/HAL/src/crt0.o
LOAD obj/default/hello_world.o
LOAD obj/default/pacemaker.o
LOAD c:/intelfpga/16.1/nios2eds/bin/gnu/h-x86_64-mingw32/bin/../lib/gcc/nios2-elf/5.3.0/../../../../../H-x86_64-mingw32/nios2-elf/lib\libstdc++.a
LOAD c:/intelfpga/16.1/nios2eds/bin/gnu/h-x86_64-mingw32/bin/../lib/gcc/nios2-elf/5.3.0/../../../../../H-x86_64-mingw32/nios2-elf/lib\libm.a
LOAD c:/intelfpga/16.1/nios2eds/bin/gnu/h-x86_64-mingw32/bin/../lib/gcc/nios2-elf/5.3.0\libgcc.a
START GROUP
LOAD c:/intelfpga/16.1/nios2eds/bin/gnu/h-x86_64-mingw32/bin/../lib/gcc/nios2-elf/5.3.0/../../../../../H-x86_64-mingw32/nios2-elf/lib\libc.a
LOAD c:/intelfpga/16.1/nios2eds/bin/gnu/h-x86_64-mingw32/bin/../lib/gcc/nios2-elf/5.3.0\libgcc.a
LOAD ../heart_beets_bsp/\libhal_bsp.a
LOAD c:/intelfpga/16.1/nios2eds/bin/gnu/h-x86_64-mingw32/bin/../lib/gcc/nios2-elf/5.3.0/../../../../../H-x86_64-mingw32/nios2-elf/lib\libm.a
END GROUP
LOAD c:/intelfpga/16.1/nios2eds/bin/gnu/h-x86_64-mingw32/bin/../lib/gcc/nios2-elf/5.3.0\libgcc.a
                0x0000000000800000                __alt_mem_sdram = 0x800000
                0x0000000001080000                __alt_mem_onchip_mem = 0x1080000

.entry          0x0000000000800000       0x20
 *(.entry)
 .entry         0x0000000000800000       0x20 ../heart_beets_bsp//obj/HAL/src/crt0.o
                0x0000000000800000                __reset

.exceptions     0x0000000000800020      0x224
                0x0000000000800020                PROVIDE (__ram_exceptions_start, ABSOLUTE (.))
                0x0000000000800020                . = ALIGN (0x20)
 *(.irq)
 *(.exceptions.entry.label)
 .exceptions.entry.label
                0x0000000000800020        0x0 ../heart_beets_bsp/\libhal_bsp.a(alt_irq_entry.o)
                0x0000000000800020                alt_irq_entry
 .exceptions.entry.label
                0x0000000000800020        0x0 ../heart_beets_bsp/\libhal_bsp.a(alt_exception_entry.o)
                0x0000000000800020                alt_exception
 *(.exceptions.entry.user)
 *(.exceptions.entry.ecc_fatal)
 *(.exceptions.entry)
 .exceptions.entry
                0x0000000000800020       0x54 ../heart_beets_bsp/\libhal_bsp.a(alt_exception_entry.o)
 *(.exceptions.irqtest.user)
 *(.exceptions.irqtest)
 .exceptions.irqtest
                0x0000000000800074       0x10 ../heart_beets_bsp/\libhal_bsp.a(alt_irq_entry.o)
 *(.exceptions.irqhandler.user)
 *(.exceptions.irqhandler)
 .exceptions.irqhandler
                0x0000000000800084        0x4 ../heart_beets_bsp/\libhal_bsp.a(alt_irq_entry.o)
 *(.exceptions.irqreturn.user)
 *(.exceptions.irqreturn)
 .exceptions.irqreturn
                0x0000000000800088        0x4 ../heart_beets_bsp/\libhal_bsp.a(alt_irq_entry.o)
 *(.exceptions.notirq.label)
 .exceptions.notirq.label
                0x000000000080008c        0x0 ../heart_beets_bsp/\libhal_bsp.a(alt_irq_entry.o)
 *(.exceptions.notirq.user)
 *(.exceptions.notirq)
 .exceptions.notirq
                0x000000000080008c        0x8 ../heart_beets_bsp/\libhal_bsp.a(alt_exception_entry.o)
 *(.exceptions.soft.user)
 *(.exceptions.soft)
 *(.exceptions.unknown.user)
 *(.exceptions.unknown)
 .exceptions.unknown
                0x0000000000800094       0x14 ../heart_beets_bsp/\libhal_bsp.a(alt_exception_entry.o)
 *(.exceptions.exit.label)
 .exceptions.exit.label
                0x00000000008000a8        0x0 ../heart_beets_bsp/\libhal_bsp.a(alt_irq_entry.o)
 .exceptions.exit.label
                0x00000000008000a8        0x0 ../heart_beets_bsp/\libhal_bsp.a(alt_exception_entry.o)
 *(.exceptions.exit.user)
 *(.exceptions.exit)
 .exceptions.exit
                0x00000000008000a8       0x54 ../heart_beets_bsp/\libhal_bsp.a(alt_exception_entry.o)
 *(.exceptions)
 .exceptions    0x00000000008000fc       0xd4 ../heart_beets_bsp/\libhal_bsp.a(alt_irq_handler.o)
                0x00000000008000fc                alt_irq_handler
 .exceptions    0x00000000008001d0       0x74 ../heart_beets_bsp/\libhal_bsp.a(alt_instruction_exception_entry.o)
                0x00000000008001d0                alt_instruction_exception_entry
                0x0000000000800244                PROVIDE (__ram_exceptions_end, ABSOLUTE (.))
                0x0000000000800020                PROVIDE (__flash_exceptions_start, LOADADDR (.exceptions))

.text           0x0000000000800244     0x9c0c
                [!provide]                        PROVIDE (stext, ABSOLUTE (.))
 *(.interp)
 *(.hash)
 *(.dynsym)
 *(.dynstr)
 *(.gnu.version)
 *(.gnu.version_d)
 *(.gnu.version_r)
 *(.rel.init)
 *(.rela.init)
 *(.rel.text .rel.text.* .rel.gnu.linkonce.t.*)
 *(.rela.text .rela.text.* .rela.gnu.linkonce.t.*)
 *(.rel.fini)
 *(.rela.fini)
 *(.rel.rodata .rel.rodata.* .rel.gnu.linkonce.r.*)
 *(.rela.rodata .rela.rodata.* .rela.gnu.linkonce.r.*)
 *(.rel.data .rel.data.* .rel.gnu.linkonce.d.*)
 *(.rela.data .rela.data.* .rela.gnu.linkonce.d.*)
 *(.rel.tdata .rel.tdata.* .rel.gnu.linkonce.td.*)
 *(.rela.tdata .rela.tdata.* .rela.gnu.linkonce.td.*)
 *(.rel.tbss .rel.tbss.* .rel.gnu.linkonce.tb.*)
 *(.rela.tbss .rela.tbss.* .rela.gnu.linkonce.tb.*)
 *(.rel.ctors)
 *(.rela.ctors)
 *(.rel.dtors)
 *(.rela.dtors)
 *(.rel.got)
 *(.rela.got)
 *(.rel.sdata .rel.sdata.* .rel.gnu.linkonce.s.*)
 *(.rela.sdata .rela.sdata.* .rela.gnu.linkonce.s.*)
 *(.rel.sbss .rel.sbss.* .rel.gnu.linkonce.sb.*)
 *(.rela.sbss .rela.sbss.* .rela.gnu.linkonce.sb.*)
 *(.rel.sdata2 .rel.sdata2.* .rel.gnu.linkonce.s2.*)
 *(.rela.sdata2 .rela.sdata2.* .rela.gnu.linkonce.s2.*)
 *(.rel.sbss2 .rel.sbss2.* .rel.gnu.linkonce.sb2.*)
 *(.rela.sbss2 .rela.sbss2.* .rela.gnu.linkonce.sb2.*)
 *(.rel.bss .rel.bss.* .rel.gnu.linkonce.b.*)
 *(.rela.bss .rela.bss.* .rela.gnu.linkonce.b.*)
 *(.rel.plt)
 *(.rela.plt)
 *(.rel.dyn)
 *(.init)
 *(.plt)
 *(.text .stub .text.* .gnu.linkonce.t.*)
 .text          0x0000000000800244       0x4c ../heart_beets_bsp//obj/HAL/src/crt0.o
                0x0000000000800244                _start
 .text          0x0000000000800290      0x69c obj/default/hello_world.o
                0x0000000000800290                Atrial_timer_ISR
                0x00000000008002b8                Ventricular_timer_ISR
                0x00000000008002e0                AVI_timer_ISR
                0x0000000000800320                PVARP_timer_ISR
                0x0000000000800360                VRP_timer_ISR
                0x00000000008003a0                AEI_timer_ISR
                0x00000000008003e0                LRI_timer_ISR
                0x0000000000800420                URI_timer_ISR
                0x0000000000800460                pollButtons
                0x0000000000800508                heartLEDs
                0x0000000000800658                startTimers
                0x00000000008008fc                main
 .text          0x000000000080092c     0x2638 obj/default/pacemaker.o
                0x000000000080092c                reset
                0x00000000008009d4                tick
 .text          0x0000000000802f64        0x0 c:/intelfpga/16.1/nios2eds/bin/gnu/h-x86_64-mingw32/bin/../lib/gcc/nios2-elf/5.3.0/../../../../../H-x86_64-mingw32/nios2-elf/lib\libc.a(lib_a-puts.o)
 .text._puts_r  0x0000000000802f64       0xc0 c:/intelfpga/16.1/nios2eds/bin/gnu/h-x86_64-mingw32/bin/../lib/gcc/nios2-elf/5.3.0/../../../../../H-x86_64-mingw32/nios2-elf/lib\libc.a(lib_a-puts.o)
                0x0000000000802f64                _puts_r
 .text.puts     0x0000000000803024       0x14 c:/intelfpga/16.1/nios2eds/bin/gnu/h-x86_64-mingw32/bin/../lib/gcc/nios2-elf/5.3.0/../../../../../H-x86_64-mingw32/nios2-elf/lib\libc.a(lib_a-puts.o)
                0x0000000000803024                puts
 .text          0x0000000000803038        0x0 c:/intelfpga/16.1/nios2eds/bin/gnu/h-x86_64-mingw32/bin/../lib/gcc/nios2-elf/5.3.0/../../../../../H-x86_64-mingw32/nios2-elf/lib\libc.a(lib_a-strlen.o)
 .text.strlen   0x0000000000803038       0x98 c:/intelfpga/16.1/nios2eds/bin/gnu/h-x86_64-mingw32/bin/../lib/gcc/nios2-elf/5.3.0/../../../../../H-x86_64-mingw32/nios2-elf/lib\libc.a(lib_a-strlen.o)
                0x0000000000803038                strlen
 .text          0x00000000008030d0        0x0 c:/intelfpga/16.1/nios2eds/bin/gnu/h-x86_64-mingw32/bin/../lib/gcc/nios2-elf/5.3.0/../../../../../H-x86_64-mingw32/nios2-elf/lib\libc.a(lib_a-findfp.o)
 .text.__fp_unlock
                0x00000000008030d0        0x8 c:/intelfpga/16.1/nios2eds/bin/gnu/h-x86_64-mingw32/bin/../lib/gcc/nios2-elf/5.3.0/../../../../../H-x86_64-mingw32/nios2-elf/lib\libc.a(lib_a-findfp.o)
 .text._cleanup_r
                0x00000000008030d8        0xc c:/intelfpga/16.1/nios2eds/bin/gnu/h-x86_64-mingw32/bin/../lib/gcc/nios2-elf/5.3.0/../../../../../H-x86_64-mingw32/nios2-elf/lib\libc.a(lib_a-findfp.o)
                0x00000000008030d8                _cleanup_r
 .text.__sinit.part.1
                0x00000000008030e4      0x19c c:/intelfpga/16.1/nios2eds/bin/gnu/h-x86_64-mingw32/bin/../lib/gcc/nios2-elf/5.3.0/../../../../../H-x86_64-mingw32/nios2-elf/lib\libc.a(lib_a-findfp.o)
 .text.__fp_lock
                0x0000000000803280        0x8 c:/intelfpga/16.1/nios2eds/bin/gnu/h-x86_64-mingw32/bin/../lib/gcc/nios2-elf/5.3.0/../../../../../H-x86_64-mingw32/nios2-elf/lib\libc.a(lib_a-findfp.o)
 .text.__sfmoreglue
                0x0000000000803288       0x68 c:/intelfpga/16.1/nios2eds/bin/gnu/h-x86_64-mingw32/bin/../lib/gcc/nios2-elf/5.3.0/../../../../../H-x86_64-mingw32/nios2-elf/lib\libc.a(lib_a-findfp.o)
                0x0000000000803288                __sfmoreglue
 .text.__sfp    0x00000000008032f0      0x118 c:/intelfpga/16.1/nios2eds/bin/gnu/h-x86_64-mingw32/bin/../lib/gcc/nios2-elf/5.3.0/../../../../../H-x86_64-mingw32/nios2-elf/lib\libc.a(lib_a-findfp.o)
                0x00000000008032f0                __sfp
 .text._cleanup
                0x0000000000803408       0x18 c:/intelfpga/16.1/nios2eds/bin/gnu/h-x86_64-mingw32/bin/../lib/gcc/nios2-elf/5.3.0/../../../../../H-x86_64-mingw32/nios2-elf/lib\libc.a(lib_a-findfp.o)
                0x0000000000803408                _cleanup
 .text.__sinit  0x0000000000803420       0x10 c:/intelfpga/16.1/nios2eds/bin/gnu/h-x86_64-mingw32/bin/../lib/gcc/nios2-elf/5.3.0/../../../../../H-x86_64-mingw32/nios2-elf/lib\libc.a(lib_a-findfp.o)
                0x0000000000803420                __sinit
 .text.__sfp_lock_acquire
                0x0000000000803430        0x4 c:/intelfpga/16.1/nios2eds/bin/gnu/h-x86_64-mingw32/bin/../lib/gcc/nios2-elf/5.3.0/../../../../../H-x86_64-mingw32/nios2-elf/lib\libc.a(lib_a-findfp.o)
                0x0000000000803430                __sfp_lock_acquire
 .text.__sfp_lock_release
                0x0000000000803434        0x4 c:/intelfpga/16.1/nios2eds/bin/gnu/h-x86_64-mingw32/bin/../lib/gcc/nios2-elf/5.3.0/../../../../../H-x86_64-mingw32/nios2-elf/lib\libc.a(lib_a-findfp.o)
                0x0000000000803434                __sfp_lock_release
 .text.__sinit_lock_acquire
                0x0000000000803438        0x4 c:/intelfpga/16.1/nios2eds/bin/gnu/h-x86_64-mingw32/bin/../lib/gcc/nios2-elf/5.3.0/../../../../../H-x86_64-mingw32/nios2-elf/lib\libc.a(lib_a-findfp.o)
                0x0000000000803438                __sinit_lock_acquire
 .text.__sinit_lock_release
                0x000000000080343c        0x4 c:/intelfpga/16.1/nios2eds/bin/gnu/h-x86_64-mingw32/bin/../lib/gcc/nios2-elf/5.3.0/../../../../../H-x86_64-mingw32/nios2-elf/lib\libc.a(lib_a-findfp.o)
                0x000000000080343c                __sinit_lock_release
 .text.__fp_lock_all
                0x0000000000803440       0x18 c:/intelfpga/16.1/nios2eds/bin/gnu/h-x86_64-mingw32/bin/../lib/gcc/nios2-elf/5.3.0/../../../../../H-x86_64-mingw32/nios2-elf/lib\libc.a(lib_a-findfp.o)
                0x0000000000803440                __fp_lock_all
 .text.__fp_unlock_all
                0x0000000000803458       0x18 c:/intelfpga/16.1/nios2eds/bin/gnu/h-x86_64-mingw32/bin/../lib/gcc/nios2-elf/5.3.0/../../../../../H-x86_64-mingw32/nios2-elf/lib\libc.a(lib_a-findfp.o)
                0x0000000000803458                __fp_unlock_all
 .text          0x0000000000803470        0x0 c:/intelfpga/16.1/nios2eds/bin/gnu/h-x86_64-mingw32/bin/../lib/gcc/nios2-elf/5.3.0/../../../../../H-x86_64-mingw32/nios2-elf/lib\libc.a(lib_a-fvwrite.o)
 .text.__sfvwrite_r
                0x0000000000803470      0x4bc c:/intelfpga/16.1/nios2eds/bin/gnu/h-x86_64-mingw32/bin/../lib/gcc/nios2-elf/5.3.0/../../../../../H-x86_64-mingw32/nios2-elf/lib\libc.a(lib_a-fvwrite.o)
                0x0000000000803470                __sfvwrite_r
 .text          0x000000000080392c        0x0 c:/intelfpga/16.1/nios2eds/bin/gnu/h-x86_64-mingw32/bin/../lib/gcc/nios2-elf/5.3.0/../../../../../H-x86_64-mingw32/nios2-elf/lib\libc.a(lib_a-fwalk.o)
 .text._fwalk   0x000000000080392c       0xc4 c:/intelfpga/16.1/nios2eds/bin/gnu/h-x86_64-mingw32/bin/../lib/gcc/nios2-elf/5.3.0/../../../../../H-x86_64-mingw32/nios2-elf/lib\libc.a(lib_a-fwalk.o)
                0x000000000080392c                _fwalk
 .text._fwalk_reent
                0x00000000008039f0       0xc4 c:/intelfpga/16.1/nios2eds/bin/gnu/h-x86_64-mingw32/bin/../lib/gcc/nios2-elf/5.3.0/../../../../../H-x86_64-mingw32/nios2-elf/lib\libc.a(lib_a-fwalk.o)
                0x00000000008039f0                _fwalk_reent
 .text          0x0000000000803ab4        0x0 c:/intelfpga/16.1/nios2eds/bin/gnu/h-x86_64-mingw32/bin/../lib/gcc/nios2-elf/5.3.0/../../../../../H-x86_64-mingw32/nios2-elf/lib\libc.a(lib_a-impure.o)
 .text          0x0000000000803ab4        0x0 c:/intelfpga/16.1/nios2eds/bin/gnu/h-x86_64-mingw32/bin/../lib/gcc/nios2-elf/5.3.0/../../../../../H-x86_64-mingw32/nios2-elf/lib\libc.a(lib_a-mallocr.o)
 .text._malloc_r
                0x0000000000803ab4      0x80c c:/intelfpga/16.1/nios2eds/bin/gnu/h-x86_64-mingw32/bin/../lib/gcc/nios2-elf/5.3.0/../../../../../H-x86_64-mingw32/nios2-elf/lib\libc.a(lib_a-mallocr.o)
                0x0000000000803ab4                _malloc_r
 .text          0x00000000008042c0        0x0 c:/intelfpga/16.1/nios2eds/bin/gnu/h-x86_64-mingw32/bin/../lib/gcc/nios2-elf/5.3.0/../../../../../H-x86_64-mingw32/nios2-elf/lib\libc.a(lib_a-memchr.o)
 .text.memchr   0x00000000008042c0       0xe4 c:/intelfpga/16.1/nios2eds/bin/gnu/h-x86_64-mingw32/bin/../lib/gcc/nios2-elf/5.3.0/../../../../../H-x86_64-mingw32/nios2-elf/lib\libc.a(lib_a-memchr.o)
                0x00000000008042c0                memchr
 .text          0x00000000008043a4        0x0 c:/intelfpga/16.1/nios2eds/bin/gnu/h-x86_64-mingw32/bin/../lib/gcc/nios2-elf/5.3.0/../../../../../H-x86_64-mingw32/nios2-elf/lib\libc.a(lib_a-memcpy.o)
 .text.memcpy   0x00000000008043a4      0x148 c:/intelfpga/16.1/nios2eds/bin/gnu/h-x86_64-mingw32/bin/../lib/gcc/nios2-elf/5.3.0/../../../../../H-x86_64-mingw32/nios2-elf/lib\libc.a(lib_a-memcpy.o)
                0x00000000008043a4                memcpy
 .text          0x00000000008044ec        0x0 c:/intelfpga/16.1/nios2eds/bin/gnu/h-x86_64-mingw32/bin/../lib/gcc/nios2-elf/5.3.0/../../../../../H-x86_64-mingw32/nios2-elf/lib\libc.a(lib_a-memmove.o)
 .text.memmove  0x00000000008044ec      0x15c c:/intelfpga/16.1/nios2eds/bin/gnu/h-x86_64-mingw32/bin/../lib/gcc/nios2-elf/5.3.0/../../../../../H-x86_64-mingw32/nios2-elf/lib\libc.a(lib_a-memmove.o)
                0x00000000008044ec                memmove
 .text          0x0000000000804648        0x0 c:/intelfpga/16.1/nios2eds/bin/gnu/h-x86_64-mingw32/bin/../lib/gcc/nios2-elf/5.3.0/../../../../../H-x86_64-mingw32/nios2-elf/lib\libc.a(lib_a-memset.o)
 .text.memset   0x0000000000804648      0x128 c:/intelfpga/16.1/nios2eds/bin/gnu/h-x86_64-mingw32/bin/../lib/gcc/nios2-elf/5.3.0/../../../../../H-x86_64-mingw32/nios2-elf/lib\libc.a(lib_a-memset.o)
                0x0000000000804648                memset
 .text          0x0000000000804770        0x0 c:/intelfpga/16.1/nios2eds/bin/gnu/h-x86_64-mingw32/bin/../lib/gcc/nios2-elf/5.3.0/../../../../../H-x86_64-mingw32/nios2-elf/lib\libc.a(lib_a-reallocr.o)
 .text._realloc_r
                0x0000000000804770      0x564 c:/intelfpga/16.1/nios2eds/bin/gnu/h-x86_64-mingw32/bin/../lib/gcc/nios2-elf/5.3.0/../../../../../H-x86_64-mingw32/nios2-elf/lib\libc.a(lib_a-reallocr.o)
                0x0000000000804770                _realloc_r
 .text          0x0000000000804cd4        0x0 c:/intelfpga/16.1/nios2eds/bin/gnu/h-x86_64-mingw32/bin/../lib/gcc/nios2-elf/5.3.0/../../../../../H-x86_64-mingw32/nios2-elf/lib\libc.a(lib_a-sbrkr.o)
 .text._sbrk_r  0x0000000000804cd4       0x54 c:/intelfpga/16.1/nios2eds/bin/gnu/h-x86_64-mingw32/bin/../lib/gcc/nios2-elf/5.3.0/../../../../../H-x86_64-mingw32/nios2-elf/lib\libc.a(lib_a-sbrkr.o)
                0x0000000000804cd4                _sbrk_r
 .text          0x0000000000804d28        0x0 c:/intelfpga/16.1/nios2eds/bin/gnu/h-x86_64-mingw32/bin/../lib/gcc/nios2-elf/5.3.0/../../../../../H-x86_64-mingw32/nios2-elf/lib\libc.a(lib_a-stdio.o)
 .text.__sread  0x0000000000804d28       0x54 c:/intelfpga/16.1/nios2eds/bin/gnu/h-x86_64-mingw32/bin/../lib/gcc/nios2-elf/5.3.0/../../../../../H-x86_64-mingw32/nios2-elf/lib\libc.a(lib_a-stdio.o)
                0x0000000000804d28                __sread
 .text.__seofread
                0x0000000000804d7c        0x8 c:/intelfpga/16.1/nios2eds/bin/gnu/h-x86_64-mingw32/bin/../lib/gcc/nios2-elf/5.3.0/../../../../../H-x86_64-mingw32/nios2-elf/lib\libc.a(lib_a-stdio.o)
                0x0000000000804d7c                __seofread
 .text.__swrite
                0x0000000000804d84       0x7c c:/intelfpga/16.1/nios2eds/bin/gnu/h-x86_64-mingw32/bin/../lib/gcc/nios2-elf/5.3.0/../../../../../H-x86_64-mingw32/nios2-elf/lib\libc.a(lib_a-stdio.o)
                0x0000000000804d84                __swrite
 .text.__sseek  0x0000000000804e00       0x5c c:/intelfpga/16.1/nios2eds/bin/gnu/h-x86_64-mingw32/bin/../lib/gcc/nios2-elf/5.3.0/../../../../../H-x86_64-mingw32/nios2-elf/lib\libc.a(lib_a-stdio.o)
                0x0000000000804e00                __sseek
 .text.__sclose
                0x0000000000804e5c        0x8 c:/intelfpga/16.1/nios2eds/bin/gnu/h-x86_64-mingw32/bin/../lib/gcc/nios2-elf/5.3.0/../../../../../H-x86_64-mingw32/nios2-elf/lib\libc.a(lib_a-stdio.o)
                0x0000000000804e5c                __sclose
 .text          0x0000000000804e64        0x0 c:/intelfpga/16.1/nios2eds/bin/gnu/h-x86_64-mingw32/bin/../lib/gcc/nios2-elf/5.3.0/../../../../../H-x86_64-mingw32/nios2-elf/lib\libc.a(lib_a-writer.o)
 .text._write_r
                0x0000000000804e64       0x60 c:/intelfpga/16.1/nios2eds/bin/gnu/h-x86_64-mingw32/bin/../lib/gcc/nios2-elf/5.3.0/../../../../../H-x86_64-mingw32/nios2-elf/lib\libc.a(lib_a-writer.o)
                0x0000000000804e64                _write_r
 .text          0x0000000000804ec4        0x0 c:/intelfpga/16.1/nios2eds/bin/gnu/h-x86_64-mingw32/bin/../lib/gcc/nios2-elf/5.3.0/../../../../../H-x86_64-mingw32/nios2-elf/lib\libc.a(lib_a-wsetup.o)
 .text.__swsetup_r
                0x0000000000804ec4      0x154 c:/intelfpga/16.1/nios2eds/bin/gnu/h-x86_64-mingw32/bin/../lib/gcc/nios2-elf/5.3.0/../../../../../H-x86_64-mingw32/nios2-elf/lib\libc.a(lib_a-wsetup.o)
                0x0000000000804ec4                __swsetup_r
 .text          0x0000000000805018        0x0 c:/intelfpga/16.1/nios2eds/bin/gnu/h-x86_64-mingw32/bin/../lib/gcc/nios2-elf/5.3.0/../../../../../H-x86_64-mingw32/nios2-elf/lib\libc.a(closer.o)
 .text._close_r
                0x0000000000805018       0x54 c:/intelfpga/16.1/nios2eds/bin/gnu/h-x86_64-mingw32/bin/../lib/gcc/nios2-elf/5.3.0/../../../../../H-x86_64-mingw32/nios2-elf/lib\libc.a(closer.o)
                0x0000000000805018                _close_r
 .text          0x000000000080506c        0x0 c:/intelfpga/16.1/nios2eds/bin/gnu/h-x86_64-mingw32/bin/../lib/gcc/nios2-elf/5.3.0/../../../../../H-x86_64-mingw32/nios2-elf/lib\libc.a(lib_a-fclose.o)
 .text._fclose_r
                0x000000000080506c       0xf0 c:/intelfpga/16.1/nios2eds/bin/gnu/h-x86_64-mingw32/bin/../lib/gcc/nios2-elf/5.3.0/../../../../../H-x86_64-mingw32/nios2-elf/lib\libc.a(lib_a-fclose.o)
                0x000000000080506c                _fclose_r
 .text.fclose   0x000000000080515c       0x14 c:/intelfpga/16.1/nios2eds/bin/gnu/h-x86_64-mingw32/bin/../lib/gcc/nios2-elf/5.3.0/../../../../../H-x86_64-mingw32/nios2-elf/lib\libc.a(lib_a-fclose.o)
                0x000000000080515c                fclose
 .text          0x0000000000805170        0x0 c:/intelfpga/16.1/nios2eds/bin/gnu/h-x86_64-mingw32/bin/../lib/gcc/nios2-elf/5.3.0/../../../../../H-x86_64-mingw32/nios2-elf/lib\libc.a(lib_a-fflush.o)
 .text.__sflush_r
                0x0000000000805170      0x21c c:/intelfpga/16.1/nios2eds/bin/gnu/h-x86_64-mingw32/bin/../lib/gcc/nios2-elf/5.3.0/../../../../../H-x86_64-mingw32/nios2-elf/lib\libc.a(lib_a-fflush.o)
                0x0000000000805170                __sflush_r
 .text._fflush_r
                0x000000000080538c       0x5c c:/intelfpga/16.1/nios2eds/bin/gnu/h-x86_64-mingw32/bin/../lib/gcc/nios2-elf/5.3.0/../../../../../H-x86_64-mingw32/nios2-elf/lib\libc.a(lib_a-fflush.o)
                0x000000000080538c                _fflush_r
 .text.fflush   0x00000000008053e8       0x30 c:/intelfpga/16.1/nios2eds/bin/gnu/h-x86_64-mingw32/bin/../lib/gcc/nios2-elf/5.3.0/../../../../../H-x86_64-mingw32/nios2-elf/lib\libc.a(lib_a-fflush.o)
                0x00000000008053e8                fflush
 .text          0x0000000000805418        0x0 c:/intelfpga/16.1/nios2eds/bin/gnu/h-x86_64-mingw32/bin/../lib/gcc/nios2-elf/5.3.0/../../../../../H-x86_64-mingw32/nios2-elf/lib\libc.a(lib_a-freer.o)
 .text._malloc_trim_r
                0x0000000000805418      0x124 c:/intelfpga/16.1/nios2eds/bin/gnu/h-x86_64-mingw32/bin/../lib/gcc/nios2-elf/5.3.0/../../../../../H-x86_64-mingw32/nios2-elf/lib\libc.a(lib_a-freer.o)
                0x0000000000805418                _malloc_trim_r
 .text._free_r  0x000000000080553c      0x310 c:/intelfpga/16.1/nios2eds/bin/gnu/h-x86_64-mingw32/bin/../lib/gcc/nios2-elf/5.3.0/../../../../../H-x86_64-mingw32/nios2-elf/lib\libc.a(lib_a-freer.o)
                0x000000000080553c                _free_r
 .text          0x000000000080584c        0x0 c:/intelfpga/16.1/nios2eds/bin/gnu/h-x86_64-mingw32/bin/../lib/gcc/nios2-elf/5.3.0/../../../../../H-x86_64-mingw32/nios2-elf/lib\libc.a(lib_a-int_errno.o)
 .text          0x000000000080584c        0x0 c:/intelfpga/16.1/nios2eds/bin/gnu/h-x86_64-mingw32/bin/../lib/gcc/nios2-elf/5.3.0/../../../../../H-x86_64-mingw32/nios2-elf/lib\libc.a(lib_a-lseekr.o)
 .text._lseek_r
                0x000000000080584c       0x60 c:/intelfpga/16.1/nios2eds/bin/gnu/h-x86_64-mingw32/bin/../lib/gcc/nios2-elf/5.3.0/../../../../../H-x86_64-mingw32/nios2-elf/lib\libc.a(lib_a-lseekr.o)
                0x000000000080584c                _lseek_r
 .text          0x00000000008058ac        0x0 c:/intelfpga/16.1/nios2eds/bin/gnu/h-x86_64-mingw32/bin/../lib/gcc/nios2-elf/5.3.0/../../../../../H-x86_64-mingw32/nios2-elf/lib\libc.a(lib_a-makebuf.o)
 .text.__smakebuf_r
                0x00000000008058ac      0x1bc c:/intelfpga/16.1/nios2eds/bin/gnu/h-x86_64-mingw32/bin/../lib/gcc/nios2-elf/5.3.0/../../../../../H-x86_64-mingw32/nios2-elf/lib\libc.a(lib_a-makebuf.o)
                0x00000000008058ac                __smakebuf_r
 .text          0x0000000000805a68        0x0 c:/intelfpga/16.1/nios2eds/bin/gnu/h-x86_64-mingw32/bin/../lib/gcc/nios2-elf/5.3.0/../../../../../H-x86_64-mingw32/nios2-elf/lib\libc.a(lib_a-readr.o)
 .text._read_r  0x0000000000805a68       0x60 c:/intelfpga/16.1/nios2eds/bin/gnu/h-x86_64-mingw32/bin/../lib/gcc/nios2-elf/5.3.0/../../../../../H-x86_64-mingw32/nios2-elf/lib\libc.a(lib_a-readr.o)
                0x0000000000805a68                _read_r
 .text          0x0000000000805ac8        0x0 c:/intelfpga/16.1/nios2eds/bin/gnu/h-x86_64-mingw32/bin/../lib/gcc/nios2-elf/5.3.0/../../../../../H-x86_64-mingw32/nios2-elf/lib\libc.a(lib_a-fstatr.o)
 .text._fstat_r
                0x0000000000805ac8       0x5c c:/intelfpga/16.1/nios2eds/bin/gnu/h-x86_64-mingw32/bin/../lib/gcc/nios2-elf/5.3.0/../../../../../H-x86_64-mingw32/nios2-elf/lib\libc.a(lib_a-fstatr.o)
                0x0000000000805ac8                _fstat_r
 .text          0x0000000000805b24        0x0 c:/intelfpga/16.1/nios2eds/bin/gnu/h-x86_64-mingw32/bin/../lib/gcc/nios2-elf/5.3.0/../../../../../H-x86_64-mingw32/nios2-elf/lib\libc.a(lib_a-isattyr.o)
 .text._isatty_r
                0x0000000000805b24       0x54 c:/intelfpga/16.1/nios2eds/bin/gnu/h-x86_64-mingw32/bin/../lib/gcc/nios2-elf/5.3.0/../../../../../H-x86_64-mingw32/nios2-elf/lib\libc.a(lib_a-isattyr.o)
                0x0000000000805b24                _isatty_r
 .text          0x0000000000805b78      0x1b4 c:/intelfpga/16.1/nios2eds/bin/gnu/h-x86_64-mingw32/bin/../lib/gcc/nios2-elf/5.3.0\libgcc.a(lib2-divmod.o)
                0x0000000000805b78                __divsi3
                0x0000000000805bfc                __modsi3
                0x0000000000805c70                __udivsi3
                0x0000000000805cd4                __umodsi3
 .text          0x0000000000805d2c      0x12c ../heart_beets_bsp/\libhal_bsp.a(alt_alarm_start.o)
                0x0000000000805d2c                alt_alarm_start
 .text          0x0000000000805e58      0x10c ../heart_beets_bsp/\libhal_bsp.a(alt_close.o)
                0x0000000000805e94                close
 .text          0x0000000000805f64       0x2c ../heart_beets_bsp/\libhal_bsp.a(alt_dev.o)
 .text          0x0000000000805f90        0x0 ../heart_beets_bsp/\libhal_bsp.a(alt_errno.o)
 .text          0x0000000000805f90       0xec ../heart_beets_bsp/\libhal_bsp.a(alt_fstat.o)
                0x0000000000805fcc                fstat
 .text          0x000000000080607c       0xe0 ../heart_beets_bsp/\libhal_bsp.a(alt_isatty.o)
                0x00000000008060b8                isatty
 .text          0x000000000080615c       0xec ../heart_beets_bsp/\libhal_bsp.a(alt_load.o)
                0x00000000008061c4                alt_load
 .text          0x0000000000806248      0x110 ../heart_beets_bsp/\libhal_bsp.a(alt_lseek.o)
                0x0000000000806284                lseek
 .text          0x0000000000806358       0x7c ../heart_beets_bsp/\libhal_bsp.a(alt_main.o)
                0x0000000000806358                alt_main
 .text          0x00000000008063d4       0x48 ../heart_beets_bsp/\libhal_bsp.a(alt_malloc_lock.o)
                0x00000000008063d4                __malloc_lock
                0x00000000008063f8                __malloc_unlock
 .text          0x000000000080641c      0x138 ../heart_beets_bsp/\libhal_bsp.a(alt_read.o)
                0x0000000000806458                read
 .text          0x0000000000806554       0x64 ../heart_beets_bsp/\libhal_bsp.a(alt_release_fd.o)
                0x0000000000806554                alt_release_fd
 .text          0x00000000008065b8       0xb0 ../heart_beets_bsp/\libhal_bsp.a(alt_sbrk.o)
                0x00000000008065b8                sbrk
 .text          0x0000000000806668      0x1a4 ../heart_beets_bsp/\libhal_bsp.a(alt_tick.o)
                0x0000000000806668                alt_alarm_stop
                0x0000000000806704                alt_tick
 .text          0x000000000080680c      0x134 ../heart_beets_bsp/\libhal_bsp.a(alt_write.o)
                0x0000000000806848                write
 .text          0x0000000000806940      0x108 ../heart_beets_bsp/\libhal_bsp.a(alt_sys_init.o)
                0x0000000000806974                alt_irq_init
                0x00000000008069ac                alt_sys_init
 .text          0x0000000000806a48      0x164 ../heart_beets_bsp/\libhal_bsp.a(altera_avalon_jtag_uart_fd.o)
                0x0000000000806a48                altera_avalon_jtag_uart_read_fd
                0x0000000000806aa8                altera_avalon_jtag_uart_write_fd
                0x0000000000806b08                altera_avalon_jtag_uart_close_fd
                0x0000000000806b58                altera_avalon_jtag_uart_ioctl_fd
 .text          0x0000000000806bac      0x3d4 ../heart_beets_bsp/\libhal_bsp.a(altera_avalon_jtag_uart_init.o)
                0x0000000000806bac                altera_avalon_jtag_uart_init
                0x0000000000806f18                altera_avalon_jtag_uart_close
 .text          0x0000000000806f80       0xf0 ../heart_beets_bsp/\libhal_bsp.a(altera_avalon_jtag_uart_ioctl.o)
                0x0000000000806f80                altera_avalon_jtag_uart_ioctl
 .text          0x0000000000807070      0x21c ../heart_beets_bsp/\libhal_bsp.a(altera_avalon_jtag_uart_read.o)
                0x0000000000807070                altera_avalon_jtag_uart_read
 .text          0x000000000080728c      0x224 ../heart_beets_bsp/\libhal_bsp.a(altera_avalon_jtag_uart_write.o)
                0x000000000080728c                altera_avalon_jtag_uart_write
 .text          0x00000000008074b0      0xe7c ../heart_beets_bsp/\libhal_bsp.a(altera_avalon_lcd_16207.o)
                0x0000000000807c74                altera_avalon_lcd_16207_write
                0x00000000008081f8                altera_avalon_lcd_16207_init
 .text          0x000000000080832c       0x60 ../heart_beets_bsp/\libhal_bsp.a(altera_avalon_lcd_16207_fd.o)
                0x000000000080832c                altera_avalon_lcd_16207_write_fd
 .text          0x000000000080838c       0xf4 ../heart_beets_bsp/\libhal_bsp.a(altera_avalon_timer_sc.o)
                0x0000000000808404                alt_avalon_timer_sc_init
 .text          0x0000000000808480      0x110 ../heart_beets_bsp/\libhal_bsp.a(altera_avalon_uart_fd.o)
                0x0000000000808480                altera_avalon_uart_read_fd
                0x00000000008084e0                altera_avalon_uart_write_fd
                0x0000000000808540                altera_avalon_uart_close_fd
 .text          0x0000000000808590      0x3c8 ../heart_beets_bsp/\libhal_bsp.a(altera_avalon_uart_init.o)
                0x0000000000808590                altera_avalon_uart_init
                0x0000000000808904                altera_avalon_uart_close
 .text          0x0000000000808958      0x218 ../heart_beets_bsp/\libhal_bsp.a(altera_avalon_uart_read.o)
                0x0000000000808994                altera_avalon_uart_read
 .text          0x0000000000808b70      0x1e8 ../heart_beets_bsp/\libhal_bsp.a(altera_avalon_uart_write.o)
                0x0000000000808bac                altera_avalon_uart_write
 .text          0x0000000000808d58       0x48 ../heart_beets_bsp/\libhal_bsp.a(alt_dcache_flush_all.o)
                0x0000000000808d58                alt_dcache_flush_all
 .text          0x0000000000808da0       0xe0 ../heart_beets_bsp/\libhal_bsp.a(alt_dev_llist_insert.o)
                0x0000000000808ddc                alt_dev_llist_insert
 .text          0x0000000000808e80       0x60 ../heart_beets_bsp/\libhal_bsp.a(alt_do_ctors.o)
                0x0000000000808e80                _do_ctors
 .text          0x0000000000808ee0       0x60 ../heart_beets_bsp/\libhal_bsp.a(alt_do_dtors.o)
                0x0000000000808ee0                _do_dtors
 .text          0x0000000000808f40       0x34 ../heart_beets_bsp/\libhal_bsp.a(alt_icache_flush_all.o)
                0x0000000000808f40                alt_icache_flush_all
 .text          0x0000000000808f74      0x1b0 ../heart_beets_bsp/\libhal_bsp.a(alt_iic.o)
                0x0000000000808f74                alt_ic_isr_register
                0x0000000000808fc4                alt_ic_irq_enable
                0x000000000080904c                alt_ic_irq_disable
                0x00000000008090d8                alt_ic_irq_enabled
 .text          0x0000000000809124       0xf0 ../heart_beets_bsp/\libhal_bsp.a(alt_iic_isr_register.o)
                0x0000000000809124                alt_iic_isr_register
 .text          0x0000000000809214      0x140 ../heart_beets_bsp/\libhal_bsp.a(alt_io_redirect.o)
                0x00000000008092d8                alt_io_redirect
 .text          0x0000000000809354        0x0 ../heart_beets_bsp/\libhal_bsp.a(alt_irq_entry.o)
 .text          0x0000000000809354        0x0 ../heart_beets_bsp/\libhal_bsp.a(alt_irq_handler.o)
 .text          0x0000000000809354        0x0 ../heart_beets_bsp/\libhal_bsp.a(alt_irq_vars.o)
 .text          0x0000000000809354      0x254 ../heart_beets_bsp/\libhal_bsp.a(alt_open.o)
                0x0000000000809454                open
 .text          0x00000000008095a8       0x30 ../heart_beets_bsp/\libhal_bsp.a(alt_usleep.o)
                0x00000000008095a8                usleep
 .text          0x00000000008095d8       0x24 ../heart_beets_bsp/\libhal_bsp.a(altera_nios2_gen2_irq.o)
                0x00000000008095d8                altera_nios2_gen2_irq_init
 .text          0x00000000008095fc      0x158 ../heart_beets_bsp/\libhal_bsp.a(alt_busy_sleep.o)
                0x00000000008095fc                alt_busy_sleep
 .text          0x0000000000809754        0x0 ../heart_beets_bsp/\libhal_bsp.a(alt_exception_entry.o)
 .text          0x0000000000809754       0x90 ../heart_beets_bsp/\libhal_bsp.a(alt_find_dev.o)
                0x0000000000809754                alt_find_dev
 .text          0x00000000008097e4      0x108 ../heart_beets_bsp/\libhal_bsp.a(alt_find_file.o)
                0x00000000008097e4                alt_find_file
 .text          0x00000000008098ec       0xa4 ../heart_beets_bsp/\libhal_bsp.a(alt_get_fd.o)
                0x00000000008098ec                alt_get_fd
 .text          0x0000000000809990       0x90 ../heart_beets_bsp/\libhal_bsp.a(alt_icache_flush.o)
                0x0000000000809990                alt_icache_flush
 .text          0x0000000000809a20       0x9c ../heart_beets_bsp/\libhal_bsp.a(alt_instruction_exception_entry.o)
                0x0000000000809a20                alt_exception_cause_generated_bad_addr
 .text          0x0000000000809abc        0x0 c:/intelfpga/16.1/nios2eds/bin/gnu/h-x86_64-mingw32/bin/../lib/gcc/nios2-elf/5.3.0/../../../../../H-x86_64-mingw32/nios2-elf/lib\libc.a(lib_a-atexit.o)
 .text.atexit   0x0000000000809abc       0x14 c:/intelfpga/16.1/nios2eds/bin/gnu/h-x86_64-mingw32/bin/../lib/gcc/nios2-elf/5.3.0/../../../../../H-x86_64-mingw32/nios2-elf/lib\libc.a(lib_a-atexit.o)
                0x0000000000809abc                atexit
 .text          0x0000000000809ad0        0x0 c:/intelfpga/16.1/nios2eds/bin/gnu/h-x86_64-mingw32/bin/../lib/gcc/nios2-elf/5.3.0/../../../../../H-x86_64-mingw32/nios2-elf/lib\libc.a(lib_a-ctype_.o)
 .text          0x0000000000809ad0        0x0 c:/intelfpga/16.1/nios2eds/bin/gnu/h-x86_64-mingw32/bin/../lib/gcc/nios2-elf/5.3.0/../../../../../H-x86_64-mingw32/nios2-elf/lib\libc.a(lib_a-exit.o)
 .text.exit     0x0000000000809ad0       0x38 c:/intelfpga/16.1/nios2eds/bin/gnu/h-x86_64-mingw32/bin/../lib/gcc/nios2-elf/5.3.0/../../../../../H-x86_64-mingw32/nios2-elf/lib\libc.a(lib_a-exit.o)
                0x0000000000809ad0                exit
 .text          0x0000000000809b08        0x0 c:/intelfpga/16.1/nios2eds/bin/gnu/h-x86_64-mingw32/bin/../lib/gcc/nios2-elf/5.3.0/../../../../../H-x86_64-mingw32/nios2-elf/lib\libc.a(lib_a-memcmp.o)
 .text.memcmp   0x0000000000809b08       0x7c c:/intelfpga/16.1/nios2eds/bin/gnu/h-x86_64-mingw32/bin/../lib/gcc/nios2-elf/5.3.0/../../../../../H-x86_64-mingw32/nios2-elf/lib\libc.a(lib_a-memcmp.o)
                0x0000000000809b08                memcmp
 .text          0x0000000000809b84        0x0 c:/intelfpga/16.1/nios2eds/bin/gnu/h-x86_64-mingw32/bin/../lib/gcc/nios2-elf/5.3.0/../../../../../H-x86_64-mingw32/nios2-elf/lib\libc.a(lib_a-__atexit.o)
 .text.__register_exitproc
                0x0000000000809b84      0x118 c:/intelfpga/16.1/nios2eds/bin/gnu/h-x86_64-mingw32/bin/../lib/gcc/nios2-elf/5.3.0/../../../../../H-x86_64-mingw32/nios2-elf/lib\libc.a(lib_a-__atexit.o)
                0x0000000000809b84                __register_exitproc
 .text          0x0000000000809c9c        0x0 c:/intelfpga/16.1/nios2eds/bin/gnu/h-x86_64-mingw32/bin/../lib/gcc/nios2-elf/5.3.0/../../../../../H-x86_64-mingw32/nios2-elf/lib\libc.a(lib_a-__call_atexit.o)
 .text.__call_exitprocs
                0x0000000000809c9c      0x180 c:/intelfpga/16.1/nios2eds/bin/gnu/h-x86_64-mingw32/bin/../lib/gcc/nios2-elf/5.3.0/../../../../../H-x86_64-mingw32/nios2-elf/lib\libc.a(lib_a-__call_atexit.o)
                0x0000000000809c9c                __call_exitprocs
 .text          0x0000000000809e1c       0x34 ../heart_beets_bsp/\libhal_bsp.a(alt_exit.o)
                0x0000000000809e1c                _exit
 *(.gnu.warning.*)
 *(.fini)
                [!provide]                        PROVIDE (__etext, ABSOLUTE (.))
                [!provide]                        PROVIDE (_etext, ABSOLUTE (.))
                [!provide]                        PROVIDE (etext, ABSOLUTE (.))
 *(.eh_frame_hdr)
                0x0000000000809e50                . = ALIGN (0x4)
                [!provide]                        PROVIDE (__preinit_array_start, ABSOLUTE (.))
 *(.preinit_array)
                [!provide]                        PROVIDE (__preinit_array_end, ABSOLUTE (.))
                [!provide]                        PROVIDE (__init_array_start, ABSOLUTE (.))
 *(.init_array)
                [!provide]                        PROVIDE (__init_array_end, ABSOLUTE (.))
                [!provide]                        PROVIDE (__fini_array_start, ABSOLUTE (.))
 *(.fini_array)
                [!provide]                        PROVIDE (__fini_array_end, ABSOLUTE (.))
 *(.eh_frame)
 *(.gcc_except_table .gcc_except_table.*)
 *(.dynamic)
                0x0000000000809e50                PROVIDE (__CTOR_LIST__, ABSOLUTE (.))
 *(.ctors)
 *(SORT(.ctors.*))
                0x0000000000809e50                PROVIDE (__CTOR_END__, ABSOLUTE (.))
                0x0000000000809e50                PROVIDE (__DTOR_LIST__, ABSOLUTE (.))
 *(.dtors)
 *(SORT(.dtors.*))
                0x0000000000809e50                PROVIDE (__DTOR_END__, ABSOLUTE (.))
 *(.jcr)
                0x0000000000809e50                . = ALIGN (0x4)

.rodata         0x0000000000809e50      0x354
                0x0000000000809e50                PROVIDE (__ram_rodata_start, ABSOLUTE (.))
                0x0000000000809e50                . = ALIGN (0x4)
 *(.rodata .rodata.* .gnu.linkonce.r.*)
 .rodata        0x0000000000809e50       0x88 obj/default/hello_world.o
 .rodata.str1.4
                0x0000000000809ed8        0x2 c:/intelfpga/16.1/nios2eds/bin/gnu/h-x86_64-mingw32/bin/../lib/gcc/nios2-elf/5.3.0/../../../../../H-x86_64-mingw32/nios2-elf/lib\libc.a(lib_a-puts.o)
 *fill*         0x0000000000809eda        0x2 
 .rodata.str1.4
                0x0000000000809edc        0x4 c:/intelfpga/16.1/nios2eds/bin/gnu/h-x86_64-mingw32/bin/../lib/gcc/nios2-elf/5.3.0/../../../../../H-x86_64-mingw32/nios2-elf/lib\libc.a(lib_a-impure.o)
                                          0x2 (size before relaxing)
 .rodata        0x0000000000809ee0        0xa ../heart_beets_bsp/\libhal_bsp.a(alt_dev.o)
 *fill*         0x0000000000809eea        0x2 
 .rodata        0x0000000000809eec        0xf ../heart_beets_bsp/\libhal_bsp.a(alt_main.o)
 *fill*         0x0000000000809efb        0x1 
 .rodata        0x0000000000809efc       0x26 ../heart_beets_bsp/\libhal_bsp.a(alt_sys_init.o)
 .rodata._ctype_
                0x0000000000809f22      0x101 c:/intelfpga/16.1/nios2eds/bin/gnu/h-x86_64-mingw32/bin/../lib/gcc/nios2-elf/5.3.0/../../../../../H-x86_64-mingw32/nios2-elf/lib\libc.a(lib_a-ctype_.o)
                0x0000000000809f22                _ctype_
 .rodata._ctype_b
                0x000000000080a023      0x180 c:/intelfpga/16.1/nios2eds/bin/gnu/h-x86_64-mingw32/bin/../lib/gcc/nios2-elf/5.3.0/../../../../../H-x86_64-mingw32/nios2-elf/lib\libc.a(lib_a-ctype_.o)
 *(.rodata1)
                0x000000000080a1a4                . = ALIGN (0x4)
 *fill*         0x000000000080a1a3        0x1 
                0x000000000080a1a4                PROVIDE (__ram_rodata_end, ABSOLUTE (.))
                0x0000000000809e50                PROVIDE (__flash_rodata_start, LOADADDR (.rodata))

.rwdata         0x000000000080a1a4     0x1c58 load address 0x000000000080bdfc
                0x000000000080a1a4                PROVIDE (__ram_rwdata_start, ABSOLUTE (.))
                0x000000000080a1a4                . = ALIGN (0x4)
 *(.got.plt)
 *(.got)
 *(.data1)
 *(.data .data.* .gnu.linkonce.d.*)
 .data          0x000000000080a1a4        0x0 ../heart_beets_bsp//obj/HAL/src/crt0.o
 .data          0x000000000080a1a4        0x0 obj/default/hello_world.o
 .data          0x000000000080a1a4        0x0 obj/default/pacemaker.o
 .data          0x000000000080a1a4        0x0 c:/intelfpga/16.1/nios2eds/bin/gnu/h-x86_64-mingw32/bin/../lib/gcc/nios2-elf/5.3.0/../../../../../H-x86_64-mingw32/nios2-elf/lib\libc.a(lib_a-puts.o)
 .data          0x000000000080a1a4        0x0 c:/intelfpga/16.1/nios2eds/bin/gnu/h-x86_64-mingw32/bin/../lib/gcc/nios2-elf/5.3.0/../../../../../H-x86_64-mingw32/nios2-elf/lib\libc.a(lib_a-strlen.o)
 .data          0x000000000080a1a4        0x0 c:/intelfpga/16.1/nios2eds/bin/gnu/h-x86_64-mingw32/bin/../lib/gcc/nios2-elf/5.3.0/../../../../../H-x86_64-mingw32/nios2-elf/lib\libc.a(lib_a-findfp.o)
 .data          0x000000000080a1a4        0x0 c:/intelfpga/16.1/nios2eds/bin/gnu/h-x86_64-mingw32/bin/../lib/gcc/nios2-elf/5.3.0/../../../../../H-x86_64-mingw32/nios2-elf/lib\libc.a(lib_a-fvwrite.o)
 .data          0x000000000080a1a4        0x0 c:/intelfpga/16.1/nios2eds/bin/gnu/h-x86_64-mingw32/bin/../lib/gcc/nios2-elf/5.3.0/../../../../../H-x86_64-mingw32/nios2-elf/lib\libc.a(lib_a-fwalk.o)
 .data          0x000000000080a1a4        0x0 c:/intelfpga/16.1/nios2eds/bin/gnu/h-x86_64-mingw32/bin/../lib/gcc/nios2-elf/5.3.0/../../../../../H-x86_64-mingw32/nios2-elf/lib\libc.a(lib_a-impure.o)
 .data.impure_data
                0x000000000080a1a4      0x424 c:/intelfpga/16.1/nios2eds/bin/gnu/h-x86_64-mingw32/bin/../lib/gcc/nios2-elf/5.3.0/../../../../../H-x86_64-mingw32/nios2-elf/lib\libc.a(lib_a-impure.o)
 .data          0x000000000080a5c8        0x0 c:/intelfpga/16.1/nios2eds/bin/gnu/h-x86_64-mingw32/bin/../lib/gcc/nios2-elf/5.3.0/../../../../../H-x86_64-mingw32/nios2-elf/lib\libc.a(lib_a-mallocr.o)
 .data.__malloc_av_
                0x000000000080a5c8      0x408 c:/intelfpga/16.1/nios2eds/bin/gnu/h-x86_64-mingw32/bin/../lib/gcc/nios2-elf/5.3.0/../../../../../H-x86_64-mingw32/nios2-elf/lib\libc.a(lib_a-mallocr.o)
                0x000000000080a5c8                __malloc_av_
 .data          0x000000000080a9d0        0x0 c:/intelfpga/16.1/nios2eds/bin/gnu/h-x86_64-mingw32/bin/../lib/gcc/nios2-elf/5.3.0/../../../../../H-x86_64-mingw32/nios2-elf/lib\libc.a(lib_a-memchr.o)
 .data          0x000000000080a9d0        0x0 c:/intelfpga/16.1/nios2eds/bin/gnu/h-x86_64-mingw32/bin/../lib/gcc/nios2-elf/5.3.0/../../../../../H-x86_64-mingw32/nios2-elf/lib\libc.a(lib_a-memcpy.o)
 .data          0x000000000080a9d0        0x0 c:/intelfpga/16.1/nios2eds/bin/gnu/h-x86_64-mingw32/bin/../lib/gcc/nios2-elf/5.3.0/../../../../../H-x86_64-mingw32/nios2-elf/lib\libc.a(lib_a-memmove.o)
 .data          0x000000000080a9d0        0x0 c:/intelfpga/16.1/nios2eds/bin/gnu/h-x86_64-mingw32/bin/../lib/gcc/nios2-elf/5.3.0/../../../../../H-x86_64-mingw32/nios2-elf/lib\libc.a(lib_a-memset.o)
 .data          0x000000000080a9d0        0x0 c:/intelfpga/16.1/nios2eds/bin/gnu/h-x86_64-mingw32/bin/../lib/gcc/nios2-elf/5.3.0/../../../../../H-x86_64-mingw32/nios2-elf/lib\libc.a(lib_a-reallocr.o)
 .data          0x000000000080a9d0        0x0 c:/intelfpga/16.1/nios2eds/bin/gnu/h-x86_64-mingw32/bin/../lib/gcc/nios2-elf/5.3.0/../../../../../H-x86_64-mingw32/nios2-elf/lib\libc.a(lib_a-sbrkr.o)
 .data          0x000000000080a9d0        0x0 c:/intelfpga/16.1/nios2eds/bin/gnu/h-x86_64-mingw32/bin/../lib/gcc/nios2-elf/5.3.0/../../../../../H-x86_64-mingw32/nios2-elf/lib\libc.a(lib_a-stdio.o)
 .data          0x000000000080a9d0        0x0 c:/intelfpga/16.1/nios2eds/bin/gnu/h-x86_64-mingw32/bin/../lib/gcc/nios2-elf/5.3.0/../../../../../H-x86_64-mingw32/nios2-elf/lib\libc.a(lib_a-writer.o)
 .data          0x000000000080a9d0        0x0 c:/intelfpga/16.1/nios2eds/bin/gnu/h-x86_64-mingw32/bin/../lib/gcc/nios2-elf/5.3.0/../../../../../H-x86_64-mingw32/nios2-elf/lib\libc.a(lib_a-wsetup.o)
 .data          0x000000000080a9d0        0x0 c:/intelfpga/16.1/nios2eds/bin/gnu/h-x86_64-mingw32/bin/../lib/gcc/nios2-elf/5.3.0/../../../../../H-x86_64-mingw32/nios2-elf/lib\libc.a(closer.o)
 .data          0x000000000080a9d0        0x0 c:/intelfpga/16.1/nios2eds/bin/gnu/h-x86_64-mingw32/bin/../lib/gcc/nios2-elf/5.3.0/../../../../../H-x86_64-mingw32/nios2-elf/lib\libc.a(lib_a-fclose.o)
 .data          0x000000000080a9d0        0x0 c:/intelfpga/16.1/nios2eds/bin/gnu/h-x86_64-mingw32/bin/../lib/gcc/nios2-elf/5.3.0/../../../../../H-x86_64-mingw32/nios2-elf/lib\libc.a(lib_a-fflush.o)
 .data          0x000000000080a9d0        0x0 c:/intelfpga/16.1/nios2eds/bin/gnu/h-x86_64-mingw32/bin/../lib/gcc/nios2-elf/5.3.0/../../../../../H-x86_64-mingw32/nios2-elf/lib\libc.a(lib_a-freer.o)
 .data          0x000000000080a9d0        0x0 c:/intelfpga/16.1/nios2eds/bin/gnu/h-x86_64-mingw32/bin/../lib/gcc/nios2-elf/5.3.0/../../../../../H-x86_64-mingw32/nios2-elf/lib\libc.a(lib_a-int_errno.o)
 .data          0x000000000080a9d0        0x0 c:/intelfpga/16.1/nios2eds/bin/gnu/h-x86_64-mingw32/bin/../lib/gcc/nios2-elf/5.3.0/../../../../../H-x86_64-mingw32/nios2-elf/lib\libc.a(lib_a-lseekr.o)
 .data          0x000000000080a9d0        0x0 c:/intelfpga/16.1/nios2eds/bin/gnu/h-x86_64-mingw32/bin/../lib/gcc/nios2-elf/5.3.0/../../../../../H-x86_64-mingw32/nios2-elf/lib\libc.a(lib_a-makebuf.o)
 .data          0x000000000080a9d0        0x0 c:/intelfpga/16.1/nios2eds/bin/gnu/h-x86_64-mingw32/bin/../lib/gcc/nios2-elf/5.3.0/../../../../../H-x86_64-mingw32/nios2-elf/lib\libc.a(lib_a-readr.o)
 .data          0x000000000080a9d0        0x0 c:/intelfpga/16.1/nios2eds/bin/gnu/h-x86_64-mingw32/bin/../lib/gcc/nios2-elf/5.3.0/../../../../../H-x86_64-mingw32/nios2-elf/lib\libc.a(lib_a-fstatr.o)
 .data          0x000000000080a9d0        0x0 c:/intelfpga/16.1/nios2eds/bin/gnu/h-x86_64-mingw32/bin/../lib/gcc/nios2-elf/5.3.0/../../../../../H-x86_64-mingw32/nios2-elf/lib\libc.a(lib_a-isattyr.o)
 .data          0x000000000080a9d0        0x0 c:/intelfpga/16.1/nios2eds/bin/gnu/h-x86_64-mingw32/bin/../lib/gcc/nios2-elf/5.3.0\libgcc.a(lib2-divmod.o)
 .data          0x000000000080a9d0        0x0 ../heart_beets_bsp/\libhal_bsp.a(alt_alarm_start.o)
 .data          0x000000000080a9d0        0x0 ../heart_beets_bsp/\libhal_bsp.a(alt_close.o)
 .data          0x000000000080a9d0      0x1a8 ../heart_beets_bsp/\libhal_bsp.a(alt_dev.o)
                0x000000000080a9d0                alt_dev_null
                0x000000000080a9f8                alt_fd_list
 .data          0x000000000080ab78        0x0 ../heart_beets_bsp/\libhal_bsp.a(alt_errno.o)
 .data          0x000000000080ab78        0x0 ../heart_beets_bsp/\libhal_bsp.a(alt_fstat.o)
 .data          0x000000000080ab78        0x0 ../heart_beets_bsp/\libhal_bsp.a(alt_isatty.o)
 .data          0x000000000080ab78        0x0 ../heart_beets_bsp/\libhal_bsp.a(alt_load.o)
 .data          0x000000000080ab78        0x0 ../heart_beets_bsp/\libhal_bsp.a(alt_lseek.o)
 .data          0x000000000080ab78        0x0 ../heart_beets_bsp/\libhal_bsp.a(alt_main.o)
 .data          0x000000000080ab78        0x0 ../heart_beets_bsp/\libhal_bsp.a(alt_malloc_lock.o)
 .data          0x000000000080ab78        0x0 ../heart_beets_bsp/\libhal_bsp.a(alt_read.o)
 .data          0x000000000080ab78        0x0 ../heart_beets_bsp/\libhal_bsp.a(alt_release_fd.o)
 .data          0x000000000080ab78        0x0 ../heart_beets_bsp/\libhal_bsp.a(alt_sbrk.o)
 .data          0x000000000080ab78        0x0 ../heart_beets_bsp/\libhal_bsp.a(alt_tick.o)
 .data          0x000000000080ab78        0x0 ../heart_beets_bsp/\libhal_bsp.a(alt_write.o)
 .data          0x000000000080ab78     0x1244 ../heart_beets_bsp/\libhal_bsp.a(alt_sys_init.o)
 .data          0x000000000080bdbc        0x0 ../heart_beets_bsp/\libhal_bsp.a(altera_avalon_jtag_uart_fd.o)
 .data          0x000000000080bdbc        0x0 ../heart_beets_bsp/\libhal_bsp.a(altera_avalon_jtag_uart_init.o)
 .data          0x000000000080bdbc        0x0 ../heart_beets_bsp/\libhal_bsp.a(altera_avalon_jtag_uart_ioctl.o)
 .data          0x000000000080bdbc        0x0 ../heart_beets_bsp/\libhal_bsp.a(altera_avalon_jtag_uart_read.o)
 .data          0x000000000080bdbc        0x0 ../heart_beets_bsp/\libhal_bsp.a(altera_avalon_jtag_uart_write.o)
 .data          0x000000000080bdbc        0x0 ../heart_beets_bsp/\libhal_bsp.a(altera_avalon_lcd_16207.o)
 .data          0x000000000080bdbc        0x0 ../heart_beets_bsp/\libhal_bsp.a(altera_avalon_lcd_16207_fd.o)
 .data          0x000000000080bdbc        0x0 ../heart_beets_bsp/\libhal_bsp.a(altera_avalon_timer_sc.o)
 .data          0x000000000080bdbc        0x0 ../heart_beets_bsp/\libhal_bsp.a(altera_avalon_uart_fd.o)
 .data          0x000000000080bdbc        0x0 ../heart_beets_bsp/\libhal_bsp.a(altera_avalon_uart_init.o)
 .data          0x000000000080bdbc        0x0 ../heart_beets_bsp/\libhal_bsp.a(altera_avalon_uart_read.o)
 .data          0x000000000080bdbc        0x0 ../heart_beets_bsp/\libhal_bsp.a(altera_avalon_uart_write.o)
 .data          0x000000000080bdbc        0x0 ../heart_beets_bsp/\libhal_bsp.a(alt_dcache_flush_all.o)
 .data          0x000000000080bdbc        0x0 ../heart_beets_bsp/\libhal_bsp.a(alt_dev_llist_insert.o)
 .data          0x000000000080bdbc        0x0 ../heart_beets_bsp/\libhal_bsp.a(alt_do_ctors.o)
 .data          0x000000000080bdbc        0x0 ../heart_beets_bsp/\libhal_bsp.a(alt_do_dtors.o)
 .data          0x000000000080bdbc        0x0 ../heart_beets_bsp/\libhal_bsp.a(alt_icache_flush_all.o)
 .data          0x000000000080bdbc        0x0 ../heart_beets_bsp/\libhal_bsp.a(alt_iic.o)
 .data          0x000000000080bdbc        0x0 ../heart_beets_bsp/\libhal_bsp.a(alt_iic_isr_register.o)
 .data          0x000000000080bdbc        0x0 ../heart_beets_bsp/\libhal_bsp.a(alt_io_redirect.o)
 .data          0x000000000080bdbc        0x0 ../heart_beets_bsp/\libhal_bsp.a(alt_irq_entry.o)
 .data          0x000000000080bdbc        0x0 ../heart_beets_bsp/\libhal_bsp.a(alt_irq_handler.o)
 .data          0x000000000080bdbc        0x0 ../heart_beets_bsp/\libhal_bsp.a(alt_irq_vars.o)
 .data          0x000000000080bdbc        0x0 ../heart_beets_bsp/\libhal_bsp.a(alt_open.o)
 .data          0x000000000080bdbc        0x0 ../heart_beets_bsp/\libhal_bsp.a(alt_usleep.o)
 .data          0x000000000080bdbc        0x0 ../heart_beets_bsp/\libhal_bsp.a(altera_nios2_gen2_irq.o)
 .data          0x000000000080bdbc        0x0 ../heart_beets_bsp/\libhal_bsp.a(alt_busy_sleep.o)
 .data          0x000000000080bdbc        0x0 ../heart_beets_bsp/\libhal_bsp.a(alt_exception_entry.o)
 .data          0x000000000080bdbc        0x0 ../heart_beets_bsp/\libhal_bsp.a(alt_find_dev.o)
 .data          0x000000000080bdbc        0x0 ../heart_beets_bsp/\libhal_bsp.a(alt_find_file.o)
 .data          0x000000000080bdbc        0x0 ../heart_beets_bsp/\libhal_bsp.a(alt_get_fd.o)
 .data          0x000000000080bdbc        0x0 ../heart_beets_bsp/\libhal_bsp.a(alt_icache_flush.o)
 .data          0x000000000080bdbc        0x0 ../heart_beets_bsp/\libhal_bsp.a(alt_instruction_exception_entry.o)
 .data          0x000000000080bdbc        0x0 c:/intelfpga/16.1/nios2eds/bin/gnu/h-x86_64-mingw32/bin/../lib/gcc/nios2-elf/5.3.0/../../../../../H-x86_64-mingw32/nios2-elf/lib\libc.a(lib_a-atexit.o)
 .data          0x000000000080bdbc        0x0 c:/intelfpga/16.1/nios2eds/bin/gnu/h-x86_64-mingw32/bin/../lib/gcc/nios2-elf/5.3.0/../../../../../H-x86_64-mingw32/nios2-elf/lib\libc.a(lib_a-ctype_.o)
 .data          0x000000000080bdbc        0x0 c:/intelfpga/16.1/nios2eds/bin/gnu/h-x86_64-mingw32/bin/../lib/gcc/nios2-elf/5.3.0/../../../../../H-x86_64-mingw32/nios2-elf/lib\libc.a(lib_a-exit.o)
 .data          0x000000000080bdbc        0x0 c:/intelfpga/16.1/nios2eds/bin/gnu/h-x86_64-mingw32/bin/../lib/gcc/nios2-elf/5.3.0/../../../../../H-x86_64-mingw32/nios2-elf/lib\libc.a(lib_a-memcmp.o)
 .data          0x000000000080bdbc        0x0 c:/intelfpga/16.1/nios2eds/bin/gnu/h-x86_64-mingw32/bin/../lib/gcc/nios2-elf/5.3.0/../../../../../H-x86_64-mingw32/nios2-elf/lib\libc.a(lib_a-__atexit.o)
 .data          0x000000000080bdbc        0x0 c:/intelfpga/16.1/nios2eds/bin/gnu/h-x86_64-mingw32/bin/../lib/gcc/nios2-elf/5.3.0/../../../../../H-x86_64-mingw32/nios2-elf/lib\libc.a(lib_a-__call_atexit.o)
 .data          0x000000000080bdbc        0x0 ../heart_beets_bsp/\libhal_bsp.a(alt_exit.o)
                0x0000000000813dbc                _gp = ABSOLUTE ((. + 0x8000))
                [!provide]                        PROVIDE (gp, _gp)
 *(.rwdata .rwdata.*)
 *(.sdata .sdata.* .gnu.linkonce.s.*)
 .sdata._global_impure_ptr
                0x000000000080bdbc        0x4 c:/intelfpga/16.1/nios2eds/bin/gnu/h-x86_64-mingw32/bin/../lib/gcc/nios2-elf/5.3.0/../../../../../H-x86_64-mingw32/nios2-elf/lib\libc.a(lib_a-impure.o)
                0x000000000080bdbc                _global_impure_ptr
 .sdata._impure_ptr
                0x000000000080bdc0        0x4 c:/intelfpga/16.1/nios2eds/bin/gnu/h-x86_64-mingw32/bin/../lib/gcc/nios2-elf/5.3.0/../../../../../H-x86_64-mingw32/nios2-elf/lib\libc.a(lib_a-impure.o)
                0x000000000080bdc0                _impure_ptr
 .sdata.__malloc_sbrk_base
                0x000000000080bdc4        0x4 c:/intelfpga/16.1/nios2eds/bin/gnu/h-x86_64-mingw32/bin/../lib/gcc/nios2-elf/5.3.0/../../../../../H-x86_64-mingw32/nios2-elf/lib\libc.a(lib_a-mallocr.o)
                0x000000000080bdc4                __malloc_sbrk_base
 .sdata.__malloc_trim_threshold
                0x000000000080bdc8        0x4 c:/intelfpga/16.1/nios2eds/bin/gnu/h-x86_64-mingw32/bin/../lib/gcc/nios2-elf/5.3.0/../../../../../H-x86_64-mingw32/nios2-elf/lib\libc.a(lib_a-mallocr.o)
                0x000000000080bdc8                __malloc_trim_threshold
 .sdata         0x000000000080bdcc       0x14 ../heart_beets_bsp/\libhal_bsp.a(alt_dev.o)
                0x000000000080bdcc                alt_fs_list
                0x000000000080bdd4                alt_dev_list
                0x000000000080bddc                alt_max_fd
 .sdata         0x000000000080bde0        0x4 ../heart_beets_bsp/\libhal_bsp.a(alt_errno.o)
                0x000000000080bde0                alt_errno
 .sdata         0x000000000080bde4        0x4 ../heart_beets_bsp/\libhal_bsp.a(alt_sbrk.o)
 .sdata         0x000000000080bde8        0x8 ../heart_beets_bsp/\libhal_bsp.a(alt_tick.o)
                0x000000000080bde8                alt_alarm_list
 .sdata         0x000000000080bdf0        0x4 ../heart_beets_bsp/\libhal_bsp.a(altera_avalon_lcd_16207.o)
 .sdata         0x000000000080bdf4        0x4 ../heart_beets_bsp/\libhal_bsp.a(alt_irq_vars.o)
                0x000000000080bdf4                alt_priority_mask
 .sdata.__ctype_ptr__
                0x000000000080bdf8        0x4 c:/intelfpga/16.1/nios2eds/bin/gnu/h-x86_64-mingw32/bin/../lib/gcc/nios2-elf/5.3.0/../../../../../H-x86_64-mingw32/nios2-elf/lib\libc.a(lib_a-ctype_.o)
                0x000000000080bdf8                __ctype_ptr__
 *(.sdata2 .sdata2.* .gnu.linkonce.s2.*)
                0x000000000080bdfc                . = ALIGN (0x4)
                0x000000000080bdfc                _edata = ABSOLUTE (.)
                [!provide]                        PROVIDE (edata, ABSOLUTE (.))
                0x000000000080bdfc                PROVIDE (__ram_rwdata_end, ABSOLUTE (.))
                0x000000000080bdfc                PROVIDE (__flash_rwdata_start, LOADADDR (.rwdata))

.bss            0x000000000080da54      0x378
                0x000000000080da54                __bss_start = ABSOLUTE (.)
                [!provide]                        PROVIDE (__sbss_start, ABSOLUTE (.))
                [!provide]                        PROVIDE (___sbss_start, ABSOLUTE (.))
 *(.dynsbss)
 *(.sbss .sbss.* .gnu.linkonce.sb.*)
 .sbss          0x000000000080da54       0x38 obj/default/hello_world.o
                0x000000000080da54                AVI_timeout
                0x000000000080da58                PVARP_timeout
                0x000000000080da5c                VRP_timeout
                0x000000000080da60                AEI_timeout
                0x000000000080da64                LRI_timeout
                0x000000000080da68                URI_timeout
                0x000000000080da6c                LEDbits
                0x000000000080da70                LED0
                0x000000000080da74                LED1
                0x000000000080da78                uiButton
                0x000000000080da7c                maskedButton0
                0x000000000080da80                maskedButton1
                0x000000000080da84                button0_pressed
                0x000000000080da88                button1_pressed
 .sbss          0x000000000080da8c      0x12a obj/default/pacemaker.o
                0x000000000080da8c                _cg81
                0x000000000080da8d                _cg42
                0x000000000080da8e                g83
                0x000000000080da8f                g81b
                0x000000000080da90                g40
                0x000000000080da91                _cg99
                0x000000000080da92                g91
                0x000000000080da93                g38b
                0x000000000080da94                APace
                0x000000000080da95                PRE_g95
                0x000000000080da96                g4
                0x000000000080da97                g108
                0x000000000080da98                g19
                0x000000000080da99                g111
                0x000000000080da9a                g55
                0x000000000080da9b                _cg96
                0x000000000080da9c                _cg59
                0x000000000080da9d                g27
                0x000000000080da9e                g124_fix0
                0x000000000080da9f                g112
                0x000000000080daa0                g87b
                0x000000000080daa1                g78b
                0x000000000080daa2                g33b
                0x000000000080daa3                g3
                0x000000000080daa4                g103
                0x000000000080daa5                g47
                0x000000000080daa6                g85
                0x000000000080daa7                g42
                0x000000000080daa8                g9
                0x000000000080daa9                g127
                0x000000000080daaa                LRITO
                0x000000000080daab                g114b
                0x000000000080daac                _PRE_GO
                0x000000000080dab0                PRE_g3
                0x000000000080dab1                g102
                0x000000000080dab2                PRE_g29
                0x000000000080dab3                g96b
                0x000000000080dab4                g115
                0x000000000080dab5                AVI_start
                0x000000000080dab6                PRE_g121
                0x000000000080dab7                _cg15
                0x000000000080dab8                PRE_g56
                0x000000000080dab9                PRE_g32
                0x000000000080daba                g87
                0x000000000080dabb                g44
                0x000000000080dabc                g123
                0x000000000080dabd                _cg12
                0x000000000080dabe                _cg8
                0x000000000080dabf                _Pacemaker1_local__reg_FilteredVSense16
                0x000000000080dac0                PRE_g20
                0x000000000080dac1                AVI_stop
                0x000000000080dac2                g104b
                0x000000000080dac3                g92
                0x000000000080dac4                g1
                0x000000000080dac5                g61
                0x000000000080dac6                g71
                0x000000000080dac7                g126
                0x000000000080dac8                g75_e7
                0x000000000080dac9                g82
                0x000000000080daca                _cg33
                0x000000000080dacb                PRE_g69
                0x000000000080dacc                _cg98
                0x000000000080dacd                g12
                0x000000000080dace                g97
                0x000000000080dacf                g52
                0x000000000080dad0                _cg46
                0x000000000080dad1                _cg35
                0x000000000080dad2                _cg74
                0x000000000080dad3                g17
                0x000000000080dad4                PRE_g77
                0x000000000080dad5                PRE_g34
                0x000000000080dad6                g61b
                0x000000000080dad7                g76
                0x000000000080dad8                g31
                0x000000000080dad9                g37
                0x000000000080dada                g128_e2
                0x000000000080dadb                _cg104
                0x000000000080dadc                g62
                0x000000000080dadd                g84
                0x000000000080dade                g41
                0x000000000080dadf                _cg61
                0x000000000080dae0                _cg26
                0x000000000080dae1                g118
                0x000000000080dae2                g18
                0x000000000080dae3                ASense
                0x000000000080dae4                g15b
                0x000000000080dae5                PRE_g53
                0x000000000080dae6                g132
                0x000000000080dae7                g48
                0x000000000080dae8                _Pacemaker1_local_VRP_ex
                0x000000000080dae9                g124_fix3
                0x000000000080daea                g38
                0x000000000080daeb                g105
                0x000000000080daec                _Pacemaker1_local__pre_AVI_ex16
                0x000000000080daed                _cg21
                0x000000000080daee                g30b
                0x000000000080daef                g117
                0x000000000080daf0                _cg82
                0x000000000080daf1                _cg63
                0x000000000080daf2                PRE_g111
                0x000000000080daf3                g64
                0x000000000080daf4                g21
                0x000000000080daf5                g79
                0x000000000080daf6                g34
                0x000000000080daf7                g5
                0x000000000080daf8                g94
                0x000000000080daf9                g110
                0x000000000080dafa                g49
                0x000000000080dafb                _Pacemaker1_local_PVARP_ex
                0x000000000080dafc                g2
                0x000000000080dafd                g7
                0x000000000080dafe                _cg90
                0x000000000080daff                _cg16
                0x000000000080db00                g80
                0x000000000080db01                PRE_g80
                0x000000000080db02                g128
                0x000000000080db03                g100
                0x000000000080db04                g59
                0x000000000080db05                g99
                0x000000000080db06                g54
                0x000000000080db07                g66
                0x000000000080db08                g23
                0x000000000080db09                _cg87
                0x000000000080db0a                _cg48
                0x000000000080db0b                g124_fix1
                0x000000000080db0c                PRE_g71
                0x000000000080db0d                g14
                0x000000000080db0e                _cg6
                0x000000000080db0f                g9_e1
                0x000000000080db10                g101
                0x000000000080db11                _Pacemaker1_local_AEI_ex
                0x000000000080db12                g124_e1_fix_fix
                0x000000000080db13                _Pacemaker1_local_FilteredVSense
                0x000000000080db14                g114
                0x000000000080db15                g56
                0x000000000080db16                g129
                0x000000000080db17                g131
                0x000000000080db18                VSense
                0x000000000080db19                _cg114
                0x000000000080db1a                g78
                0x000000000080db1b                g33
                0x000000000080db1c                VRP_start
                0x000000000080db1d                g123_e14
                0x000000000080db1e                _Pacemaker1_local_LRI_stop
                0x000000000080db1f                g122
                0x000000000080db20                URI_ex
                0x000000000080db21                g35b
                0x000000000080db22                _Pacemaker1_local_LRI_ex
                0x000000000080db23                PRE_g22
                0x000000000080db24                _Pacemaker1_local_FilteredASense
                0x000000000080db25                PRE_g126
                0x000000000080db26                _cg64
                0x000000000080db27                _reg_VPace9
                0x000000000080db28                g35
                0x000000000080db29                g15
                0x000000000080db2a                g90
                0x000000000080db2b                g84_e8
                0x000000000080db2c                _GO
                0x000000000080db2d                g89b
                0x000000000080db2e                g46b
                0x000000000080db2f                LRI_start
                0x000000000080db30                URITO
                0x000000000080db31                VRPTO
                0x000000000080db32                PRE_g11
                0x000000000080db33                g43_e4
                0x000000000080db34                g121b
                0x000000000080db35                g27_e3
                0x000000000080db36                g63
                0x000000000080db37                g20
                0x000000000080db38                AVITO
                0x000000000080db39                g60
                0x000000000080db3a                g115_e12
                0x000000000080db3b                g124_fix2
                0x000000000080db3c                g23b
                0x000000000080db3d                g93
                0x000000000080db3e                g119
                0x000000000080db3f                PRE_g47
                0x000000000080db40                g21b
                0x000000000080db41                PRE_g97
                0x000000000080db42                g86
                0x000000000080db43                g43
                0x000000000080db44                _Pacemaker1_local__pre_FilteredVSense16
                0x000000000080db45                PRE_g113
                0x000000000080db46                PRE_g88
                0x000000000080db47                _Pacemaker1_local_AVI_ex
                0x000000000080db48                g98b
                0x000000000080db49                PVARPTO
                0x000000000080db4a                PRE_g14
                0x000000000080db4b                g36
                0x000000000080db4c                g124_e1
                0x000000000080db4d                g89
                0x000000000080db4e                g46
                0x000000000080db4f                VRP_stop
                0x000000000080db50                PVARP_start
                0x000000000080db51                _Pacemaker1_local__reg_AVI_ex16
                0x000000000080db52                _cg106
                0x000000000080db53                g57b
                0x000000000080db54                PVARP_stop
                0x000000000080db55                g132_e3
                0x000000000080db56                g95
                0x000000000080db57                g50
                0x000000000080db58                g96
                0x000000000080db59                g51
                0x000000000080db5a                PRE_g103
                0x000000000080db5b                PRE_g60
                0x000000000080db5c                _cg70
                0x000000000080db5d                g107
                0x000000000080db5e                g113
                0x000000000080db5f                _cg78
                0x000000000080db60                g18_e2
                0x000000000080db61                g51_e5
                0x000000000080db62                _cg112
                0x000000000080db63                g104
                0x000000000080db64                PRE_g130
                0x000000000080db65                g13
                0x000000000080db66                PRE_g86
                0x000000000080db67                g98
                0x000000000080db68                g53
                0x000000000080db69                g8
                0x000000000080db6a                g57
                0x000000000080db6b                AEI_start
                0x000000000080db6c                g70
                0x000000000080db6d                _cg66
                0x000000000080db6e                g116
                0x000000000080db6f                g6
                0x000000000080db70                g72
                0x000000000080db71                g81
                0x000000000080db72                g124
                0x000000000080db73                _cg108
                0x000000000080db74                g119_e13
                0x000000000080db75                g0
                0x000000000080db76                _cg89
                0x000000000080db77                _cg54
                0x000000000080db78                g75
                0x000000000080db79                g30
                0x000000000080db7a                _cg40
                0x000000000080db7b                g67_e6
                0x000000000080db7c                _cg30
                0x000000000080db7d                g16
                0x000000000080db7e                g70b
                0x000000000080db7f                _cg24
                0x000000000080db80                g58
                0x000000000080db81                _cg57
                0x000000000080db82                g68
                0x000000000080db83                g25
                0x000000000080db84                g124_fix4
                0x000000000080db85                g11
                0x000000000080db86                g65
                0x000000000080db87                g22
                0x000000000080db88                g28
                0x000000000080db89                g73
                0x000000000080db8a                g54b
                0x000000000080db8b                g93_e9
                0x000000000080db8c                g125
                0x000000000080db8d                g124_e1_fix
                0x000000000080db8e                g77
                0x000000000080db8f                g32
                0x000000000080db90                g88
                0x000000000080db91                g45
                0x000000000080db92                _cg23
                0x000000000080db93                g101_e10
                0x000000000080db94                _cg92
                0x000000000080db95                PRE_g45
                0x000000000080db96                g130
                0x000000000080db97                PRE_g5
                0x000000000080db98                g121
                0x000000000080db99                VPace
                0x000000000080db9a                g12b
                0x000000000080db9b                g39
                0x000000000080db9c                _cg49
                0x000000000080db9d                g120
                0x000000000080db9e                PRE_g105
                0x000000000080db9f                g29
                0x000000000080dba0                _cg4
                0x000000000080dba1                g67
                0x000000000080dba2                g24
                0x000000000080dba3                g133
                0x000000000080dba4                g112b
                0x000000000080dba5                AEI_stop
                0x000000000080dba6                g109
                0x000000000080dba7                _pre_VPace9
                0x000000000080dba8                URI_start
                0x000000000080dba9                g4b
                0x000000000080dbaa                g106
                0x000000000080dbab                g10
                0x000000000080dbac                g48b
                0x000000000080dbad                PRE_g117
                0x000000000080dbae                AEITO
                0x000000000080dbaf                g69
                0x000000000080dbb0                g26
                0x000000000080dbb1                _cg72
                0x000000000080dbb2                _cg39
                0x000000000080dbb3                PRE_g37
                0x000000000080dbb4                g109_e11
                0x000000000080dbb5                g74
 *fill*         0x000000000080dbb6        0x2 
 .sbss.__malloc_max_total_mem
                0x000000000080dbb8        0x4 c:/intelfpga/16.1/nios2eds/bin/gnu/h-x86_64-mingw32/bin/../lib/gcc/nios2-elf/5.3.0/../../../../../H-x86_64-mingw32/nios2-elf/lib\libc.a(lib_a-mallocr.o)
                0x000000000080dbb8                __malloc_max_total_mem
 .sbss.__malloc_max_sbrked_mem
                0x000000000080dbbc        0x4 c:/intelfpga/16.1/nios2eds/bin/gnu/h-x86_64-mingw32/bin/../lib/gcc/nios2-elf/5.3.0/../../../../../H-x86_64-mingw32/nios2-elf/lib\libc.a(lib_a-mallocr.o)
                0x000000000080dbbc                __malloc_max_sbrked_mem
 .sbss.__malloc_top_pad
                0x000000000080dbc0        0x4 c:/intelfpga/16.1/nios2eds/bin/gnu/h-x86_64-mingw32/bin/../lib/gcc/nios2-elf/5.3.0/../../../../../H-x86_64-mingw32/nios2-elf/lib\libc.a(lib_a-mallocr.o)
                0x000000000080dbc0                __malloc_top_pad
 .sbss          0x000000000080dbc4        0x4 c:/intelfpga/16.1/nios2eds/bin/gnu/h-x86_64-mingw32/bin/../lib/gcc/nios2-elf/5.3.0/../../../../../H-x86_64-mingw32/nios2-elf/lib\libc.a(lib_a-int_errno.o)
                0x000000000080dbc4                errno
 .sbss          0x000000000080dbc8        0xc ../heart_beets_bsp/\libhal_bsp.a(alt_main.o)
                0x000000000080dbc8                alt_argc
                0x000000000080dbcc                alt_argv
                0x000000000080dbd0                alt_envp
 .sbss          0x000000000080dbd4        0x8 ../heart_beets_bsp/\libhal_bsp.a(alt_tick.o)
                0x000000000080dbd4                _alt_tick_rate
                0x000000000080dbd8                _alt_nticks
 .sbss          0x000000000080dbdc        0x4 ../heart_beets_bsp/\libhal_bsp.a(alt_irq_vars.o)
                0x000000000080dbdc                alt_irq_active
 .sbss          0x000000000080dbe0        0x4 ../heart_beets_bsp/\libhal_bsp.a(alt_instruction_exception_entry.o)
                0x000000000080dbe0                alt_instruction_exception_handler
 *(.sbss2 .sbss2.* .gnu.linkonce.sb2.*)
 *(.scommon)
                [!provide]                        PROVIDE (__sbss_end, ABSOLUTE (.))
                [!provide]                        PROVIDE (___sbss_end, ABSOLUTE (.))
 *(.dynbss)
 *(.bss .bss.* .gnu.linkonce.b.*)
 .bss           0x000000000080dbe4        0x0 ../heart_beets_bsp//obj/HAL/src/crt0.o
 .bss           0x000000000080dbe4        0x0 obj/default/hello_world.o
 .bss           0x000000000080dbe4        0x0 obj/default/pacemaker.o
 .bss           0x000000000080dbe4        0x0 c:/intelfpga/16.1/nios2eds/bin/gnu/h-x86_64-mingw32/bin/../lib/gcc/nios2-elf/5.3.0/../../../../../H-x86_64-mingw32/nios2-elf/lib\libc.a(lib_a-puts.o)
 .bss           0x000000000080dbe4        0x0 c:/intelfpga/16.1/nios2eds/bin/gnu/h-x86_64-mingw32/bin/../lib/gcc/nios2-elf/5.3.0/../../../../../H-x86_64-mingw32/nios2-elf/lib\libc.a(lib_a-strlen.o)
 .bss           0x000000000080dbe4        0x0 c:/intelfpga/16.1/nios2eds/bin/gnu/h-x86_64-mingw32/bin/../lib/gcc/nios2-elf/5.3.0/../../../../../H-x86_64-mingw32/nios2-elf/lib\libc.a(lib_a-findfp.o)
 .bss           0x000000000080dbe4        0x0 c:/intelfpga/16.1/nios2eds/bin/gnu/h-x86_64-mingw32/bin/../lib/gcc/nios2-elf/5.3.0/../../../../../H-x86_64-mingw32/nios2-elf/lib\libc.a(lib_a-fvwrite.o)
 .bss           0x000000000080dbe4        0x0 c:/intelfpga/16.1/nios2eds/bin/gnu/h-x86_64-mingw32/bin/../lib/gcc/nios2-elf/5.3.0/../../../../../H-x86_64-mingw32/nios2-elf/lib\libc.a(lib_a-fwalk.o)
 .bss           0x000000000080dbe4        0x0 c:/intelfpga/16.1/nios2eds/bin/gnu/h-x86_64-mingw32/bin/../lib/gcc/nios2-elf/5.3.0/../../../../../H-x86_64-mingw32/nios2-elf/lib\libc.a(lib_a-impure.o)
 .bss           0x000000000080dbe4        0x0 c:/intelfpga/16.1/nios2eds/bin/gnu/h-x86_64-mingw32/bin/../lib/gcc/nios2-elf/5.3.0/../../../../../H-x86_64-mingw32/nios2-elf/lib\libc.a(lib_a-mallocr.o)
 .bss.__malloc_current_mallinfo
                0x000000000080dbe4       0x28 c:/intelfpga/16.1/nios2eds/bin/gnu/h-x86_64-mingw32/bin/../lib/gcc/nios2-elf/5.3.0/../../../../../H-x86_64-mingw32/nios2-elf/lib\libc.a(lib_a-mallocr.o)
                0x000000000080dbe4                __malloc_current_mallinfo
 .bss           0x000000000080dc0c        0x0 c:/intelfpga/16.1/nios2eds/bin/gnu/h-x86_64-mingw32/bin/../lib/gcc/nios2-elf/5.3.0/../../../../../H-x86_64-mingw32/nios2-elf/lib\libc.a(lib_a-memchr.o)
 .bss           0x000000000080dc0c        0x0 c:/intelfpga/16.1/nios2eds/bin/gnu/h-x86_64-mingw32/bin/../lib/gcc/nios2-elf/5.3.0/../../../../../H-x86_64-mingw32/nios2-elf/lib\libc.a(lib_a-memcpy.o)
 .bss           0x000000000080dc0c        0x0 c:/intelfpga/16.1/nios2eds/bin/gnu/h-x86_64-mingw32/bin/../lib/gcc/nios2-elf/5.3.0/../../../../../H-x86_64-mingw32/nios2-elf/lib\libc.a(lib_a-memmove.o)
 .bss           0x000000000080dc0c        0x0 c:/intelfpga/16.1/nios2eds/bin/gnu/h-x86_64-mingw32/bin/../lib/gcc/nios2-elf/5.3.0/../../../../../H-x86_64-mingw32/nios2-elf/lib\libc.a(lib_a-memset.o)
 .bss           0x000000000080dc0c        0x0 c:/intelfpga/16.1/nios2eds/bin/gnu/h-x86_64-mingw32/bin/../lib/gcc/nios2-elf/5.3.0/../../../../../H-x86_64-mingw32/nios2-elf/lib\libc.a(lib_a-reallocr.o)
 .bss           0x000000000080dc0c        0x0 c:/intelfpga/16.1/nios2eds/bin/gnu/h-x86_64-mingw32/bin/../lib/gcc/nios2-elf/5.3.0/../../../../../H-x86_64-mingw32/nios2-elf/lib\libc.a(lib_a-sbrkr.o)
 .bss           0x000000000080dc0c        0x0 c:/intelfpga/16.1/nios2eds/bin/gnu/h-x86_64-mingw32/bin/../lib/gcc/nios2-elf/5.3.0/../../../../../H-x86_64-mingw32/nios2-elf/lib\libc.a(lib_a-stdio.o)
 .bss           0x000000000080dc0c        0x0 c:/intelfpga/16.1/nios2eds/bin/gnu/h-x86_64-mingw32/bin/../lib/gcc/nios2-elf/5.3.0/../../../../../H-x86_64-mingw32/nios2-elf/lib\libc.a(lib_a-writer.o)
 .bss           0x000000000080dc0c        0x0 c:/intelfpga/16.1/nios2eds/bin/gnu/h-x86_64-mingw32/bin/../lib/gcc/nios2-elf/5.3.0/../../../../../H-x86_64-mingw32/nios2-elf/lib\libc.a(lib_a-wsetup.o)
 .bss           0x000000000080dc0c        0x0 c:/intelfpga/16.1/nios2eds/bin/gnu/h-x86_64-mingw32/bin/../lib/gcc/nios2-elf/5.3.0/../../../../../H-x86_64-mingw32/nios2-elf/lib\libc.a(closer.o)
 .bss           0x000000000080dc0c        0x0 c:/intelfpga/16.1/nios2eds/bin/gnu/h-x86_64-mingw32/bin/../lib/gcc/nios2-elf/5.3.0/../../../../../H-x86_64-mingw32/nios2-elf/lib\libc.a(lib_a-fclose.o)
 .bss           0x000000000080dc0c        0x0 c:/intelfpga/16.1/nios2eds/bin/gnu/h-x86_64-mingw32/bin/../lib/gcc/nios2-elf/5.3.0/../../../../../H-x86_64-mingw32/nios2-elf/lib\libc.a(lib_a-fflush.o)
 .bss           0x000000000080dc0c        0x0 c:/intelfpga/16.1/nios2eds/bin/gnu/h-x86_64-mingw32/bin/../lib/gcc/nios2-elf/5.3.0/../../../../../H-x86_64-mingw32/nios2-elf/lib\libc.a(lib_a-freer.o)
 .bss           0x000000000080dc0c        0x0 c:/intelfpga/16.1/nios2eds/bin/gnu/h-x86_64-mingw32/bin/../lib/gcc/nios2-elf/5.3.0/../../../../../H-x86_64-mingw32/nios2-elf/lib\libc.a(lib_a-int_errno.o)
 .bss           0x000000000080dc0c        0x0 c:/intelfpga/16.1/nios2eds/bin/gnu/h-x86_64-mingw32/bin/../lib/gcc/nios2-elf/5.3.0/../../../../../H-x86_64-mingw32/nios2-elf/lib\libc.a(lib_a-lseekr.o)
 .bss           0x000000000080dc0c        0x0 c:/intelfpga/16.1/nios2eds/bin/gnu/h-x86_64-mingw32/bin/../lib/gcc/nios2-elf/5.3.0/../../../../../H-x86_64-mingw32/nios2-elf/lib\libc.a(lib_a-makebuf.o)
 .bss           0x000000000080dc0c        0x0 c:/intelfpga/16.1/nios2eds/bin/gnu/h-x86_64-mingw32/bin/../lib/gcc/nios2-elf/5.3.0/../../../../../H-x86_64-mingw32/nios2-elf/lib\libc.a(lib_a-readr.o)
 .bss           0x000000000080dc0c        0x0 c:/intelfpga/16.1/nios2eds/bin/gnu/h-x86_64-mingw32/bin/../lib/gcc/nios2-elf/5.3.0/../../../../../H-x86_64-mingw32/nios2-elf/lib\libc.a(lib_a-fstatr.o)
 .bss           0x000000000080dc0c        0x0 c:/intelfpga/16.1/nios2eds/bin/gnu/h-x86_64-mingw32/bin/../lib/gcc/nios2-elf/5.3.0/../../../../../H-x86_64-mingw32/nios2-elf/lib\libc.a(lib_a-isattyr.o)
 .bss           0x000000000080dc0c        0x0 c:/intelfpga/16.1/nios2eds/bin/gnu/h-x86_64-mingw32/bin/../lib/gcc/nios2-elf/5.3.0\libgcc.a(lib2-divmod.o)
 .bss           0x000000000080dc0c        0x0 ../heart_beets_bsp/\libhal_bsp.a(alt_alarm_start.o)
 .bss           0x000000000080dc0c        0x0 ../heart_beets_bsp/\libhal_bsp.a(alt_close.o)
 .bss           0x000000000080dc0c        0x0 ../heart_beets_bsp/\libhal_bsp.a(alt_dev.o)
 .bss           0x000000000080dc0c        0x0 ../heart_beets_bsp/\libhal_bsp.a(alt_errno.o)
 .bss           0x000000000080dc0c        0x0 ../heart_beets_bsp/\libhal_bsp.a(alt_fstat.o)
 .bss           0x000000000080dc0c        0x0 ../heart_beets_bsp/\libhal_bsp.a(alt_isatty.o)
 .bss           0x000000000080dc0c        0x0 ../heart_beets_bsp/\libhal_bsp.a(alt_load.o)
 .bss           0x000000000080dc0c        0x0 ../heart_beets_bsp/\libhal_bsp.a(alt_lseek.o)
 .bss           0x000000000080dc0c        0x0 ../heart_beets_bsp/\libhal_bsp.a(alt_main.o)
 .bss           0x000000000080dc0c        0x0 ../heart_beets_bsp/\libhal_bsp.a(alt_malloc_lock.o)
 .bss           0x000000000080dc0c        0x0 ../heart_beets_bsp/\libhal_bsp.a(alt_read.o)
 .bss           0x000000000080dc0c        0x0 ../heart_beets_bsp/\libhal_bsp.a(alt_release_fd.o)
 .bss           0x000000000080dc0c        0x0 ../heart_beets_bsp/\libhal_bsp.a(alt_sbrk.o)
 .bss           0x000000000080dc0c        0x0 ../heart_beets_bsp/\libhal_bsp.a(alt_tick.o)
 .bss           0x000000000080dc0c        0x0 ../heart_beets_bsp/\libhal_bsp.a(alt_write.o)
 .bss           0x000000000080dc0c        0x0 ../heart_beets_bsp/\libhal_bsp.a(alt_sys_init.o)
 .bss           0x000000000080dc0c        0x0 ../heart_beets_bsp/\libhal_bsp.a(altera_avalon_jtag_uart_fd.o)
 .bss           0x000000000080dc0c        0x0 ../heart_beets_bsp/\libhal_bsp.a(altera_avalon_jtag_uart_init.o)
 .bss           0x000000000080dc0c        0x0 ../heart_beets_bsp/\libhal_bsp.a(altera_avalon_jtag_uart_ioctl.o)
 .bss           0x000000000080dc0c        0x0 ../heart_beets_bsp/\libhal_bsp.a(altera_avalon_jtag_uart_read.o)
 .bss           0x000000000080dc0c        0x0 ../heart_beets_bsp/\libhal_bsp.a(altera_avalon_jtag_uart_write.o)
 .bss           0x000000000080dc0c        0x0 ../heart_beets_bsp/\libhal_bsp.a(altera_avalon_lcd_16207.o)
 .bss           0x000000000080dc0c        0x0 ../heart_beets_bsp/\libhal_bsp.a(altera_avalon_lcd_16207_fd.o)
 .bss           0x000000000080dc0c        0x0 ../heart_beets_bsp/\libhal_bsp.a(altera_avalon_timer_sc.o)
 .bss           0x000000000080dc0c        0x0 ../heart_beets_bsp/\libhal_bsp.a(altera_avalon_uart_fd.o)
 .bss           0x000000000080dc0c        0x0 ../heart_beets_bsp/\libhal_bsp.a(altera_avalon_uart_init.o)
 .bss           0x000000000080dc0c        0x0 ../heart_beets_bsp/\libhal_bsp.a(altera_avalon_uart_read.o)
 .bss           0x000000000080dc0c        0x0 ../heart_beets_bsp/\libhal_bsp.a(altera_avalon_uart_write.o)
 .bss           0x000000000080dc0c        0x0 ../heart_beets_bsp/\libhal_bsp.a(alt_dcache_flush_all.o)
 .bss           0x000000000080dc0c        0x0 ../heart_beets_bsp/\libhal_bsp.a(alt_dev_llist_insert.o)
 .bss           0x000000000080dc0c        0x0 ../heart_beets_bsp/\libhal_bsp.a(alt_do_ctors.o)
 .bss           0x000000000080dc0c        0x0 ../heart_beets_bsp/\libhal_bsp.a(alt_do_dtors.o)
 .bss           0x000000000080dc0c        0x0 ../heart_beets_bsp/\libhal_bsp.a(alt_icache_flush_all.o)
 .bss           0x000000000080dc0c        0x0 ../heart_beets_bsp/\libhal_bsp.a(alt_iic.o)
 .bss           0x000000000080dc0c        0x0 ../heart_beets_bsp/\libhal_bsp.a(alt_iic_isr_register.o)
 .bss           0x000000000080dc0c        0x0 ../heart_beets_bsp/\libhal_bsp.a(alt_io_redirect.o)
 .bss           0x000000000080dc0c        0x0 ../heart_beets_bsp/\libhal_bsp.a(alt_irq_entry.o)
 .bss           0x000000000080dc0c        0x0 ../heart_beets_bsp/\libhal_bsp.a(alt_irq_handler.o)
 .bss           0x000000000080dc0c        0x0 ../heart_beets_bsp/\libhal_bsp.a(alt_irq_vars.o)
 .bss           0x000000000080dc0c        0x0 ../heart_beets_bsp/\libhal_bsp.a(alt_open.o)
 .bss           0x000000000080dc0c        0x0 ../heart_beets_bsp/\libhal_bsp.a(alt_usleep.o)
 .bss           0x000000000080dc0c        0x0 ../heart_beets_bsp/\libhal_bsp.a(altera_nios2_gen2_irq.o)
 .bss           0x000000000080dc0c        0x0 ../heart_beets_bsp/\libhal_bsp.a(alt_busy_sleep.o)
 .bss           0x000000000080dc0c        0x0 ../heart_beets_bsp/\libhal_bsp.a(alt_exception_entry.o)
 .bss           0x000000000080dc0c        0x0 ../heart_beets_bsp/\libhal_bsp.a(alt_find_dev.o)
 .bss           0x000000000080dc0c        0x0 ../heart_beets_bsp/\libhal_bsp.a(alt_find_file.o)
 .bss           0x000000000080dc0c        0x0 ../heart_beets_bsp/\libhal_bsp.a(alt_get_fd.o)
 .bss           0x000000000080dc0c        0x0 ../heart_beets_bsp/\libhal_bsp.a(alt_icache_flush.o)
 .bss           0x000000000080dc0c        0x0 ../heart_beets_bsp/\libhal_bsp.a(alt_instruction_exception_entry.o)
 .bss           0x000000000080dc0c        0x0 c:/intelfpga/16.1/nios2eds/bin/gnu/h-x86_64-mingw32/bin/../lib/gcc/nios2-elf/5.3.0/../../../../../H-x86_64-mingw32/nios2-elf/lib\libc.a(lib_a-atexit.o)
 .bss           0x000000000080dc0c        0x0 c:/intelfpga/16.1/nios2eds/bin/gnu/h-x86_64-mingw32/bin/../lib/gcc/nios2-elf/5.3.0/../../../../../H-x86_64-mingw32/nios2-elf/lib\libc.a(lib_a-ctype_.o)
 .bss           0x000000000080dc0c        0x0 c:/intelfpga/16.1/nios2eds/bin/gnu/h-x86_64-mingw32/bin/../lib/gcc/nios2-elf/5.3.0/../../../../../H-x86_64-mingw32/nios2-elf/lib\libc.a(lib_a-exit.o)
 .bss           0x000000000080dc0c        0x0 c:/intelfpga/16.1/nios2eds/bin/gnu/h-x86_64-mingw32/bin/../lib/gcc/nios2-elf/5.3.0/../../../../../H-x86_64-mingw32/nios2-elf/lib\libc.a(lib_a-memcmp.o)
 .bss           0x000000000080dc0c        0x0 c:/intelfpga/16.1/nios2eds/bin/gnu/h-x86_64-mingw32/bin/../lib/gcc/nios2-elf/5.3.0/../../../../../H-x86_64-mingw32/nios2-elf/lib\libc.a(lib_a-__atexit.o)
 .bss           0x000000000080dc0c        0x0 c:/intelfpga/16.1/nios2eds/bin/gnu/h-x86_64-mingw32/bin/../lib/gcc/nios2-elf/5.3.0/../../../../../H-x86_64-mingw32/nios2-elf/lib\libc.a(lib_a-__call_atexit.o)
 .bss           0x000000000080dc0c        0x0 ../heart_beets_bsp/\libhal_bsp.a(alt_exit.o)
 *(COMMON)
 COMMON         0x000000000080dc0c       0xc0 obj/default/hello_world.o
                0x000000000080dc0c                Ventricular_timer
                0x000000000080dc24                PVARP_timer
                0x000000000080dc3c                VRP_timer
                0x000000000080dc54                Atrial_timer
                0x000000000080dc6c                AVI_timer
                0x000000000080dc84                LRI_timer
                0x000000000080dc9c                AEI_timer
                0x000000000080dcb4                URI_timer
 COMMON         0x000000000080dccc      0x100 ../heart_beets_bsp/\libhal_bsp.a(alt_irq_handler.o)
                0x000000000080dccc                alt_irq
                0x000000000080ddcc                . = ALIGN (0x4)
                0x000000000080ddcc                __bss_end = ABSOLUTE (.)

.sdram          0x000000000080ddcc        0x0
                [!provide]                        PROVIDE (_alt_partition_sdram_start, ABSOLUTE (.))
 *(.sdram .sdram. sdram.*)
                0x000000000080ddcc                . = ALIGN (0x4)
                [!provide]                        PROVIDE (_alt_partition_sdram_end, ABSOLUTE (.))
                0x000000000080ddcc                _end = ABSOLUTE (.)
                0x000000000080ddcc                end = ABSOLUTE (.)
                0x000000000080ddcc                __alt_stack_base = ABSOLUTE (.)
                [!provide]                        PROVIDE (_alt_partition_sdram_load_addr, LOADADDR (.sdram))

.onchip_mem     0x0000000001080000        0x0 load address 0x000000000080ddcc
                [!provide]                        PROVIDE (_alt_partition_onchip_mem_start, ABSOLUTE (.))
 *(.onchip_mem .onchip_mem. onchip_mem.*)
                0x0000000001080000                . = ALIGN (0x4)
                [!provide]                        PROVIDE (_alt_partition_onchip_mem_end, ABSOLUTE (.))
                [!provide]                        PROVIDE (_alt_partition_onchip_mem_load_addr, LOADADDR (.onchip_mem))

.stab
 *(.stab)

.stabstr
 *(.stabstr)

.stab.excl
 *(.stab.excl)

.stab.exclstr
 *(.stab.exclstr)

.stab.index
 *(.stab.index)

.stab.indexstr
 *(.stab.indexstr)

.comment        0x0000000000000000       0x23
 *(.comment)
 .comment       0x0000000000000000       0x23 obj/default/hello_world.o
                                         0x24 (size before relaxing)
 .comment       0x0000000000000023       0x24 obj/default/pacemaker.o
 .comment       0x0000000000000023       0x24 c:/intelfpga/16.1/nios2eds/bin/gnu/h-x86_64-mingw32/bin/../lib/gcc/nios2-elf/5.3.0/../../../../../H-x86_64-mingw32/nios2-elf/lib\libc.a(lib_a-puts.o)
 .comment       0x0000000000000023       0x24 c:/intelfpga/16.1/nios2eds/bin/gnu/h-x86_64-mingw32/bin/../lib/gcc/nios2-elf/5.3.0/../../../../../H-x86_64-mingw32/nios2-elf/lib\libc.a(lib_a-strlen.o)
 .comment       0x0000000000000023       0x24 c:/intelfpga/16.1/nios2eds/bin/gnu/h-x86_64-mingw32/bin/../lib/gcc/nios2-elf/5.3.0/../../../../../H-x86_64-mingw32/nios2-elf/lib\libc.a(lib_a-findfp.o)
 .comment       0x0000000000000023       0x24 c:/intelfpga/16.1/nios2eds/bin/gnu/h-x86_64-mingw32/bin/../lib/gcc/nios2-elf/5.3.0/../../../../../H-x86_64-mingw32/nios2-elf/lib\libc.a(lib_a-fvwrite.o)
 .comment       0x0000000000000023       0x24 c:/intelfpga/16.1/nios2eds/bin/gnu/h-x86_64-mingw32/bin/../lib/gcc/nios2-elf/5.3.0/../../../../../H-x86_64-mingw32/nios2-elf/lib\libc.a(lib_a-fwalk.o)
 .comment       0x0000000000000023       0x24 c:/intelfpga/16.1/nios2eds/bin/gnu/h-x86_64-mingw32/bin/../lib/gcc/nios2-elf/5.3.0/../../../../../H-x86_64-mingw32/nios2-elf/lib\libc.a(lib_a-impure.o)
 .comment       0x0000000000000023       0x24 c:/intelfpga/16.1/nios2eds/bin/gnu/h-x86_64-mingw32/bin/../lib/gcc/nios2-elf/5.3.0/../../../../../H-x86_64-mingw32/nios2-elf/lib\libc.a(lib_a-mallocr.o)
 .comment       0x0000000000000023       0x24 c:/intelfpga/16.1/nios2eds/bin/gnu/h-x86_64-mingw32/bin/../lib/gcc/nios2-elf/5.3.0/../../../../../H-x86_64-mingw32/nios2-elf/lib\libc.a(lib_a-memchr.o)
 .comment       0x0000000000000023       0x24 c:/intelfpga/16.1/nios2eds/bin/gnu/h-x86_64-mingw32/bin/../lib/gcc/nios2-elf/5.3.0/../../../../../H-x86_64-mingw32/nios2-elf/lib\libc.a(lib_a-memcpy.o)
 .comment       0x0000000000000023       0x24 c:/intelfpga/16.1/nios2eds/bin/gnu/h-x86_64-mingw32/bin/../lib/gcc/nios2-elf/5.3.0/../../../../../H-x86_64-mingw32/nios2-elf/lib\libc.a(lib_a-memmove.o)
 .comment       0x0000000000000023       0x24 c:/intelfpga/16.1/nios2eds/bin/gnu/h-x86_64-mingw32/bin/../lib/gcc/nios2-elf/5.3.0/../../../../../H-x86_64-mingw32/nios2-elf/lib\libc.a(lib_a-memset.o)
 .comment       0x0000000000000023       0x24 c:/intelfpga/16.1/nios2eds/bin/gnu/h-x86_64-mingw32/bin/../lib/gcc/nios2-elf/5.3.0/../../../../../H-x86_64-mingw32/nios2-elf/lib\libc.a(lib_a-reallocr.o)
 .comment       0x0000000000000023       0x24 c:/intelfpga/16.1/nios2eds/bin/gnu/h-x86_64-mingw32/bin/../lib/gcc/nios2-elf/5.3.0/../../../../../H-x86_64-mingw32/nios2-elf/lib\libc.a(lib_a-sbrkr.o)
 .comment       0x0000000000000023       0x24 c:/intelfpga/16.1/nios2eds/bin/gnu/h-x86_64-mingw32/bin/../lib/gcc/nios2-elf/5.3.0/../../../../../H-x86_64-mingw32/nios2-elf/lib\libc.a(lib_a-stdio.o)
 .comment       0x0000000000000023       0x24 c:/intelfpga/16.1/nios2eds/bin/gnu/h-x86_64-mingw32/bin/../lib/gcc/nios2-elf/5.3.0/../../../../../H-x86_64-mingw32/nios2-elf/lib\libc.a(lib_a-writer.o)
 .comment       0x0000000000000023       0x24 c:/intelfpga/16.1/nios2eds/bin/gnu/h-x86_64-mingw32/bin/../lib/gcc/nios2-elf/5.3.0/../../../../../H-x86_64-mingw32/nios2-elf/lib\libc.a(lib_a-wsetup.o)
 .comment       0x0000000000000023       0x24 c:/intelfpga/16.1/nios2eds/bin/gnu/h-x86_64-mingw32/bin/../lib/gcc/nios2-elf/5.3.0/../../../../../H-x86_64-mingw32/nios2-elf/lib\libc.a(closer.o)
 .comment       0x0000000000000023       0x24 c:/intelfpga/16.1/nios2eds/bin/gnu/h-x86_64-mingw32/bin/../lib/gcc/nios2-elf/5.3.0/../../../../../H-x86_64-mingw32/nios2-elf/lib\libc.a(lib_a-fclose.o)
 .comment       0x0000000000000023       0x24 c:/intelfpga/16.1/nios2eds/bin/gnu/h-x86_64-mingw32/bin/../lib/gcc/nios2-elf/5.3.0/../../../../../H-x86_64-mingw32/nios2-elf/lib\libc.a(lib_a-fflush.o)
 .comment       0x0000000000000023       0x24 c:/intelfpga/16.1/nios2eds/bin/gnu/h-x86_64-mingw32/bin/../lib/gcc/nios2-elf/5.3.0/../../../../../H-x86_64-mingw32/nios2-elf/lib\libc.a(lib_a-freer.o)