Archive member included to satisfy reference by file (symbol)

c:/intelfpga/16.1/nios2eds/bin/gnu/h-x86_64-mingw32/bin/../lib/gcc/nios2-elf/5.3.0/../../../../../H-x86_64-mingw32/nios2-elf/lib\libc.a(lib_a-fopen.o)
                              obj/default/hello_world.o (fopen)
c:/intelfpga/16.1/nios2eds/bin/gnu/h-x86_64-mingw32/bin/../lib/gcc/nios2-elf/5.3.0/../../../../../H-x86_64-mingw32/nios2-elf/lib\libc.a(lib_a-fseek.o)
                              c:/intelfpga/16.1/nios2eds/bin/gnu/h-x86_64-mingw32/bin/../lib/gcc/nios2-elf/5.3.0/../../../../../H-x86_64-mingw32/nios2-elf/lib\libc.a(lib_a-fopen.o) (_fseek_r)
c:/intelfpga/16.1/nios2eds/bin/gnu/h-x86_64-mingw32/bin/../lib/gcc/nios2-elf/5.3.0/../../../../../H-x86_64-mingw32/nios2-elf/lib\libc.a(lib_a-fseeko.o)
                              c:/intelfpga/16.1/nios2eds/bin/gnu/h-x86_64-mingw32/bin/../lib/gcc/nios2-elf/5.3.0/../../../../../H-x86_64-mingw32/nios2-elf/lib\libc.a(lib_a-fseek.o) (_fseeko_r)
c:/intelfpga/16.1/nios2eds/bin/gnu/h-x86_64-mingw32/bin/../lib/gcc/nios2-elf/5.3.0/../../../../../H-x86_64-mingw32/nios2-elf/lib\libc.a(lib_a-fstatr.o)
                              c:/intelfpga/16.1/nios2eds/bin/gnu/h-x86_64-mingw32/bin/../lib/gcc/nios2-elf/5.3.0/../../../../../H-x86_64-mingw32/nios2-elf/lib\libc.a(lib_a-fseeko.o) (_fstat_r)
c:/intelfpga/16.1/nios2eds/bin/gnu/h-x86_64-mingw32/bin/../lib/gcc/nios2-elf/5.3.0/../../../../../H-x86_64-mingw32/nios2-elf/lib\libc.a(lib_a-impure.o)
                              c:/intelfpga/16.1/nios2eds/bin/gnu/h-x86_64-mingw32/bin/../lib/gcc/nios2-elf/5.3.0/../../../../../H-x86_64-mingw32/nios2-elf/lib\libc.a(lib_a-fopen.o) (_impure_ptr)
c:/intelfpga/16.1/nios2eds/bin/gnu/h-x86_64-mingw32/bin/../lib/gcc/nios2-elf/5.3.0/../../../../../H-x86_64-mingw32/nios2-elf/lib\libc.a(lib_a-int_errno.o)
                              c:/intelfpga/16.1/nios2eds/bin/gnu/h-x86_64-mingw32/bin/../lib/gcc/nios2-elf/5.3.0/../../../../../H-x86_64-mingw32/nios2-elf/lib\libc.a(lib_a-fstatr.o) (errno)
c:/intelfpga/16.1/nios2eds/bin/gnu/h-x86_64-mingw32/bin/../lib/gcc/nios2-elf/5.3.0/../../../../../H-x86_64-mingw32/nios2-elf/lib\libc.a(lib_a-makebuf.o)
                              c:/intelfpga/16.1/nios2eds/bin/gnu/h-x86_64-mingw32/bin/../lib/gcc/nios2-elf/5.3.0/../../../../../H-x86_64-mingw32/nios2-elf/lib\libc.a(lib_a-fseeko.o) (__smakebuf_r)
c:/intelfpga/16.1/nios2eds/bin/gnu/h-x86_64-mingw32/bin/../lib/gcc/nios2-elf/5.3.0/../../../../../H-x86_64-mingw32/nios2-elf/lib\libc.a(lib_a-mallocr.o)
                              c:/intelfpga/16.1/nios2eds/bin/gnu/h-x86_64-mingw32/bin/../lib/gcc/nios2-elf/5.3.0/../../../../../H-x86_64-mingw32/nios2-elf/lib\libc.a(lib_a-makebuf.o) (_malloc_r)
c:/intelfpga/16.1/nios2eds/bin/gnu/h-x86_64-mingw32/bin/../lib/gcc/nios2-elf/5.3.0/../../../../../H-x86_64-mingw32/nios2-elf/lib\libc.a(lib_a-memset.o)
                              c:/intelfpga/16.1/nios2eds/bin/gnu/h-x86_64-mingw32/bin/../lib/gcc/nios2-elf/5.3.0/../../../../../H-x86_64-mingw32/nios2-elf/lib\libc.a(lib_a-fseeko.o) (memset)
c:/intelfpga/16.1/nios2eds/bin/gnu/h-x86_64-mingw32/bin/../lib/gcc/nios2-elf/5.3.0/../../../../../H-x86_64-mingw32/nios2-elf/lib\libc.a(lib_a-openr.o)
                              c:/intelfpga/16.1/nios2eds/bin/gnu/h-x86_64-mingw32/bin/../lib/gcc/nios2-elf/5.3.0/../../../../../H-x86_64-mingw32/nios2-elf/lib\libc.a(lib_a-fopen.o) (_open_r)
c:/intelfpga/16.1/nios2eds/bin/gnu/h-x86_64-mingw32/bin/../lib/gcc/nios2-elf/5.3.0/../../../../../H-x86_64-mingw32/nios2-elf/lib\libc.a(lib_a-printf.o)
                              obj/default/hello_world.o (printf)
c:/intelfpga/16.1/nios2eds/bin/gnu/h-x86_64-mingw32/bin/../lib/gcc/nios2-elf/5.3.0/../../../../../H-x86_64-mingw32/nios2-elf/lib\libc.a(lib_a-puts.o)
                              obj/default/hello_world.o (puts)
c:/intelfpga/16.1/nios2eds/bin/gnu/h-x86_64-mingw32/bin/../lib/gcc/nios2-elf/5.3.0/../../../../../H-x86_64-mingw32/nios2-elf/lib\libc.a(lib_a-refill.o)
                              c:/intelfpga/16.1/nios2eds/bin/gnu/h-x86_64-mingw32/bin/../lib/gcc/nios2-elf/5.3.0/../../../../../H-x86_64-mingw32/nios2-elf/lib\libc.a(lib_a-fseeko.o) (__srefill_r)
c:/intelfpga/16.1/nios2eds/bin/gnu/h-x86_64-mingw32/bin/../lib/gcc/nios2-elf/5.3.0/../../../../../H-x86_64-mingw32/nios2-elf/lib\libc.a(lib_a-sbrkr.o)
                              c:/intelfpga/16.1/nios2eds/bin/gnu/h-x86_64-mingw32/bin/../lib/gcc/nios2-elf/5.3.0/../../../../../H-x86_64-mingw32/nios2-elf/lib\libc.a(lib_a-mallocr.o) (_sbrk_r)
c:/intelfpga/16.1/nios2eds/bin/gnu/h-x86_64-mingw32/bin/../lib/gcc/nios2-elf/5.3.0/../../../../../H-x86_64-mingw32/nios2-elf/lib\libc.a(lib_a-stdio.o)
                              c:/intelfpga/16.1/nios2eds/bin/gnu/h-x86_64-mingw32/bin/../lib/gcc/nios2-elf/5.3.0/../../../../../H-x86_64-mingw32/nios2-elf/lib\libc.a(lib_a-fopen.o) (__sread)
[...]
Memory Configuration

Name             Origin             Length             Attributes
reset            0x0000000000800000 0x0000000000000020
sdram            0x0000000000800020 0x00000000007fffe0
onchip_mem       0x0000000001080000 0x0000000000007800
*default*        0x0000000000000000 0xffffffffffffffff

Linker script and memory map

LOAD ../heart_beets_bsp//obj/HAL/src/crt0.o
LOAD obj/default/hello_world.o
LOAD obj/default/pacemaker.o
LOAD c:/intelfpga/16.1/nios2eds/bin/gnu/h-x86_64-mingw32/bin/../lib/gcc/nios2-elf/5.3.0/../../../../../H-x86_64-mingw32/nios2-elf/lib\libstdc++.a
LOAD c:/intelfpga/16.1/nios2eds/bin/gnu/h-x86_64-mingw32/bin/../lib/gcc/nios2-elf/5.3.0/../../../../../H-x86_64-mingw32/nios2-elf/lib\libm.a
LOAD c:/intelfpga/16.1/nios2eds/bin/gnu/h-x86_64-mingw32/bin/../lib/gcc/nios2-elf/5.3.0\libgcc.a
START GROUP
LOAD c:/intelfpga/16.1/nios2eds/bin/gnu/h-x86_64-mingw32/bin/../lib/gcc/nios2-elf/5.3.0/../../../../../H-x86_64-mingw32/nios2-elf/lib\libc.a
LOAD c:/intelfpga/16.1/nios2eds/bin/gnu/h-x86_64-mingw32/bin/../lib/gcc/nios2-elf/5.3.0\libgcc.a
LOAD ../heart_beets_bsp/\libhal_bsp.a
LOAD c:/intelfpga/16.1/nios2eds/bin/gnu/h-x86_64-mingw32/bin/../lib/gcc/nios2-elf/5.3.0/../../../../../H-x86_64-mingw32/nios2-elf/lib\libm.a
END GROUP
LOAD c:/intelfpga/16.1/nios2eds/bin/gnu/h-x86_64-mingw32/bin/../lib/gcc/nios2-elf/5.3.0\libgcc.a
                0x0000000000800000                __alt_mem_sdram = 0x800000
                0x0000000001080000                __alt_mem_onchip_mem = 0x1080000

.entry          0x0000000000800000       0x20
 *(.entry)
 .entry         0x0000000000800000       0x20 ../heart_beets_bsp//obj/HAL/src/crt0.o
                0x0000000000800000                __reset

.exceptions     0x0000000000800020      0x224
                0x0000000000800020                PROVIDE (__ram_exceptions_start, ABSOLUTE (.))
                0x0000000000800020                . = ALIGN (0x20)
 *(.irq)
 *(.exceptions.entry.label)
 .exceptions.entry.label
                0x0000000000800020        0x0 ../heart_beets_bsp/\libhal_bsp.a(alt_irq_entry.o)
                0x0000000000800020                alt_irq_entry
 .exceptions.entry.label
                0x0000000000800020        0x0 ../heart_beets_bsp/\libhal_bsp.a(alt_exception_entry.o)
                0x0000000000800020                alt_exception
 *(.exceptions.entry.user)
 *(.exceptions.entry.ecc_fatal)
 *(.exceptions.entry)
 .exceptions.entry
                0x0000000000800020       0x54 ../heart_beets_bsp/\libhal_bsp.a(alt_exception_entry.o)
 *(.exceptions.irqtest.user)
 *(.exceptions.irqtest)
 .exceptions.irqtest
                0x0000000000800074       0x10 ../heart_beets_bsp/\libhal_bsp.a(alt_irq_entry.o)
 *(.exceptions.irqhandler.user)
 *(.exceptions.irqhandler)
 .exceptions.irqhandler
                0x0000000000800084        0x4 ../heart_beets_bsp/\libhal_bsp.a(alt_irq_entry.o)
 *(.exceptions.irqreturn.user)
 *(.exceptions.irqreturn)
 .exceptions.irqreturn
                0x0000000000800088        0x4 ../heart_beets_bsp/\libhal_bsp.a(alt_irq_entry.o)
 *(.exceptions.notirq.label)
 .exceptions.notirq.label
                0x000000000080008c        0x0 ../heart_beets_bsp/\libhal_bsp.a(alt_irq_entry.o)
 *(.exceptions.notirq.user)
 *(.exceptions.notirq)
 .exceptions.notirq
                0x000000000080008c        0x8 ../heart_beets_bsp/\libhal_bsp.a(alt_exception_entry.o)
 *(.exceptions.soft.user)
 *(.exceptions.soft)
 *(.exceptions.unknown.user)
 *(.exceptions.unknown)
 .exceptions.unknown
                0x0000000000800094       0x14 ../heart_beets_bsp/\libhal_bsp.a(alt_exception_entry.o)
 *(.exceptions.exit.label)
 .exceptions.exit.label
                0x00000000008000a8        0x0 ../heart_beets_bsp/\libhal_bsp.a(alt_irq_entry.o)
 .exceptions.exit.label
                0x00000000008000a8        0x0 ../heart_beets_bsp/\libhal_bsp.a(alt_exception_entry.o)
 *(.exceptions.exit.user)
 *(.exceptions.exit)
 .exceptions.exit
                0x00000000008000a8       0x54 ../heart_beets_bsp/\libhal_bsp.a(alt_exception_entry.o)
 *(.exceptions)
 .exceptions    0x00000000008000fc       0xd4 ../heart_beets_bsp/\libhal_bsp.a(alt_irq_handler.o)
                0x00000000008000fc                alt_irq_handler
 .exceptions    0x00000000008001d0       0x74 ../heart_beets_bsp/\libhal_bsp.a(alt_instruction_exception_entry.o)
                0x00000000008001d0                alt_instruction_exception_entry
                0x0000000000800244                PROVIDE (__ram_exceptions_end, ABSOLUTE (.))
                0x0000000000800020                PROVIDE (__flash_exceptions_start, LOADADDR (.exceptions))

.text           0x0000000000800244    0x143cc
                [!provide]                        PROVIDE (stext, ABSOLUTE (.))
 *(.interp)
 *(.hash)
 *(.dynsym)
 *(.dynstr)
 *(.gnu.version)
 *(.gnu.version_d)
 *(.gnu.version_r)
 *(.rel.init)
 *(.rela.init)
 *(.rel.text .rel.text.* .rel.gnu.linkonce.t.*)
 *(.rela.text .rela.text.* .rela.gnu.linkonce.t.*)
 *(.rel.fini)
 *(.rela.fini)
 *(.rel.rodata .rel.rodata.* .rel.gnu.linkonce.r.*)
 *(.rela.rodata .rela.rodata.* .rela.gnu.linkonce.r.*)
 *(.rel.data .rel.data.* .rel.gnu.linkonce.d.*)
 *(.rela.data .rela.data.* .rela.gnu.linkonce.d.*)
 *(.rel.tdata .rel.tdata.* .rel.gnu.linkonce.td.*)
 *(.rela.tdata .rela.tdata.* .rela.gnu.linkonce.td.*)
 *(.rel.tbss .rel.tbss.* .rel.gnu.linkonce.tb.*)
 *(.rela.tbss .rela.tbss.* .rela.gnu.linkonce.tb.*)
 *(.rel.ctors)
 *(.rela.ctors)
 *(.rel.dtors)
 *(.rela.dtors)
 *(.rel.got)
 *(.rela.got)
 *(.rel.sdata .rel.sdata.* .rel.gnu.linkonce.s.*)
 *(.rela.sdata .rela.sdata.* .rela.gnu.linkonce.s.*)
 *(.rel.sbss .rel.sbss.* .rel.gnu.linkonce.sb.*)
 *(.rela.sbss .rela.sbss.* .rela.gnu.linkonce.sb.*)
 *(.rel.sdata2 .rel.sdata2.* .rel.gnu.linkonce.s2.*)
 *(.rela.sdata2 .rela.sdata2.* .rela.gnu.linkonce.s2.*)
 *(.rel.sbss2 .rel.sbss2.* .rel.gnu.linkonce.sb2.*)
 *(.rela.sbss2 .rela.sbss2.* .rela.gnu.linkonce.sb2.*)
 *(.rel.bss .rel.bss.* .rel.gnu.linkonce.b.*)
 *(.rela.bss .rela.bss.* .rela.gnu.linkonce.b.*)
 *(.rel.plt)
 *(.rela.plt)
 *(.rel.dyn)
 *(.init)
 *(.plt)
 *(.text .stub .text.* .gnu.linkonce.t.*)
 .text          0x0000000000800244       0x4c ../heart_beets_bsp//obj/HAL/src/crt0.o
                0x0000000000800244                _start
 .text          0x0000000000800290      0xae0 obj/default/hello_world.o
                0x0000000000800290                Atrial_timer_ISR
                0x00000000008002b8                Ventricular_timer_ISR
                0x00000000008002e0                AtrialPace_timer_ISR
                0x0000000000800308                VentricularPace_timer_ISR
                0x0000000000800330                AVI_timer_ISR
                0x0000000000800370                PVARP_timer_ISR
                0x00000000008003b0                VRP_timer_ISR
                0x00000000008003f0                AEI_timer_ISR
                0x0000000000800430                LRI_timer_ISR
                0x0000000000800470                URI_timer_ISR
                0x00000000008004b0                checkSwitches
                0x0000000000800508                pollButtons
                0x000000000080059c                heartLEDs
                0x000000000080074c                setFlags
                0x000000000080087c                startTimers
                0x0000000000800b50                initialiseUART
                0x0000000000800bc8                UARTreceive
                0x0000000000800c70                UARTwrite
                0x0000000000800d34                main
 .text          0x0000000000800d70     0x25d4 obj/default/pacemaker.o
                0x0000000000800d70                reset
                0x0000000000800e10                tick
 .text          0x0000000000803344        0x0 c:/intelfpga/16.1/nios2eds/bin/gnu/h-x86_64-mingw32/bin/../lib/gcc/nios2-elf/5.3.0/../../../../../H-x86_64-mingw32/nios2-elf/lib\libc.a(lib_a-fopen.o)
 .text._fopen_r
                0x0000000000803344       0xf4 c:/intelfpga/16.1/nios2eds/bin/gnu/h-x86_64-mingw32/bin/../lib/gcc/nios2-elf/5.3.0/../../../../../H-x86_64-mingw32/nios2-elf/lib\libc.a(lib_a-fopen.o)
                0x0000000000803344                _fopen_r
 .text.fopen    0x0000000000803438       0x18 c:/intelfpga/16.1/nios2eds/bin/gnu/h-x86_64-mingw32/bin/../lib/gcc/nios2-elf/5.3.0/../../../../../H-x86_64-mingw32/nios2-elf/lib\libc.a(lib_a-fopen.o)
                0x0000000000803438                fopen
 .text          0x0000000000803450        0x0 c:/intelfpga/16.1/nios2eds/bin/gnu/h-x86_64-mingw32/bin/../lib/gcc/nios2-elf/5.3.0/../../../../../H-x86_64-mingw32/nios2-elf/lib\libc.a(lib_a-fseek.o)
 .text._fseek_r
                0x0000000000803450        0x4 c:/intelfpga/16.1/nios2eds/bin/gnu/h-x86_64-mingw32/bin/../lib/gcc/nios2-elf/5.3.0/../../../../../H-x86_64-mingw32/nios2-elf/lib\libc.a(lib_a-fseek.o)
                0x0000000000803450                _fseek_r
 .text.fseek    0x0000000000803454       0x1c c:/intelfpga/16.1/nios2eds/bin/gnu/h-x86_64-mingw32/bin/../lib/gcc/nios2-elf/5.3.0/../../../../../H-x86_64-mingw32/nios2-elf/lib\libc.a(lib_a-fseek.o)
                0x0000000000803454                fseek
 .text          0x0000000000803470        0x0 c:/intelfpga/16.1/nios2eds/bin/gnu/h-x86_64-mingw32/bin/../lib/gcc/nios2-elf/5.3.0/../../../../../H-x86_64-mingw32/nios2-elf/lib\libc.a(lib_a-fseeko.o)
 .text._fseeko_r
                0x0000000000803470      0x444 c:/intelfpga/16.1/nios2eds/bin/gnu/h-x86_64-mingw32/bin/../lib/gcc/nios2-elf/5.3.0/../../../../../H-x86_64-mingw32/nios2-elf/lib\libc.a(lib_a-fseeko.o)
                0x0000000000803470                _fseeko_r
 .text.fseeko   0x00000000008038b4       0x1c c:/intelfpga/16.1/nios2eds/bin/gnu/h-x86_64-mingw32/bin/../lib/gcc/nios2-elf/5.3.0/../../../../../H-x86_64-mingw32/nios2-elf/lib\libc.a(lib_a-fseeko.o)
                0x00000000008038b4                fseeko
 .text          0x00000000008038d0        0x0 c:/intelfpga/16.1/nios2eds/bin/gnu/h-x86_64-mingw32/bin/../lib/gcc/nios2-elf/5.3.0/../../../../../H-x86_64-mingw32/nios2-elf/lib\libc.a(lib_a-fstatr.o)
 .text._fstat_r
                0x00000000008038d0       0x5c c:/intelfpga/16.1/nios2eds/bin/gnu/h-x86_64-mingw32/bin/../lib/gcc/nios2-elf/5.3.0/../../../../../H-x86_64-mingw32/nios2-elf/lib\libc.a(lib_a-fstatr.o)
                0x00000000008038d0                _fstat_r
 .text          0x000000000080392c        0x0 c:/intelfpga/16.1/nios2eds/bin/gnu/h-x86_64-mingw32/bin/../lib/gcc/nios2-elf/5.3.0/../../../../../H-x86_64-mingw32/nios2-elf/lib\libc.a(lib_a-impure.o)
 .text          0x000000000080392c        0x0 c:/intelfpga/16.1/nios2eds/bin/gnu/h-x86_64-mingw32/bin/../lib/gcc/nios2-elf/5.3.0/../../../../../H-x86_64-mingw32/nios2-elf/lib\libc.a(lib_a-int_errno.o)
 .text          0x000000000080392c        0x0 c:/intelfpga/16.1/nios2eds/bin/gnu/h-x86_64-mingw32/bin/../lib/gcc/nios2-elf/5.3.0/../../../../../H-x86_64-mingw32/nios2-elf/lib\libc.a(lib_a-makebuf.o)
 .text.__smakebuf_r
                0x000000000080392c      0x1bc c:/intelfpga/16.1/nios2eds/bin/gnu/h-x86_64-mingw32/bin/../lib/gcc/nios2-elf/5.3.0/../../../../../H-x86_64-mingw32/nios2-elf/lib\libc.a(lib_a-makebuf.o)
                0x000000000080392c                __smakebuf_r
 .text          0x0000000000803ae8        0x0 c:/intelfpga/16.1/nios2eds/bin/gnu/h-x86_64-mingw32/bin/../lib/gcc/nios2-elf/5.3.0/../../../../../H-x86_64-mingw32/nios2-elf/lib\libc.a(lib_a-mallocr.o)
 .text._malloc_r
                0x0000000000803ae8      0x80c c:/intelfpga/16.1/nios2eds/bin/gnu/h-x86_64-mingw32/bin/../lib/gcc/nios2-elf/5.3.0/../../../../../H-x86_64-mingw32/nios2-elf/lib\libc.a(lib_a-mallocr.o)
                0x0000000000803ae8                _malloc_r
 .text          0x00000000008042f4        0x0 c:/intelfpga/16.1/nios2eds/bin/gnu/h-x86_64-mingw32/bin/../lib/gcc/nios2-elf/5.3.0/../../../../../H-x86_64-mingw32/nios2-elf/lib\libc.a(lib_a-memset.o)
 .text.memset   0x00000000008042f4      0x128 c:/intelfpga/16.1/nios2eds/bin/gnu/h-x86_64-mingw32/bin/../lib/gcc/nios2-elf/5.3.0/../../../../../H-x86_64-mingw32/nios2-elf/lib\libc.a(lib_a-memset.o)
                0x00000000008042f4                memset
 .text          0x000000000080441c        0x0 c:/intelfpga/16.1/nios2eds/bin/gnu/h-x86_64-mingw32/bin/../lib/gcc/nios2-elf/5.3.0/../../../../../H-x86_64-mingw32/nios2-elf/lib\libc.a(lib_a-openr.o)
 .text._open_r  0x000000000080441c       0x60 c:/intelfpga/16.1/nios2eds/bin/gnu/h-x86_64-mingw32/bin/../lib/gcc/nios2-elf/5.3.0/../../../../../H-x86_64-mingw32/nios2-elf/lib\libc.a(lib_a-openr.o)
                0x000000000080441c                _open_r
 .text          0x000000000080447c        0x0 c:/intelfpga/16.1/nios2eds/bin/gnu/h-x86_64-mingw32/bin/../lib/gcc/nios2-elf/5.3.0/../../../../../H-x86_64-mingw32/nios2-elf/lib\libc.a(lib_a-printf.o)
 .text._printf_r
                0x000000000080447c       0x30 c:/intelfpga/16.1/nios2eds/bin/gnu/h-x86_64-mingw32/bin/../lib/gcc/nios2-elf/5.3.0/../../../../../H-x86_64-mingw32/nios2-elf/lib\libc.a(lib_a-printf.o)
                0x000000000080447c                _printf_r
 .text.printf   0x00000000008044ac       0x3c c:/intelfpga/16.1/nios2eds/bin/gnu/h-x86_64-mingw32/bin/../lib/gcc/nios2-elf/5.3.0/../../../../../H-x86_64-mingw32/nios2-elf/lib\libc.a(lib_a-printf.o)
                0x00000000008044ac                printf
 .text          0x00000000008044e8        0x0 c:/intelfpga/16.1/nios2eds/bin/gnu/h-x86_64-mingw32/bin/../lib/gcc/nios2-elf/5.3.0/../../../../../H-x86_64-mingw32/nios2-elf/lib\libc.a(lib_a-puts.o)
 .text._puts_r  0x00000000008044e8       0xc0 c:/intelfpga/16.1/nios2eds/bin/gnu/h-x86_64-mingw32/bin/../lib/gcc/nios2-elf/5.3.0/../../../../../H-x86_64-mingw32/nios2-elf/lib\libc.a(lib_a-puts.o)
                0x00000000008044e8                _puts_r
 .text.puts     0x00000000008045a8       0x14 c:/intelfpga/16.1/nios2eds/bin/gnu/h-x86_64-mingw32/bin/../lib/gcc/nios2-elf/5.3.0/../../../../../H-x86_64-mingw32/nios2-elf/lib\libc.a(lib_a-puts.o)
                0x00000000008045a8                puts
 .text          0x00000000008045bc        0x0 c:/intelfpga/16.1/nios2eds/bin/gnu/h-x86_64-mingw32/bin/../lib/gcc/nios2-elf/5.3.0/../../../../../H-x86_64-mingw32/nios2-elf/lib\libc.a(lib_a-refill.o)
 .text.lflush   0x00000000008045bc       0x1c c:/intelfpga/16.1/nios2eds/bin/gnu/h-x86_64-mingw32/bin/../lib/gcc/nios2-elf/5.3.0/../../../../../H-x86_64-mingw32/nios2-elf/lib\libc.a(lib_a-refill.o)
 .text.__srefill_r
                0x00000000008045d8      0x1d4 c:/intelfpga/16.1/nios2eds/bin/gnu/h-x86_64-mingw32/bin/../lib/gcc/nios2-elf/5.3.0/../../../../../H-x86_64-mingw32/nios2-elf/lib\libc.a(lib_a-refill.o)
                0x00000000008045d8                __srefill_r
 .text          0x00000000008047ac        0x0 c:/intelfpga/16.1/nios2eds/bin/gnu/h-x86_64-mingw32/bin/../lib/gcc/nios2-elf/5.3.0/../../../../../H-x86_64-mingw32/nios2-elf/lib\libc.a(lib_a-sbrkr.o)
 .text._sbrk_r  0x00000000008047ac       0x54 c:/intelfpga/16.1/nios2eds/bin/gnu/h-x86_64-mingw32/bin/../lib/gcc/nios2-elf/5.3.0/../../../../../H-x86_64-mingw32/nios2-elf/lib\libc.a(lib_a-sbrkr.o)
                0x00000000008047ac                _sbrk_r
 .text          0x0000000000804800        0x0 c:/intelfpga/16.1/nios2eds/bin/gnu/h-x86_64-mingw32/bin/../lib/gcc/nios2-elf/5.3.0/../../../../../H-x86_64-mingw32/nios2-elf/lib\libc.a(lib_a-stdio.o)
 .text.__sread  0x0000000000804800       0x54 c:/intelfpga/16.1/nios2eds/bin/gnu/h-x86_64-mingw32/bin/../lib/gcc/nios2-elf/5.3.0/../../../../../H-x86_64-mingw32/nios2-elf/lib\libc.a(lib_a-stdio.o)
                0x0000000000804800                __sread
 .text.__seofread
                0x0000000000804854        0x8 c:/intelfpga/16.1/nios2eds/bin/gnu/h-x86_64-mingw32/bin/../lib/gcc/nios2-elf/5.3.0/../../../../../H-x86_64-mingw32/nios2-elf/lib\libc.a(lib_a-stdio.o)
                0x0000000000804854                __seofread
 .text.__swrite
                0x000000000080485c       0x7c c:/intelfpga/16.1/nios2eds/bin/gnu/h-x86_64-mingw32/bin/../lib/gcc/nios2-elf/5.3.0/../../../../../H-x86_64-mingw32/nios2-elf/lib\libc.a(lib_a-stdio.o)
                0x000000000080485c                __swrite
 .text.__sseek  0x00000000008048d8       0x5c c:/intelfpga/16.1/nios2eds/bin/gnu/h-x86_64-mingw32/bin/../lib/gcc/nios2-elf/5.3.0/../../../../../H-x86_64-mingw32/nios2-elf/lib\libc.a(lib_a-stdio.o)
                0x00000000008048d8                __sseek
 .text.__sclose
                0x0000000000804934        0x8 c:/intelfpga/16.1/nios2eds/bin/gnu/h-x86_64-mingw32/bin/../lib/gcc/nios2-elf/5.3.0/../../../../../H-x86_64-mingw32/nios2-elf/lib\libc.a(lib_a-stdio.o)
                0x0000000000804934                __sclose
 .text          0x000000000080493c        0x0 c:/intelfpga/16.1/nios2eds/bin/gnu/h-x86_64-mingw32/bin/../lib/gcc/nios2-elf/5.3.0/../../../../../H-x86_64-mingw32/nios2-elf/lib\libc.a(lib_a-strlen.o)
 .text.strlen   0x000000000080493c       0x98 c:/intelfpga/16.1/nios2eds/bin/gnu/h-x86_64-mingw32/bin/../lib/gcc/nios2-elf/5.3.0/../../../../../H-x86_64-mingw32/nios2-elf/lib\libc.a(lib_a-strlen.o)
                0x000000000080493c                strlen
 .text          0x00000000008049d4        0x0 c:/intelfpga/16.1/nios2eds/bin/gnu/h-x86_64-mingw32/bin/../lib/gcc/nios2-elf/5.3.0/../../../../../H-x86_64-mingw32/nios2-elf/lib\libc.a(lib_a-vfprintf.o)
 .text.___vfprintf_internal_r
                0x00000000008049d4     0x21f8 c:/intelfpga/16.1/nios2eds/bin/gnu/h-x86_64-mingw32/bin/../lib/gcc/nios2-elf/5.3.0/../../../../../H-x86_64-mingw32/nios2-elf/lib\libc.a(lib_a-vfprintf.o)
                0x00000000008049d4                ___vfprintf_internal_r
 .text.__vfprintf_internal
                0x0000000000806bcc       0x1c c:/intelfpga/16.1/nios2eds/bin/gnu/h-x86_64-mingw32/bin/../lib/gcc/nios2-elf/5.3.0/../../../../../H-x86_64-mingw32/nios2-elf/lib\libc.a(lib_a-vfprintf.o)
                0x0000000000806bcc                __vfprintf_internal
 .text.__sbprintf
                0x0000000000806be8       0xbc c:/intelfpga/16.1/nios2eds/bin/gnu/h-x86_64-mingw32/bin/../lib/gcc/nios2-elf/5.3.0/../../../../../H-x86_64-mingw32/nios2-elf/lib\libc.a(lib_a-vfprintf.o)
 .text          0x0000000000806ca4        0x0 c:/intelfpga/16.1/nios2eds/bin/gnu/h-x86_64-mingw32/bin/../lib/gcc/nios2-elf/5.3.0/../../../../../H-x86_64-mingw32/nios2-elf/lib\libc.a(lib_a-writer.o)
 .text._write_r
                0x0000000000806ca4       0x60 c:/intelfpga/16.1/nios2eds/bin/gnu/h-x86_64-mingw32/bin/../lib/gcc/nios2-elf/5.3.0/../../../../../H-x86_64-mingw32/nios2-elf/lib\libc.a(lib_a-writer.o)
                0x0000000000806ca4                _write_r
 .text          0x0000000000806d04        0x0 c:/intelfpga/16.1/nios2eds/bin/gnu/h-x86_64-mingw32/bin/../lib/gcc/nios2-elf/5.3.0/../../../../../H-x86_64-mingw32/nios2-elf/lib\libc.a(lib_a-wsetup.o)
 .text.__swsetup_r
                0x0000000000806d04      0x154 c:/intelfpga/16.1/nios2eds/bin/gnu/h-x86_64-mingw32/bin/../lib/gcc/nios2-elf/5.3.0/../../../../../H-x86_64-mingw32/nios2-elf/lib\libc.a(lib_a-wsetup.o)
                0x0000000000806d04                __swsetup_r
 .text          0x0000000000806e58        0x0 c:/intelfpga/16.1/nios2eds/bin/gnu/h-x86_64-mingw32/bin/../lib/gcc/nios2-elf/5.3.0/../../../../../H-x86_64-mingw32/nios2-elf/lib\libc.a(closer.o)
 .text._close_r
                0x0000000000806e58       0x54 c:/intelfpga/16.1/nios2eds/bin/gnu/h-x86_64-mingw32/bin/../lib/gcc/nios2-elf/5.3.0/../../../../../H-x86_64-mingw32/nios2-elf/lib\libc.a(closer.o)
                0x0000000000806e58                _close_r
 .text          0x0000000000806eac        0x0 c:/intelfpga/16.1/nios2eds/bin/gnu/h-x86_64-mingw32/bin/../lib/gcc/nios2-elf/5.3.0/../../../../../H-x86_64-mingw32/nios2-elf/lib\libc.a(lib_a-dtoa.o)
 .text.quorem   0x0000000000806eac      0x200 c:/intelfpga/16.1/nios2eds/bin/gnu/h-x86_64-mingw32/bin/../lib/gcc/nios2-elf/5.3.0/../../../../../H-x86_64-mingw32/nios2-elf/lib\libc.a(lib_a-dtoa.o)
 .text._dtoa_r  0x00000000008070ac     0x1688 c:/intelfpga/16.1/nios2eds/bin/gnu/h-x86_64-mingw32/bin/../lib/gcc/nios2-elf/5.3.0/../../../../../H-x86_64-mingw32/nios2-elf/lib\libc.a(lib_a-dtoa.o)
                0x00000000008070ac                _dtoa_r
 .text          0x0000000000808734        0x0 c:/intelfpga/16.1/nios2eds/bin/gnu/h-x86_64-mingw32/bin/../lib/gcc/nios2-elf/5.3.0/../../../../../H-x86_64-mingw32/nios2-elf/lib\libc.a(lib_a-fflush.o)
 .text.__sflush_r
                0x0000000000808734      0x21c c:/intelfpga/16.1/nios2eds/bin/gnu/h-x86_64-mingw32/bin/../lib/gcc/nios2-elf/5.3.0/../../../../../H-x86_64-mingw32/nios2-elf/lib\libc.a(lib_a-fflush.o)
                0x0000000000808734                __sflush_r
 .text._fflush_r
                0x0000000000808950       0x5c c:/intelfpga/16.1/nios2eds/bin/gnu/h-x86_64-mingw32/bin/../lib/gcc/nios2-elf/5.3.0/../../../../../H-x86_64-mingw32/nios2-elf/lib\libc.a(lib_a-fflush.o)
                0x0000000000808950                _fflush_r
 .text.fflush   0x00000000008089ac       0x30 c:/intelfpga/16.1/nios2eds/bin/gnu/h-x86_64-mingw32/bin/../lib/gcc/nios2-elf/5.3.0/../../../../../H-x86_64-mingw32/nios2-elf/lib\libc.a(lib_a-fflush.o)
                0x00000000008089ac                fflush
 .text          0x00000000008089dc        0x0 c:/intelfpga/16.1/nios2eds/bin/gnu/h-x86_64-mingw32/bin/../lib/gcc/nios2-elf/5.3.0/../../../../../H-x86_64-mingw32/nios2-elf/lib\libc.a(lib_a-findfp.o)
 .text.__fp_unlock
                0x00000000008089dc        0x8 c:/intelfpga/16.1/nios2eds/bin/gnu/h-x86_64-mingw32/bin/../lib/gcc/nios2-elf/5.3.0/../../../../../H-x86_64-mingw32/nios2-elf/lib\libc.a(lib_a-findfp.o)
 .text._cleanup_r
                0x00000000008089e4        0xc c:/intelfpga/16.1/nios2eds/bin/gnu/h-x86_64-mingw32/bin/../lib/gcc/nios2-elf/5.3.0/../../../../../H-x86_64-mingw32/nios2-elf/lib\libc.a(lib_a-findfp.o)
                0x00000000008089e4                _cleanup_r
 .text.__sinit.part.1
                0x00000000008089f0      0x19c c:/intelfpga/16.1/nios2eds/bin/gnu/h-x86_64-mingw32/bin/../lib/gcc/nios2-elf/5.3.0/../../../../../H-x86_64-mingw32/nios2-elf/lib\libc.a(lib_a-findfp.o)
 .text.__fp_lock
                0x0000000000808b8c        0x8 c:/intelfpga/16.1/nios2eds/bin/gnu/h-x86_64-mingw32/bin/../lib/gcc/nios2-elf/5.3.0/../../../../../H-x86_64-mingw32/nios2-elf/lib\libc.a(lib_a-findfp.o)
 .text.__sfmoreglue
                0x0000000000808b94       0x68 c:/intelfpga/16.1/nios2eds/bin/gnu/h-x86_64-mingw32/bin/../lib/gcc/nios2-elf/5.3.0/../../../../../H-x86_64-mingw32/nios2-elf/lib\libc.a(lib_a-findfp.o)
                0x0000000000808b94                __sfmoreglue
 .text.__sfp    0x0000000000808bfc      0x118 c:/intelfpga/16.1/nios2eds/bin/gnu/h-x86_64-mingw32/bin/../lib/gcc/nios2-elf/5.3.0/../../../../../H-x86_64-mingw32/nios2-elf/lib\libc.a(lib_a-findfp.o)
                0x0000000000808bfc                __sfp
 .text._cleanup
                0x0000000000808d14       0x18 c:/intelfpga/16.1/nios2eds/bin/gnu/h-x86_64-mingw32/bin/../lib/gcc/nios2-elf/5.3.0/../../../../../H-x86_64-mingw32/nios2-elf/lib\libc.a(lib_a-findfp.o)
                0x0000000000808d14                _cleanup
 .text.__sinit  0x0000000000808d2c       0x10 c:/intelfpga/16.1/nios2eds/bin/gnu/h-x86_64-mingw32/bin/../lib/gcc/nios2-elf/5.3.0/../../../../../H-x86_64-mingw32/nios2-elf/lib\libc.a(lib_a-findfp.o)
                0x0000000000808d2c                __sinit
 .text.__sfp_lock_acquire
                0x0000000000808d3c        0x4 c:/intelfpga/16.1/nios2eds/bin/gnu/h-x86_64-mingw32/bin/../lib/gcc/nios2-elf/5.3.0/../../../../../H-x86_64-mingw32/nios2-elf/lib\libc.a(lib_a-findfp.o)
                0x0000000000808d3c                __sfp_lock_acquire
 .text.__sfp_lock_release
                0x0000000000808d40        0x4 c:/intelfpga/16.1/nios2eds/bin/gnu/h-x86_64-mingw32/bin/../lib/gcc/nios2-elf/5.3.0/../../../../../H-x86_64-mingw32/nios2-elf/lib\libc.a(lib_a-findfp.o)
                0x0000000000808d40                __sfp_lock_release
 .text.__sinit_lock_acquire
                0x0000000000808d44        0x4 c:/intelfpga/16.1/nios2eds/bin/gnu/h-x86_64-mingw32/bin/../lib/gcc/nios2-elf/5.3.0/../../../../../H-x86_64-mingw32/nios2-elf/lib\libc.a(lib_a-findfp.o)
                0x0000000000808d44                __sinit_lock_acquire
 .text.__sinit_lock_release
                0x0000000000808d48        0x4 c:/intelfpga/16.1/nios2eds/bin/gnu/h-x86_64-mingw32/bin/../lib/gcc/nios2-elf/5.3.0/../../../../../H-x86_64-mingw32/nios2-elf/lib\libc.a(lib_a-findfp.o)
                0x0000000000808d48                __sinit_lock_release
 .text.__fp_lock_all
                0x0000000000808d4c       0x18 c:/intelfpga/16.1/nios2eds/bin/gnu/h-x86_64-mingw32/bin/../lib/gcc/nios2-elf/5.3.0/../../../../../H-x86_64-mingw32/nios2-elf/lib\libc.a(lib_a-findfp.o)
                0x0000000000808d4c                __fp_lock_all
 .text.__fp_unlock_all
                0x0000000000808d64       0x18 c:/intelfpga/16.1/nios2eds/bin/gnu/h-x86_64-mingw32/bin/../lib/gcc/nios2-elf/5.3.0/../../../../../H-x86_64-mingw32/nios2-elf/lib\libc.a(lib_a-findfp.o)
                0x0000000000808d64                __fp_unlock_all
 .text          0x0000000000808d7c        0x0 c:/intelfpga/16.1/nios2eds/bin/gnu/h-x86_64-mingw32/bin/../lib/gcc/nios2-elf/5.3.0/../../../../../H-x86_64-mingw32/nios2-elf/lib\libc.a(lib_a-flags.o)
 .text.__sflags
                0x0000000000808d7c       0xac c:/intelfpga/16.1/nios2eds/bin/gnu/h-x86_64-mingw32/bin/../lib/gcc/nios2-elf/5.3.0/../../../../../H-x86_64-mingw32/nios2-elf/lib\libc.a(lib_a-flags.o)
                0x0000000000808d7c                __sflags
 .text          0x0000000000808e28        0x0 c:/intelfpga/16.1/nios2eds/bin/gnu/h-x86_64-mingw32/bin/../lib/gcc/nios2-elf/5.3.0/../../../../../H-x86_64-mingw32/nios2-elf/lib\libc.a(lib_a-freer.o)
 .text._malloc_trim_r
                0x0000000000808e28      0x124 c:/intelfpga/16.1/nios2eds/bin/gnu/h-x86_64-mingw32/bin/../lib/gcc/nios2-elf/5.3.0/../../../../../H-x86_64-mingw32/nios2-elf/lib\libc.a(lib_a-freer.o)
                0x0000000000808e28                _malloc_trim_r
 .text._free_r  0x0000000000808f4c      0x310 c:/intelfpga/16.1/nios2eds/bin/gnu/h-x86_64-mingw32/bin/../lib/gcc/nios2-elf/5.3.0/../../../../../H-x86_64-mingw32/nios2-elf/lib\libc.a(lib_a-freer.o)
                0x0000000000808f4c                _free_r
 .text          0x000000000080925c        0x0 c:/intelfpga/16.1/nios2eds/bin/gnu/h-x86_64-mingw32/bin/../lib/gcc/nios2-elf/5.3.0/../../../../../H-x86_64-mingw32/nios2-elf/lib\libc.a(lib_a-fvwrite.o)
 .text.__sfvwrite_r
                0x000000000080925c      0x4bc c:/intelfpga/16.1/nios2eds/bin/gnu/h-x86_64-mingw32/bin/../lib/gcc/nios2-elf/5.3.0/../../../../../H-x86_64-mingw32/nios2-elf/lib\libc.a(lib_a-fvwrite.o)
                0x000000000080925c                __sfvwrite_r
 .text          0x0000000000809718        0x0 c:/intelfpga/16.1/nios2eds/bin/gnu/h-x86_64-mingw32/bin/../lib/gcc/nios2-elf/5.3.0/../../../../../H-x86_64-mingw32/nios2-elf/lib\libc.a(lib_a-fwalk.o)
 .text._fwalk   0x0000000000809718       0xc4 c:/intelfpga/16.1/nios2eds/bin/gnu/h-x86_64-mingw32/bin/../lib/gcc/nios2-elf/5.3.0/../../../../../H-x86_64-mingw32/nios2-elf/lib\libc.a(lib_a-fwalk.o)
                0x0000000000809718                _fwalk
 .text._fwalk_reent
                0x00000000008097dc       0xc4 c:/intelfpga/16.1/nios2eds/bin/gnu/h-x86_64-mingw32/bin/../lib/gcc/nios2-elf/5.3.0/../../../../../H-x86_64-mingw32/nios2-elf/lib\libc.a(lib_a-fwalk.o)
                0x00000000008097dc                _fwalk_reent
 .text          0x00000000008098a0        0x0 c:/intelfpga/16.1/nios2eds/bin/gnu/h-x86_64-mingw32/bin/../lib/gcc/nios2-elf/5.3.0/../../../../../H-x86_64-mingw32/nios2-elf/lib\libc.a(lib_a-isattyr.o)
 .text._isatty_r
                0x00000000008098a0       0x54 c:/intelfpga/16.1/nios2eds/bin/gnu/h-x86_64-mingw32/bin/../lib/gcc/nios2-elf/5.3.0/../../../../../H-x86_64-mingw32/nios2-elf/lib\libc.a(lib_a-isattyr.o)
                0x00000000008098a0                _isatty_r
 .text          0x00000000008098f4        0x0 c:/intelfpga/16.1/nios2eds/bin/gnu/h-x86_64-mingw32/bin/../lib/gcc/nios2-elf/5.3.0/../../../../../H-x86_64-mingw32/nios2-elf/lib\libc.a(lib_a-locale.o)
 .text._setlocale_r
                0x00000000008098f4       0x7c c:/intelfpga/16.1/nios2eds/bin/gnu/h-x86_64-mingw32/bin/../lib/gcc/nios2-elf/5.3.0/../../../../../H-x86_64-mingw32/nios2-elf/lib\libc.a(lib_a-locale.o)
                0x00000000008098f4                _setlocale_r
 .text.__locale_charset
                0x0000000000809970        0xc c:/intelfpga/16.1/nios2eds/bin/gnu/h-x86_64-mingw32/bin/../lib/gcc/nios2-elf/5.3.0/../../../../../H-x86_64-mingw32/nios2-elf/lib\libc.a(lib_a-locale.o)
                0x0000000000809970                __locale_charset
 .text.__locale_mb_cur_max
                0x000000000080997c       0x10 c:/intelfpga/16.1/nios2eds/bin/gnu/h-x86_64-mingw32/bin/../lib/gcc/nios2-elf/5.3.0/../../../../../H-x86_64-mingw32/nios2-elf/lib\libc.a(lib_a-locale.o)
                0x000000000080997c                __locale_mb_cur_max
 .text.__locale_msgcharset
                0x000000000080998c        0xc c:/intelfpga/16.1/nios2eds/bin/gnu/h-x86_64-mingw32/bin/../lib/gcc/nios2-elf/5.3.0/../../../../../H-x86_64-mingw32/nios2-elf/lib\libc.a(lib_a-locale.o)
                0x000000000080998c                __locale_msgcharset
 .text.__locale_cjk_lang
                0x0000000000809998        0x8 c:/intelfpga/16.1/nios2eds/bin/gnu/h-x86_64-mingw32/bin/../lib/gcc/nios2-elf/5.3.0/../../../../../H-x86_64-mingw32/nios2-elf/lib\libc.a(lib_a-locale.o)
                0x0000000000809998                __locale_cjk_lang
 .text._localeconv_r
                0x00000000008099a0        0xc c:/intelfpga/16.1/nios2eds/bin/gnu/h-x86_64-mingw32/bin/../lib/gcc/nios2-elf/5.3.0/../../../../../H-x86_64-mingw32/nios2-elf/lib\libc.a(lib_a-locale.o)
                0x00000000008099a0                _localeconv_r
 .text.setlocale
                0x00000000008099ac       0x18 c:/intelfpga/16.1/nios2eds/bin/gnu/h-x86_64-mingw32/bin/../lib/gcc/nios2-elf/5.3.0/../../../../../H-x86_64-mingw32/nios2-elf/lib\libc.a(lib_a-locale.o)
                0x00000000008099ac                setlocale
 .text.localeconv
                0x00000000008099c4        0xc c:/intelfpga/16.1/nios2eds/bin/gnu/h-x86_64-mingw32/bin/../lib/gcc/nios2-elf/5.3.0/../../../../../H-x86_64-mingw32/nios2-elf/lib\libc.a(lib_a-locale.o)
                0x00000000008099c4                localeconv
 .text          0x00000000008099d0        0x0 c:/intelfpga/16.1/nios2eds/bin/gnu/h-x86_64-mingw32/bin/../lib/gcc/nios2-elf/5.3.0/../../../../../H-x86_64-mingw32/nios2-elf/lib\libc.a(lib_a-lseekr.o)
 .text._lseek_r
                0x00000000008099d0       0x60 c:/intelfpga/16.1/nios2eds/bin/gnu/h-x86_64-mingw32/bin/../lib/gcc/nios2-elf/5.3.0/../../../../../H-x86_64-mingw32/nios2-elf/lib\libc.a(lib_a-lseekr.o)
                0x00000000008099d0                _lseek_r
 .text          0x0000000000809a30        0x0 c:/intelfpga/16.1/nios2eds/bin/gnu/h-x86_64-mingw32/bin/../lib/gcc/nios2-elf/5.3.0/../../../../../H-x86_64-mingw32/nios2-elf/lib\libc.a(lib_a-memchr.o)
 .text.memchr   0x0000000000809a30       0xe4 c:/intelfpga/16.1/nios2eds/bin/gnu/h-x86_64-mingw32/bin/../lib/gcc/nios2-elf/5.3.0/../../../../../H-x86_64-mingw32/nios2-elf/lib\libc.a(lib_a-memchr.o)
                0x0000000000809a30                memchr
 .text          0x0000000000809b14        0x0 c:/intelfpga/16.1/nios2eds/bin/gnu/h-x86_64-mingw32/bin/../lib/gcc/nios2-elf/5.3.0/../../../../../H-x86_64-mingw32/nios2-elf/lib\libc.a(lib_a-memcpy.o)
 .text.memcpy   0x0000000000809b14      0x148 c:/intelfpga/16.1/nios2eds/bin/gnu/h-x86_64-mingw32/bin/../lib/gcc/nios2-elf/5.3.0/../../../../../H-x86_64-mingw32/nios2-elf/lib\libc.a(lib_a-memcpy.o)
                0x0000000000809b14                memcpy
 .text          0x0000000000809c5c        0x0 c:/intelfpga/16.1/nios2eds/bin/gnu/h-x86_64-mingw32/bin/../lib/gcc/nios2-elf/5.3.0/../../../../../H-x86_64-mingw32/nios2-elf/lib\libc.a(lib_a-memmove.o)
 .text.memmove  0x0000000000809c5c      0x15c c:/intelfpga/16.1/nios2eds/bin/gnu/h-x86_64-mingw32/bin/../lib/gcc/nios2-elf/5.3.0/../../../../../H-x86_64-mingw32/nios2-elf/lib\libc.a(lib_a-memmove.o)
                0x0000000000809c5c                memmove
 .text          0x0000000000809db8        0x0 c:/intelfpga/16.1/nios2eds/bin/gnu/h-x86_64-mingw32/bin/../lib/gcc/nios2-elf/5.3.0/../../../../../H-x86_64-mingw32/nios2-elf/lib\libc.a(lib_a-mprec.o)
 .text._Balloc  0x0000000000809db8       0xa8 c:/intelfpga/16.1/nios2eds/bin/gnu/h-x86_64-mingw32/bin/../lib/gcc/nios2-elf/5.3.0/../../../../../H-x86_64-mingw32/nios2-elf/lib\libc.a(lib_a-mprec.o)
                0x0000000000809db8                _Balloc
 .text._Bfree   0x0000000000809e60       0x28 c:/intelfpga/16.1/nios2eds/bin/gnu/h-x86_64-mingw32/bin/../lib/gcc/nios2-elf/5.3.0/../../../../../H-x86_64-mingw32/nios2-elf/lib\libc.a(lib_a-mprec.o)
                0x0000000000809e60                _Bfree
 .text.__multadd
                0x0000000000809e88      0x120 c:/intelfpga/16.1/nios2eds/bin/gnu/h-x86_64-mingw32/bin/../lib/gcc/nios2-elf/5.3.0/../../../../../H-x86_64-mingw32/nios2-elf/lib\libc.a(lib_a-mprec.o)
                0x0000000000809e88                __multadd
 .text.__s2b    0x0000000000809fa8      0x104 c:/intelfpga/16.1/nios2eds/bin/gnu/h-x86_64-mingw32/bin/../lib/gcc/nios2-elf/5.3.0/../../../../../H-x86_64-mingw32/nios2-elf/lib\libc.a(lib_a-mprec.o)
                0x0000000000809fa8                __s2b
 .text.__hi0bits
                0x000000000080a0ac       0x68 c:/intelfpga/16.1/nios2eds/bin/gnu/h-x86_64-mingw32/bin/../lib/gcc/nios2-elf/5.3.0/../../../../../H-x86_64-mingw32/nios2-elf/lib\libc.a(lib_a-mprec.o)
                0x000000000080a0ac                __hi0bits
 .text.__lo0bits
                0x000000000080a114       0xb0 c:/intelfpga/16.1/nios2eds/bin/gnu/h-x86_64-mingw32/bin/../lib/gcc/nios2-elf/5.3.0/../../../../../H-x86_64-mingw32/nios2-elf/lib\libc.a(lib_a-mprec.o)
                0x000000000080a114                __lo0bits
 .text.__i2b    0x000000000080a1c4       0x3c c:/intelfpga/16.1/nios2eds/bin/gnu/h-x86_64-mingw32/bin/../lib/gcc/nios2-elf/5.3.0/../../../../../H-x86_64-mingw32/nios2-elf/lib\libc.a(lib_a-mprec.o)
                0x000000000080a1c4                __i2b
 .text.__multiply
                0x000000000080a200      0x1f8 c:/intelfpga/16.1/nios2eds/bin/gnu/h-x86_64-mingw32/bin/../lib/gcc/nios2-elf/5.3.0/../../../../../H-x86_64-mingw32/nios2-elf/lib\libc.a(lib_a-mprec.o)
                0x000000000080a200                __multiply
 .text.__pow5mult
                0x000000000080a3f8      0x140 c:/intelfpga/16.1/nios2eds/bin/gnu/h-x86_64-mingw32/bin/../lib/gcc/nios2-elf/5.3.0/../../../../../H-x86_64-mingw32/nios2-elf/lib\libc.a(lib_a-mprec.o)
                0x000000000080a3f8                __pow5mult
 .text.__lshift
                0x000000000080a538      0x148 c:/intelfpga/16.1/nios2eds/bin/gnu/h-x86_64-mingw32/bin/../lib/gcc/nios2-elf/5.3.0/../../../../../H-x86_64-mingw32/nios2-elf/lib\libc.a(lib_a-mprec.o)
                0x000000000080a538                __lshift
 .text.__mcmp   0x000000000080a680       0x60 c:/intelfpga/16.1/nios2eds/bin/gnu/h-x86_64-mingw32/bin/../lib/gcc/nios2-elf/5.3.0/../../../../../H-x86_64-mingw32/nios2-elf/lib\libc.a(lib_a-mprec.o)
                0x000000000080a680                __mcmp
 .text.__mdiff  0x000000000080a6e0      0x1fc c:/intelfpga/16.1/nios2eds/bin/gnu/h-x86_64-mingw32/bin/../lib/gcc/nios2-elf/5.3.0/../../../../../H-x86_64-mingw32/nios2-elf/lib\libc.a(lib_a-mprec.o)
                0x000000000080a6e0                __mdiff
 .text.__ulp    0x000000000080a8dc       0x64 c:/intelfpga/16.1/nios2eds/bin/gnu/h-x86_64-mingw32/bin/../lib/gcc/nios2-elf/5.3.0/../../../../../H-x86_64-mingw32/nios2-elf/lib\libc.a(lib_a-mprec.o)
                0x000000000080a8dc                __ulp
 .text.__b2d    0x000000000080a940      0x10c c:/intelfpga/16.1/nios2eds/bin/gnu/h-x86_64-mingw32/bin/../lib/gcc/nios2-elf/5.3.0/../../../../../H-x86_64-mingw32/nios2-elf/lib\libc.a(lib_a-mprec.o)
                0x000000000080a940                __b2d
 .text.__d2b    0x000000000080aa4c      0x14c c:/intelfpga/16.1/nios2eds/bin/gnu/h-x86_64-mingw32/bin/../lib/gcc/nios2-elf/5.3.0/../../../../../H-x86_64-mingw32/nios2-elf/lib\libc.a(lib_a-mprec.o)
                0x000000000080aa4c                __d2b
 .text.__ratio  0x000000000080ab98       0xa4 c:/intelfpga/16.1/nios2eds/bin/gnu/h-x86_64-mingw32/bin/../lib/gcc/nios2-elf/5.3.0/../../../../../H-x86_64-mingw32/nios2-elf/lib\libc.a(lib_a-mprec.o)
                0x000000000080ab98                __ratio
 .text._mprec_log10
                0x000000000080ac3c       0x74 c:/intelfpga/16.1/nios2eds/bin/gnu/h-x86_64-mingw32/bin/../lib/gcc/nios2-elf/5.3.0/../../../../../H-x86_64-mingw32/nios2-elf/lib\libc.a(lib_a-mprec.o)
                0x000000000080ac3c                _mprec_log10
 .text.__copybits
                0x000000000080acb0       0x78 c:/intelfpga/16.1/nios2eds/bin/gnu/h-x86_64-mingw32/bin/../lib/gcc/nios2-elf/5.3.0/../../../../../H-x86_64-mingw32/nios2-elf/lib\libc.a(lib_a-mprec.o)
                0x000000000080acb0                __copybits
 .text.__any_on
                0x000000000080ad28       0x8c c:/intelfpga/16.1/nios2eds/bin/gnu/h-x86_64-mingw32/bin/../lib/gcc/nios2-elf/5.3.0/../../../../../H-x86_64-mingw32/nios2-elf/lib\libc.a(lib_a-mprec.o)
                0x000000000080ad28                __any_on
 .text          0x000000000080adb4        0x0 c:/intelfpga/16.1/nios2eds/bin/gnu/h-x86_64-mingw32/bin/../lib/gcc/nios2-elf/5.3.0/../../../../../H-x86_64-mingw32/nios2-elf/lib\libc.a(lib_a-readr.o)
 .text._read_r  0x000000000080adb4       0x60 c:/intelfpga/16.1/nios2eds/bin/gnu/h-x86_64-mingw32/bin/../lib/gcc/nios2-elf/5.3.0/../../../../../H-x86_64-mingw32/nios2-elf/lib\libc.a(lib_a-readr.o)
                0x000000000080adb4                _read_r
 .text          0x000000000080ae14        0x0 c:/intelfpga/16.1/nios2eds/bin/gnu/h-x86_64-mingw32/bin/../lib/gcc/nios2-elf/5.3.0/../../../../../H-x86_64-mingw32/nios2-elf/lib\libc.a(lib_a-reallocr.o)
 .text._realloc_r
                0x000000000080ae14      0x564 c:/intelfpga/16.1/nios2eds/bin/gnu/h-x86_64-mingw32/bin/../lib/gcc/nios2-elf/5.3.0/../../../../../H-x86_64-mingw32/nios2-elf/lib\libc.a(lib_a-reallocr.o)
                0x000000000080ae14                _realloc_r
 .text          0x000000000080b378        0x0 c:/intelfpga/16.1/nios2eds/bin/gnu/h-x86_64-mingw32/bin/../lib/gcc/nios2-elf/5.3.0/../../../../../H-x86_64-mingw32/nios2-elf/lib\libc.a(lib_a-s_fpclassify.o)
 .text.__fpclassifyd
                0x000000000080b378       0x74 c:/intelfpga/16.1/nios2eds/bin/gnu/h-x86_64-mingw32/bin/../lib/gcc/nios2-elf/5.3.0/../../../../../H-x86_64-mingw32/nios2-elf/lib\libc.a(lib_a-s_fpclassify.o)
                0x000000000080b378                __fpclassifyd
 .text          0x000000000080b3ec        0x0 c:/intelfpga/16.1/nios2eds/bin/gnu/h-x86_64-mingw32/bin/../lib/gcc/nios2-elf/5.3.0/../../../../../H-x86_64-mingw32/nios2-elf/lib\libc.a(lib_a-strcmp.o)
 .text.strcmp   0x000000000080b3ec       0xdc c:/intelfpga/16.1/nios2eds/bin/gnu/h-x86_64-mingw32/bin/../lib/gcc/nios2-elf/5.3.0/../../../../../H-x86_64-mingw32/nios2-elf/lib\libc.a(lib_a-strcmp.o)
                0x000000000080b3ec                strcmp
 .text          0x000000000080b4c8        0x0 c:/intelfpga/16.1/nios2eds/bin/gnu/h-x86_64-mingw32/bin/../lib/gcc/nios2-elf/5.3.0/../../../../../H-x86_64-mingw32/nios2-elf/lib\libc.a(lib_a-vfiprintf.o)
 .text.__sprint_r.part.0
                0x000000000080b4c8       0xfc c:/intelfpga/16.1/nios2eds/bin/gnu/h-x86_64-mingw32/bin/../lib/gcc/nios2-elf/5.3.0/../../../../../H-x86_64-mingw32/nios2-elf/lib\libc.a(lib_a-vfiprintf.o)
 .text.__sprint_r
                0x000000000080b5c4       0x18 c:/intelfpga/16.1/nios2eds/bin/gnu/h-x86_64-mingw32/bin/../lib/gcc/nios2-elf/5.3.0/../../../../../H-x86_64-mingw32/nios2-elf/lib\libc.a(lib_a-vfiprintf.o)
                0x000000000080b5c4                __sprint_r
 .text.___vfiprintf_internal_r
                0x000000000080b5dc     0x145c c:/intelfpga/16.1/nios2eds/bin/gnu/h-x86_64-mingw32/bin/../lib/gcc/nios2-elf/5.3.0/../../../../../H-x86_64-mingw32/nios2-elf/lib\libc.a(lib_a-vfiprintf.o)
                0x000000000080b5dc                ___vfiprintf_internal_r
 .text.__vfiprintf_internal
                0x000000000080ca38       0x1c c:/intelfpga/16.1/nios2eds/bin/gnu/h-x86_64-mingw32/bin/../lib/gcc/nios2-elf/5.3.0/../../../../../H-x86_64-mingw32/nios2-elf/lib\libc.a(lib_a-vfiprintf.o)
                0x000000000080ca38                __vfiprintf_internal
 .text.__sbprintf
                0x000000000080ca54       0xbc c:/intelfpga/16.1/nios2eds/bin/gnu/h-x86_64-mingw32/bin/../lib/gcc/nios2-elf/5.3.0/../../../../../H-x86_64-mingw32/nios2-elf/lib\libc.a(lib_a-vfiprintf.o)
 .text          0x000000000080cb10        0x0 c:/intelfpga/16.1/nios2eds/bin/gnu/h-x86_64-mingw32/bin/../lib/gcc/nios2-elf/5.3.0/../../../../../H-x86_64-mingw32/nios2-elf/lib\libc.a(lib_a-callocr.o)
 .text._calloc_r
                0x000000000080cb10       0xc4 c:/intelfpga/16.1/nios2eds/bin/gnu/h-x86_64-mingw32/bin/../lib/gcc/nios2-elf/5.3.0/../../../../../H-x86_64-mingw32/nios2-elf/lib\libc.a(lib_a-callocr.o)
                0x000000000080cb10                _calloc_r
 .text          0x000000000080cbd4        0x0 c:/intelfpga/16.1/nios2eds/bin/gnu/h-x86_64-mingw32/bin/../lib/gcc/nios2-elf/5.3.0/../../../../../H-x86_64-mingw32/nios2-elf/lib\libc.a(lib_a-fclose.o)
 .text._fclose_r
                0x000000000080cbd4       0xf0 c:/intelfpga/16.1/nios2eds/bin/gnu/h-x86_64-mingw32/bin/../lib/gcc/nios2-elf/5.3.0/../../../../../H-x86_64-mingw32/nios2-elf/lib\libc.a(lib_a-fclose.o)
                0x000000000080cbd4                _fclose_r
 .text.fclose   0x000000000080ccc4       0x14 c:/intelfpga/16.1/nios2eds/bin/gnu/h-x86_64-mingw32/bin/../lib/gcc/nios2-elf/5.3.0/../../../../../H-x86_64-mingw32/nios2-elf/lib\libc.a(lib_a-fclose.o)
                0x000000000080ccc4                fclose
 .text          0x000000000080ccd8        0x0 c:/intelfpga/16.1/nios2eds/bin/gnu/h-x86_64-mingw32/bin/../lib/gcc/nios2-elf/5.3.0/../../../../../H-x86_64-mingw32/nios2-elf/lib\libc.a(lib_a-fputwc.o)
 .text.__fputwc
                0x000000000080ccd8      0x164 c:/intelfpga/16.1/nios2eds/bin/gnu/h-x86_64-mingw32/bin/../lib/gcc/nios2-elf/5.3.0/../../../../../H-x86_64-mingw32/nios2-elf/lib\libc.a(lib_a-fputwc.o)
                0x000000000080ccd8                __fputwc
 .text._fputwc_r
                0x000000000080ce3c       0x24 c:/intelfpga/16.1/nios2eds/bin/gnu/h-x86_64-mingw32/bin/../lib/gcc/nios2-elf/5.3.0/../../../../../H-x86_64-mingw32/nios2-elf/lib\libc.a(lib_a-fputwc.o)
                0x000000000080ce3c                _fputwc_r
 .text.fputwc   0x000000000080ce60       0x80 c:/intelfpga/16.1/nios2eds/bin/gnu/h-x86_64-mingw32/bin/../lib/gcc/nios2-elf/5.3.0/../../../../../H-x86_64-mingw32/nios2-elf/lib\libc.a(lib_a-fputwc.o)
                0x000000000080ce60                fputwc
 .text          0x000000000080cee0        0x0 c:/intelfpga/16.1/nios2eds/bin/gnu/h-x86_64-mingw32/bin/../lib/gcc/nios2-elf/5.3.0/../../../../../H-x86_64-mingw32/nios2-elf/lib\libc.a(lib_a-wbuf.o)
 .text.__swbuf_r
                0x000000000080cee0      0x140 c:/intelfpga/16.1/nios2eds/bin/gnu/h-x86_64-mingw32/bin/../lib/gcc/nios2-elf/5.3.0/../../../../../H-x86_64-mingw32/nios2-elf/lib\libc.a(lib_a-wbuf.o)
                0x000000000080cee0                __swbuf_r
 .text.__swbuf  0x000000000080d020       0x18 c:/intelfpga/16.1/nios2eds/bin/gnu/h-x86_64-mingw32/bin/../lib/gcc/nios2-elf/5.3.0/../../../../../H-x86_64-mingw32/nios2-elf/lib\libc.a(lib_a-wbuf.o)
                0x000000000080d020                __swbuf
 .text          0x000000000080d038        0x0 c:/intelfpga/16.1/nios2eds/bin/gnu/h-x86_64-mingw32/bin/../lib/gcc/nios2-elf/5.3.0/../../../../../H-x86_64-mingw32/nios2-elf/lib\libc.a(lib_a-wcrtomb.o)
 .text._wcrtomb_r
                0x000000000080d038       0x9c c:/intelfpga/16.1/nios2eds/bin/gnu/h-x86_64-mingw32/bin/../lib/gcc/nios2-elf/5.3.0/../../../../../H-x86_64-mingw32/nios2-elf/lib\libc.a(lib_a-wcrtomb.o)
                0x000000000080d038                _wcrtomb_r
 .text.wcrtomb  0x000000000080d0d4       0xc0 c:/intelfpga/16.1/nios2eds/bin/gnu/h-x86_64-mingw32/bin/../lib/gcc/nios2-elf/5.3.0/../../../../../H-x86_64-mingw32/nios2-elf/lib\libc.a(lib_a-wcrtomb.o)
                0x000000000080d0d4                wcrtomb
 .text          0x000000000080d194        0x0 c:/intelfpga/16.1/nios2eds/bin/gnu/h-x86_64-mingw32/bin/../lib/gcc/nios2-elf/5.3.0/../../../../../H-x86_64-mingw32/nios2-elf/lib\libc.a(lib_a-wctomb_r.o)
 .text.__ascii_wctomb
                0x000000000080d194       0x30 c:/intelfpga/16.1/nios2eds/bin/gnu/h-x86_64-mingw32/bin/../lib/gcc/nios2-elf/5.3.0/../../../../../H-x86_64-mingw32/nios2-elf/lib\libc.a(lib_a-wctomb_r.o)
                0x000000000080d194                __ascii_wctomb
 .text._wctomb_r
                0x000000000080d1c4       0x5c c:/intelfpga/16.1/nios2eds/bin/gnu/h-x86_64-mingw32/bin/../lib/gcc/nios2-elf/5.3.0/../../../../../H-x86_64-mingw32/nios2-elf/lib\libc.a(lib_a-wctomb_r.o)
                0x000000000080d1c4                _wctomb_r
 .text          0x000000000080d220      0x578 c:/intelfpga/16.1/nios2eds/bin/gnu/h-x86_64-mingw32/bin/../lib/gcc/nios2-elf/5.3.0\libgcc.a(_udivdi3.o)
                0x000000000080d220                __udivdi3
 .text          0x000000000080d798      0x538 c:/intelfpga/16.1/nios2eds/bin/gnu/h-x86_64-mingw32/bin/../lib/gcc/nios2-elf/5.3.0\libgcc.a(_umoddi3.o)
                0x000000000080d798                __umoddi3
 .text          0x000000000080dcd0      0x1b4 c:/intelfpga/16.1/nios2eds/bin/gnu/h-x86_64-mingw32/bin/../lib/gcc/nios2-elf/5.3.0\libgcc.a(lib2-divmod.o)
                0x000000000080dcd0                __divsi3
                0x000000000080dd54                __modsi3
                0x000000000080ddc8                __udivsi3
                0x000000000080de2c                __umodsi3
 .text          0x000000000080de84      0x8ac c:/intelfpga/16.1/nios2eds/bin/gnu/h-x86_64-mingw32/bin/../lib/gcc/nios2-elf/5.3.0\libgcc.a(adddf3.o)
                0x000000000080de84                __adddf3
 .text          0x000000000080e730      0x8e8 c:/intelfpga/16.1/nios2eds/bin/gnu/h-x86_64-mingw32/bin/../lib/gcc/nios2-elf/5.3.0\libgcc.a(divdf3.o)
                0x000000000080e730                __divdf3
 .text          0x000000000080f018       0x88 c:/intelfpga/16.1/nios2eds/bin/gnu/h-x86_64-mingw32/bin/../lib/gcc/nios2-elf/5.3.0\libgcc.a(eqdf2.o)
                0x000000000080f018                __nedf2
                0x000000000080f018                __eqdf2
 .text          0x000000000080f0a0       0xdc c:/intelfpga/16.1/nios2eds/bin/gnu/h-x86_64-mingw32/bin/../lib/gcc/nios2-elf/5.3.0\libgcc.a(gedf2.o)
                0x000000000080f0a0                __gedf2
                0x000000000080f0a0                __gtdf2
 .text          0x000000000080f17c       0xf4 c:/intelfpga/16.1/nios2eds/bin/gnu/h-x86_64-mingw32/bin/../lib/gcc/nios2-elf/5.3.0\libgcc.a(ledf2.o)
                0x000000000080f17c                __ledf2
                0x000000000080f17c                __ltdf2
 .text          0x000000000080f270      0x718 c:/intelfpga/16.1/nios2eds/bin/gnu/h-x86_64-mingw32/bin/../lib/gcc/nios2-elf/5.3.0\libgcc.a(muldf3.o)
                0x000000000080f270                __muldf3
 .text          0x000000000080f988      0x8fc c:/intelfpga/16.1/nios2eds/bin/gnu/h-x86_64-mingw32/bin/../lib/gcc/nios2-elf/5.3.0\libgcc.a(subdf3.o)
                0x000000000080f988                __subdf3
 .text          0x0000000000810284       0x80 c:/intelfpga/16.1/nios2eds/bin/gnu/h-x86_64-mingw32/bin/../lib/gcc/nios2-elf/5.3.0\libgcc.a(fixdfsi.o)
                0x0000000000810284                __fixdfsi
 .text          0x0000000000810304       0xdc c:/intelfpga/16.1/nios2eds/bin/gnu/h-x86_64-mingw32/bin/../lib/gcc/nios2-elf/5.3.0\libgcc.a(floatsidf.o)
                0x0000000000810304                __floatsidf
 .text          0x00000000008103e0       0xa8 c:/intelfpga/16.1/nios2eds/bin/gnu/h-x86_64-mingw32/bin/../lib/gcc/nios2-elf/5.3.0\libgcc.a(floatunsidf.o)
                0x00000000008103e0                __floatunsidf
 .text          0x0000000000810488        0x0 c:/intelfpga/16.1/nios2eds/bin/gnu/h-x86_64-mingw32/bin/../lib/gcc/nios2-elf/5.3.0\libgcc.a(_clz.o)
 .text          0x0000000000810488       0x64 c:/intelfpga/16.1/nios2eds/bin/gnu/h-x86_64-mingw32/bin/../lib/gcc/nios2-elf/5.3.0\libgcc.a(_clzsi2.o)
                0x0000000000810488                __clzsi2
 .text          0x00000000008104ec      0x12c ../heart_beets_bsp/\libhal_bsp.a(alt_alarm_start.o)
                0x00000000008104ec                alt_alarm_start
 .text          0x0000000000810618      0x10c ../heart_beets_bsp/\libhal_bsp.a(alt_close.o)
                0x0000000000810654                close
 .text          0x0000000000810724       0x2c ../heart_beets_bsp/\libhal_bsp.a(alt_dev.o)
 .text          0x0000000000810750        0x0 ../heart_beets_bsp/\libhal_bsp.a(alt_errno.o)
 .text          0x0000000000810750       0xec ../heart_beets_bsp/\libhal_bsp.a(alt_fstat.o)
                0x000000000081078c                fstat
 .text          0x000000000081083c       0xe0 ../heart_beets_bsp/\libhal_bsp.a(alt_isatty.o)
                0x0000000000810878                isatty
 .text          0x000000000081091c       0xec ../heart_beets_bsp/\libhal_bsp.a(alt_load.o)
                0x0000000000810984                alt_load
 .text          0x0000000000810a08      0x110 ../heart_beets_bsp/\libhal_bsp.a(alt_lseek.o)
                0x0000000000810a44                lseek
 .text          0x0000000000810b18       0x7c ../heart_beets_bsp/\libhal_bsp.a(alt_main.o)
                0x0000000000810b18                alt_main
 .text          0x0000000000810b94       0x48 ../heart_beets_bsp/\libhal_bsp.a(alt_malloc_lock.o)
                0x0000000000810b94                __malloc_lock
                0x0000000000810bb8                __malloc_unlock
 .text          0x0000000000810bdc      0x254 ../heart_beets_bsp/\libhal_bsp.a(alt_open.o)
                0x0000000000810cdc                open
 .text          0x0000000000810e30      0x138 ../heart_beets_bsp/\libhal_bsp.a(alt_read.o)
                0x0000000000810e6c                read
 .text          0x0000000000810f68       0x64 ../heart_beets_bsp/\libhal_bsp.a(alt_release_fd.o)
                0x0000000000810f68                alt_release_fd
 .text          0x0000000000810fcc       0xb0 ../heart_beets_bsp/\libhal_bsp.a(alt_sbrk.o)
                0x0000000000810fcc                sbrk
 .text          0x000000000081107c      0x1a4 ../heart_beets_bsp/\libhal_bsp.a(alt_tick.o)
                0x000000000081107c                alt_alarm_stop
                0x0000000000811118                alt_tick
 .text          0x0000000000811220      0x134 ../heart_beets_bsp/\libhal_bsp.a(alt_write.o)
                0x000000000081125c                write
 .text          0x0000000000811354      0x108 ../heart_beets_bsp/\libhal_bsp.a(alt_sys_init.o)
                0x0000000000811388                alt_irq_init
                0x00000000008113c0                alt_sys_init
 .text          0x000000000081145c      0x164 ../heart_beets_bsp/\libhal_bsp.a(altera_avalon_jtag_uart_fd.o)
                0x000000000081145c                altera_avalon_jtag_uart_read_fd
                0x00000000008114bc                altera_avalon_jtag_uart_write_fd
                0x000000000081151c                altera_avalon_jtag_uart_close_fd
                0x000000000081156c                altera_avalon_jtag_uart_ioctl_fd
 .text          0x00000000008115c0      0x3d4 ../heart_beets_bsp/\libhal_bsp.a(altera_avalon_jtag_uart_init.o)
                0x00000000008115c0                altera_avalon_jtag_uart_init
                0x000000000081192c                altera_avalon_jtag_uart_close
 .text          0x0000000000811994       0xf0 ../heart_beets_bsp/\libhal_bsp.a(altera_avalon_jtag_uart_ioctl.o)
                0x0000000000811994                altera_avalon_jtag_uart_ioctl
 .text          0x0000000000811a84      0x21c ../heart_beets_bsp/\libhal_bsp.a(altera_avalon_jtag_uart_read.o)
                0x0000000000811a84                altera_avalon_jtag_uart_read
 .text          0x0000000000811ca0      0x224 ../heart_beets_bsp/\libhal_bsp.a(altera_avalon_jtag_uart_write.o)
                0x0000000000811ca0                altera_avalon_jtag_uart_write
 .text          0x0000000000811ec4      0xe7c ../heart_beets_bsp/\libhal_bsp.a(altera_avalon_lcd_16207.o)
                0x0000000000812688                altera_avalon_lcd_16207_write
                0x0000000000812c0c                altera_avalon_lcd_16207_init
 .text          0x0000000000812d40       0x60 ../heart_beets_bsp/\libhal_bsp.a(altera_avalon_lcd_16207_fd.o)
                0x0000000000812d40                altera_avalon_lcd_16207_write_fd
 .text          0x0000000000812da0       0xf4 ../heart_beets_bsp/\libhal_bsp.a(altera_avalon_timer_sc.o)
                0x0000000000812e18                alt_avalon_timer_sc_init
 .text          0x0000000000812e94      0x110 ../heart_beets_bsp/\libhal_bsp.a(altera_avalon_uart_fd.o)
                0x0000000000812e94                altera_avalon_uart_read_fd
                0x0000000000812ef4                altera_avalon_uart_write_fd
                0x0000000000812f54                altera_avalon_uart_close_fd
 .text          0x0000000000812fa4      0x3c8 ../heart_beets_bsp/\libhal_bsp.a(altera_avalon_uart_init.o)
                0x0000000000812fa4                altera_avalon_uart_init
                0x0000000000813318                altera_avalon_uart_close
 .text          0x000000000081336c      0x218 ../heart_beets_bsp/\libhal_bsp.a(altera_avalon_uart_read.o)
                0x00000000008133a8                altera_avalon_uart_read
 .text          0x0000000000813584      0x1e8 ../heart_beets_bsp/\libhal_bsp.a(altera_avalon_uart_write.o)
                0x00000000008135c0                altera_avalon_uart_write
 .text          0x000000000081376c       0x48 ../heart_beets_bsp/\libhal_bsp.a(alt_dcache_flush_all.o)
                0x000000000081376c                alt_dcache_flush_all
 .text          0x00000000008137b4       0xe0 ../heart_beets_bsp/\libhal_bsp.a(alt_dev_llist_insert.o)
                0x00000000008137f0                alt_dev_llist_insert
 .text          0x0000000000813894       0x60 ../heart_beets_bsp/\libhal_bsp.a(alt_do_ctors.o)
                0x0000000000813894                _do_ctors
 .text          0x00000000008138f4       0x60 ../heart_beets_bsp/\libhal_bsp.a(alt_do_dtors.o)
                0x00000000008138f4                _do_dtors
 .text          0x0000000000813954       0x90 ../heart_beets_bsp/\libhal_bsp.a(alt_find_dev.o)
                0x0000000000813954                alt_find_dev
 .text          0x00000000008139e4      0x108 ../heart_beets_bsp/\libhal_bsp.a(alt_find_file.o)
                0x00000000008139e4                alt_find_file
 .text          0x0000000000813aec       0xa4 ../heart_beets_bsp/\libhal_bsp.a(alt_get_fd.o)
                0x0000000000813aec                alt_get_fd
 .text          0x0000000000813b90       0x34 ../heart_beets_bsp/\libhal_bsp.a(alt_icache_flush_all.o)
                0x0000000000813b90                alt_icache_flush_all
 .text          0x0000000000813bc4      0x1b0 ../heart_beets_bsp/\libhal_bsp.a(alt_iic.o)
                0x0000000000813bc4                alt_ic_isr_register
                0x0000000000813c14                alt_ic_irq_enable
                0x0000000000813c9c                alt_ic_irq_disable
                0x0000000000813d28                alt_ic_irq_enabled
 .text          0x0000000000813d74       0xf0 ../heart_beets_bsp/\libhal_bsp.a(alt_iic_isr_register.o)
                0x0000000000813d74                alt_iic_isr_register
 .text          0x0000000000813e64      0x140 ../heart_beets_bsp/\libhal_bsp.a(alt_io_redirect.o)
                0x0000000000813f28                alt_io_redirect
 .text          0x0000000000813fa4        0x0 ../heart_beets_bsp/\libhal_bsp.a(alt_irq_entry.o)
 .text          0x0000000000813fa4        0x0 ../heart_beets_bsp/\libhal_bsp.a(alt_irq_handler.o)
 .text          0x0000000000813fa4        0x0 ../heart_beets_bsp/\libhal_bsp.a(alt_irq_vars.o)
 .text          0x0000000000813fa4       0x30 ../heart_beets_bsp/\libhal_bsp.a(alt_usleep.o)
                0x0000000000813fa4                usleep
 .text          0x0000000000813fd4       0x24 ../heart_beets_bsp/\libhal_bsp.a(altera_nios2_gen2_irq.o)
                0x0000000000813fd4                altera_nios2_gen2_irq_init
 .text          0x0000000000813ff8      0x158 ../heart_beets_bsp/\libhal_bsp.a(alt_busy_sleep.o)
                0x0000000000813ff8                alt_busy_sleep
 .text          0x0000000000814150        0x0 ../heart_beets_bsp/\libhal_bsp.a(alt_exception_entry.o)
 .text          0x0000000000814150       0x90 ../heart_beets_bsp/\libhal_bsp.a(alt_icache_flush.o)
                0x0000000000814150                alt_icache_flush
 .text          0x00000000008141e0       0x9c ../heart_beets_bsp/\libhal_bsp.a(alt_instruction_exception_entry.o)
                0x00000000008141e0                alt_exception_cause_generated_bad_addr
 .text          0x000000000081427c        0x0 c:/intelfpga/16.1/nios2eds/bin/gnu/h-x86_64-mingw32/bin/../lib/gcc/nios2-elf/5.3.0/../../../../../H-x86_64-mingw32/nios2-elf/lib\libc.a(lib_a-atexit.o)
 .text.atexit   0x000000000081427c       0x14 c:/intelfpga/16.1/nios2eds/bin/gnu/h-x86_64-mingw32/bin/../lib/gcc/nios2-elf/5.3.0/../../../../../H-x86_64-mingw32/nios2-elf/lib\libc.a(lib_a-atexit.o)
                0x000000000081427c                atexit
 .text          0x0000000000814290        0x0 c:/intelfpga/16.1/nios2eds/bin/gnu/h-x86_64-mingw32/bin/../lib/gcc/nios2-elf/5.3.0/../../../../../H-x86_64-mingw32/nios2-elf/lib\libc.a(lib_a-ctype_.o)
 .text          0x0000000000814290        0x0 c:/intelfpga/16.1/nios2eds/bin/gnu/h-x86_64-mingw32/bin/../lib/gcc/nios2-elf/5.3.0/../../../../../H-x86_64-mingw32/nios2-elf/lib\libc.a(lib_a-exit.o)
 .text.exit     0x0000000000814290       0x38 c:/intelfpga/16.1/nios2eds/bin/gnu/h-x86_64-mingw32/bin/../lib/gcc/nios2-elf/5.3.0/../../../../../H-x86_64-mingw32/nios2-elf/lib\libc.a(lib_a-exit.o)
                0x0000000000814290                exit
 .text          0x00000000008142c8        0x0 c:/intelfpga/16.1/nios2eds/bin/gnu/h-x86_64-mingw32/bin/../lib/gcc/nios2-elf/5.3.0/../../../../../H-x86_64-mingw32/nios2-elf/lib\libc.a(lib_a-memcmp.o)
 .text.memcmp   0x00000000008142c8       0x7c c:/intelfpga/16.1/nios2eds/bin/gnu/h-x86_64-mingw32/bin/../lib/gcc/nios2-elf/5.3.0/../../../../../H-x86_64-mingw32/nios2-elf/lib\libc.a(lib_a-memcmp.o)
                0x00000000008142c8                memcmp
 .text          0x0000000000814344        0x0 c:/intelfpga/16.1/nios2eds/bin/gnu/h-x86_64-mingw32/bin/../lib/gcc/nios2-elf/5.3.0/../../../../../H-x86_64-mingw32/nios2-elf/lib\libc.a(lib_a-__atexit.o)
 .text.__register_exitproc
                0x0000000000814344      0x118 c:/intelfpga/16.1/nios2eds/bin/gnu/h-x86_64-mingw32/bin/../lib/gcc/nios2-elf/5.3.0/../../../../../H-x86_64-mingw32/nios2-elf/lib\libc.a(lib_a-__atexit.o)
                0x0000000000814344                __register_exitproc
 .text          0x000000000081445c        0x0 c:/intelfpga/16.1/nios2eds/bin/gnu/h-x86_64-mingw32/bin/../lib/gcc/nios2-elf/5.3.0/../../../../../H-x86_64-mingw32/nios2-elf/lib\libc.a(lib_a-__call_atexit.o)
 .text.__call_exitprocs
                0x000000000081445c      0x180 c:/intelfpga/16.1/nios2eds/bin/gnu/h-x86_64-mingw32/bin/../lib/gcc/nios2-elf/5.3.0/../../../../../H-x86_64-mingw32/nios2-elf/lib\libc.a(lib_a-__call_atexit.o)
                0x000000000081445c                __call_exitprocs
 .text          0x00000000008145dc       0x34 ../heart_beets_bsp/\libhal_bsp.a(alt_exit.o)
                0x00000000008145dc                _exit
 *(.gnu.warning.*)
 *(.fini)
                [!provide]                        PROVIDE (__etext, ABSOLUTE (.))
                [!provide]                        PROVIDE (_etext, ABSOLUTE (.))
                [!provide]                        PROVIDE (etext, ABSOLUTE (.))
 *(.eh_frame_hdr)
                0x0000000000814610                . = ALIGN (0x4)
                [!provide]                        PROVIDE (__preinit_array_start, ABSOLUTE (.))
 *(.preinit_array)
                [!provide]                        PROVIDE (__preinit_array_end, ABSOLUTE (.))
                [!provide]                        PROVIDE (__init_array_start, ABSOLUTE (.))
 *(.init_array)
                [!provide]                        PROVIDE (__init_array_end, ABSOLUTE (.))
                [!provide]                        PROVIDE (__fini_array_start, ABSOLUTE (.))
 *(.fini_array)
                [!provide]                        PROVIDE (__fini_array_end, ABSOLUTE (.))
 *(.eh_frame)
 *(.gcc_except_table .gcc_except_table.*)
 *(.dynamic)
                0x0000000000814610                PROVIDE (__CTOR_LIST__, ABSOLUTE (.))
 *(.ctors)
 *(SORT(.ctors.*))
                0x0000000000814610                PROVIDE (__CTOR_END__, ABSOLUTE (.))
                0x0000000000814610                PROVIDE (__DTOR_LIST__, ABSOLUTE (.))
 *(.dtors)
 *(SORT(.dtors.*))
                0x0000000000814610                PROVIDE (__DTOR_END__, ABSOLUTE (.))
 *(.jcr)
                0x0000000000814610                . = ALIGN (0x4)

.rodata         0x0000000000814610      0x740
                0x0000000000814610                PROVIDE (__ram_rodata_start, ABSOLUTE (.))
                0x0000000000814610                . = ALIGN (0x4)
 *(.rodata .rodata.* .gnu.linkonce.r.*)
 .rodata        0x0000000000814610      0x1af obj/default/hello_world.o
 *fill*         0x00000000008147bf        0x1 
 .rodata.str1.4
                0x00000000008147c0        0x2 c:/intelfpga/16.1/nios2eds/bin/gnu/h-x86_64-mingw32/bin/../lib/gcc/nios2-elf/5.3.0/../../../../../H-x86_64-mingw32/nios2-elf/lib\libc.a(lib_a-impure.o)
 *fill*         0x00000000008147c2        0x2 
 .rodata.str1.4
                0x00000000008147c4        0x2 c:/intelfpga/16.1/nios2eds/bin/gnu/h-x86_64-mingw32/bin/../lib/gcc/nios2-elf/5.3.0/../../../../../H-x86_64-mingw32/nios2-elf/lib\libc.a(lib_a-puts.o)
 *fill*         0x00000000008147c6        0x2 
 .rodata.str1.4
                0x00000000008147c8       0x42 c:/intelfpga/16.1/nios2eds/bin/gnu/h-x86_64-mingw32/bin/../lib/gcc/nios2-elf/5.3.0/../../../../../H-x86_64-mingw32/nios2-elf/lib\libc.a(lib_a-vfprintf.o)
 .rodata.zeroes.4404
                0x000000000081480a       0x10 c:/intelfpga/16.1/nios2eds/bin/gnu/h-x86_64-mingw32/bin/../lib/gcc/nios2-elf/5.3.0/../../../../../H-x86_64-mingw32/nios2-elf/lib\libc.a(lib_a-vfprintf.o)
 .rodata.blanks.4403
                0x000000000081481a       0x10 c:/intelfpga/16.1/nios2eds/bin/gnu/h-x86_64-mingw32/bin/../lib/gcc/nios2-elf/5.3.0/../../../../../H-x86_64-mingw32/nios2-elf/lib\libc.a(lib_a-vfprintf.o)
 *fill*         0x000000000081482a        0x2 
 .rodata.str1.4
                0x000000000081482c       0x10 c:/intelfpga/16.1/nios2eds/bin/gnu/h-x86_64-mingw32/bin/../lib/gcc/nios2-elf/5.3.0/../../../../../H-x86_64-mingw32/nios2-elf/lib\libc.a(lib_a-dtoa.o)
                                         0x12 (size before relaxing)
 .rodata.str1.4
                0x000000000081483c        0xc c:/intelfpga/16.1/nios2eds/bin/gnu/h-x86_64-mingw32/bin/../lib/gcc/nios2-elf/5.3.0/../../../../../H-x86_64-mingw32/nios2-elf/lib\libc.a(lib_a-locale.o)
                                         0x12 (size before relaxing)
 .rodata.p05.2768
                0x0000000000814848        0xc c:/intelfpga/16.1/nios2eds/bin/gnu/h-x86_64-mingw32/bin/../lib/gcc/nios2-elf/5.3.0/../../../../../H-x86_64-mingw32/nios2-elf/lib\libc.a(lib_a-mprec.o)
 .rodata.__mprec_tinytens
                0x0000000000814854       0x28 c:/intelfpga/16.1/nios2eds/bin/gnu/h-x86_64-mingw32/bin/../lib/gcc/nios2-elf/5.3.0/../../../../../H-x86_64-mingw32/nios2-elf/lib\libc.a(lib_a-mprec.o)
                0x0000000000814854                __mprec_tinytens
 .rodata.__mprec_bigtens
                0x000000000081487c       0x28 c:/intelfpga/16.1/nios2eds/bin/gnu/h-x86_64-mingw32/bin/../lib/gcc/nios2-elf/5.3.0/../../../../../H-x86_64-mingw32/nios2-elf/lib\libc.a(lib_a-mprec.o)
                0x000000000081487c                __mprec_bigtens
 .rodata.__mprec_tens
                0x00000000008148a4       0xc8 c:/intelfpga/16.1/nios2eds/bin/gnu/h-x86_64-mingw32/bin/../lib/gcc/nios2-elf/5.3.0/../../../../../H-x86_64-mingw32/nios2-elf/lib\libc.a(lib_a-mprec.o)
                0x00000000008148a4                __mprec_tens
 .rodata.str1.4
                0x000000000081496c       0x2f c:/intelfpga/16.1/nios2eds/bin/gnu/h-x86_64-mingw32/bin/../lib/gcc/nios2-elf/5.3.0/../../../../../H-x86_64-mingw32/nios2-elf/lib\libc.a(lib_a-vfiprintf.o)
 .rodata.zeroes.4349
                0x000000000081496c       0x10 c:/intelfpga/16.1/nios2eds/bin/gnu/h-x86_64-mingw32/bin/../lib/gcc/nios2-elf/5.3.0/../../../../../H-x86_64-mingw32/nios2-elf/lib\libc.a(lib_a-vfiprintf.o)
 .rodata.blanks.4348
                0x000000000081497c       0x10 c:/intelfpga/16.1/nios2eds/bin/gnu/h-x86_64-mingw32/bin/../lib/gcc/nios2-elf/5.3.0/../../../../../H-x86_64-mingw32/nios2-elf/lib\libc.a(lib_a-vfiprintf.o)
 .rodata        0x000000000081498c      0x100 c:/intelfpga/16.1/nios2eds/bin/gnu/h-x86_64-mingw32/bin/../lib/gcc/nios2-elf/5.3.0\libgcc.a(_clz.o)
                0x000000000081498c                __clz_tab
 .rodata        0x0000000000814a8c        0xa ../heart_beets_bsp/\libhal_bsp.a(alt_dev.o)
 *fill*         0x0000000000814a96        0x2 
 .rodata        0x0000000000814a98        0xf ../heart_beets_bsp/\libhal_bsp.a(alt_main.o)
 *fill*         0x0000000000814aa7        0x1 
 .rodata        0x0000000000814aa8       0x26 ../heart_beets_bsp/\libhal_bsp.a(alt_sys_init.o)
 .rodata._ctype_
                0x0000000000814ace      0x101 c:/intelfpga/16.1/nios2eds/bin/gnu/h-x86_64-mingw32/bin/../lib/gcc/nios2-elf/5.3.0/../../../../../H-x86_64-mingw32/nios2-elf/lib\libc.a(lib_a-ctype_.o)
                0x0000000000814ace                _ctype_
 .rodata._ctype_b
                0x0000000000814bcf      0x180 c:/intelfpga/16.1/nios2eds/bin/gnu/h-x86_64-mingw32/bin/../lib/gcc/nios2-elf/5.3.0/../../../../../H-x86_64-mingw32/nios2-elf/lib\libc.a(lib_a-ctype_.o)
 *(.rodata1)
                0x0000000000814d50                . = ALIGN (0x4)
 *fill*         0x0000000000814d4f        0x1 
                0x0000000000814d50                PROVIDE (__ram_rodata_end, ABSOLUTE (.))
                0x0000000000814610                PROVIDE (__flash_rodata_start, LOADADDR (.rodata))

.rwdata         0x0000000000814d50     0x1cd8 load address 0x0000000000816a28
                0x0000000000814d50                PROVIDE (__ram_rwdata_start, ABSOLUTE (.))
                0x0000000000814d50                . = ALIGN (0x4)
 *(.got.plt)
 *(.got)
 *(.data1)
 *(.data .data.* .gnu.linkonce.d.*)
 .data          0x0000000000814d50        0x0 ../heart_beets_bsp//obj/HAL/src/crt0.o
 .data          0x0000000000814d50        0x0 obj/default/hello_world.o
 .data          0x0000000000814d50        0x0 obj/default/pacemaker.o
 .data          0x0000000000814d50        0x0 c:/intelfpga/16.1/nios2eds/bin/gnu/h-x86_64-mingw32/bin/../lib/gcc/nios2-elf/5.3.0/../../../../../H-x86_64-mingw32/nios2-elf/lib\libc.a(lib_a-fopen.o)
 .data          0x0000000000814d50        0x0 c:/intelfpga/16.1/nios2eds/bin/gnu/h-x86_64-mingw32/bin/../lib/gcc/nios2-elf/5.3.0/../../../../../H-x86_64-mingw32/nios2-elf/lib\libc.a(lib_a-fseek.o)
 .data          0x0000000000814d50        0x0 c:/intelfpga/16.1/nios2eds/bin/gnu/h-x86_64-mingw32/bin/../lib/gcc/nios2-elf/5.3.0/../../../../../H-x86_64-mingw32/nios2-elf/lib\libc.a(lib_a-fseeko.o)
 .data          0x0000000000814d50        0x0 c:/intelfpga/16.1/nios2eds/bin/gnu/h-x86_64-mingw32/bin/../lib/gcc/nios2-elf/5.3.0/../../../../../H-x86_64-mingw32/nios2-elf/lib\libc.a(lib_a-fstatr.o)
 .data          0x0000000000814d50        0x0 c:/intelfpga/16.1/nios2eds/bin/gnu/h-x86_64-mingw32/bin/../lib/gcc/nios2-elf/5.3.0/../../../../../H-x86_64-mingw32/nios2-elf/lib\libc.a(lib_a-impure.o)
 .data.impure_data
                0x0000000000814d50      0x424 c:/intelfpga/16.1/nios2eds/bin/gnu/h-x86_64-mingw32/bin/../lib/gcc/nios2-elf/5.3.0/../../../../../H-x86_64-mingw32/nios2-elf/lib\libc.a(lib_a-impure.o)
 .data          0x0000000000815174        0x0 c:/intelfpga/16.1/nios2eds/bin/gnu/h-x86_64-mingw32/bin/../lib/gcc/nios2-elf/5.3.0/../../../../../H-x86_64-mingw32/nios2-elf/lib\libc.a(lib_a-int_errno.o)
 .data          0x0000000000815174        0x0 c:/intelfpga/16.1/nios2eds/bin/gnu/h-x86_64-mingw32/bin/../lib/gcc/nios2-elf/5.3.0/../../../../../H-x86_64-mingw32/nios2-elf/lib\libc.a(lib_a-makebuf.o)
 .data          0x0000000000815174        0x0 c:/intelfpga/16.1/nios2eds/bin/gnu/h-x86_64-mingw32/bin/../lib/gcc/nios2-elf/5.3.0/../../../../../H-x86_64-mingw32/nios2-elf/lib\libc.a(lib_a-mallocr.o)
 .data.__malloc_av_
                0x0000000000815174      0x408 c:/intelfpga/16.1/nios2eds/bin/gnu/h-x86_64-mingw32/bin/../lib/gcc/nios2-elf/5.3.0/../../../../../H-x86_64-mingw32/nios2-elf/lib\libc.a(lib_a-mallocr.o)
                0x0000000000815174                __malloc_av_
 .data          0x000000000081557c        0x0 c:/intelfpga/16.1/nios2eds/bin/gnu/h-x86_64-mingw32/bin/../lib/gcc/nios2-elf/5.3.0/../../../../../H-x86_64-mingw32/nios2-elf/lib\libc.a(lib_a-memset.o)
 .data          0x000000000081557c        0x0 c:/intelfpga/16.1/nios2eds/bin/gnu/h-x86_64-mingw32/bin/../lib/gcc/nios2-elf/5.3.0/../../../../../H-x86_64-mingw32/nios2-elf/lib\libc.a(lib_a-openr.o)
 .data          0x000000000081557c        0x0 c:/intelfpga/16.1/nios2eds/bin/gnu/h-x86_64-mingw32/bin/../lib/gcc/nios2-elf/5.3.0/../../../../../H-x86_64-mingw32/nios2-elf/lib\libc.a(lib_a-printf.o)
 .data          0x000000000081557c        0x0 c:/intelfpga/16.1/nios2eds/bin/gnu/h-x86_64-mingw32/bin/../lib/gcc/nios2-elf/5.3.0/../../../../../H-x86_64-mingw32/nios2-elf/lib\libc.a(lib_a-puts.o)
 .data          0x000000000081557c        0x0 c:/intelfpga/16.1/nios2eds/bin/gnu/h-x86_64-mingw32/bin/../lib/gcc/nios2-elf/5.3.0/../../../../../H-x86_64-mingw32/nios2-elf/lib\libc.a(lib_a-refill.o)
 .data          0x000000000081557c        0x0 c:/intelfpga/16.1/nios2eds/bin/gnu/h-x86_64-mingw32/bin/../lib/gcc/nios2-elf/5.3.0/../../../../../H-x86_64-mingw32/nios2-elf/lib\libc.a(lib_a-sbrkr.o)
 .data          0x000000000081557c        0x0 c:/intelfpga/16.1/nios2eds/bin/gnu/h-x86_64-mingw32/bin/../lib/gcc/nios2-elf/5.3.0/../../../../../H-x86_64-mingw32/nios2-elf/lib\libc.a(lib_a-stdio.o)
 .data          0x000000000081557c        0x0 c:/intelfpga/16.1/nios2eds/bin/gnu/h-x86_64-mingw32/bin/../lib/gcc/nios2-elf/5.3.0/../../../../../H-x86_64-mingw32/nios2-elf/lib\libc.a(lib_a-strlen.o)
 .data          0x000000000081557c        0x0 c:/intelfpga/16.1/nios2eds/bin/gnu/h-x86_64-mingw32/bin/../lib/gcc/nios2-elf/5.3.0/../../../../../H-x86_64-mingw32/nios2-elf/lib\libc.a(lib_a-vfprintf.o)
 .data          0x000000000081557c        0x0 c:/intelfpga/16.1/nios2eds/bin/gnu/h-x86_64-mingw32/bin/../lib/gcc/nios2-elf/5.3.0/../../../../../H-x86_64-mingw32/nios2-elf/lib\libc.a(lib_a-writer.o)
 .data          0x000000000081557c        0x0 c:/intelfpga/16.1/nios2eds/bin/gnu/h-x86_64-mingw32/bin/../lib/gcc/nios2-elf/5.3.0/../../../../../H-x86_64-mingw32/nios2-elf/lib\libc.a(lib_a-wsetup.o)
 .data          0x000000000081557c        0x0 c:/intelfpga/16.1/nios2eds/bin/gnu/h-x86_64-mingw32/bin/../lib/gcc/nios2-elf/5.3.0/../../../../../H-x86_64-mingw32/nios2-elf/lib\libc.a(closer.o)
 .data          0x000000000081557c        0x0 c:/intelfpga/16.1/nios2eds/bin/gnu/h-x86_64-mingw32/bin/../lib/gcc/nios2-elf/5.3.0/../../../../../H-x86_64-mingw32/nios2-elf/lib\libc.a(lib_a-dtoa.o)
 .data          0x000000000081557c        0x0 c:/intelfpga/16.1/nios2eds/bin/gnu/h-x86_64-mingw32/bin/../lib/gcc/nios2-elf/5.3.0/../../../../../H-x86_64-mingw32/nios2-elf/lib\libc.a(lib_a-fflush.o)
 .data          0x000000000081557c        0x0 c:/intelfpga/16.1/nios2eds/bin/gnu/h-x86_64-mingw32/bin/../lib/gcc/nios2-elf/5.3.0/../../../../../H-x86_64-mingw32/nios2-elf/lib\libc.a(lib_a-findfp.o)
 .data          0x000000000081557c        0x0 c:/intelfpga/16.1/nios2eds/bin/gnu/h-x86_64-mingw32/bin/../lib/gcc/nios2-elf/5.3.0/../../../../../H-x86_64-mingw32/nios2-elf/lib\libc.a(lib_a-flags.o)
 .data          0x000000000081557c        0x0 c:/intelfpga/16.1/nios2eds/bin/gnu/h-x86_64-mingw32/bin/../lib/gcc/nios2-elf/5.3.0/../../../../../H-x86_64-mingw32/nios2-elf/lib\libc.a(lib_a-freer.o)
 .data          0x000000000081557c        0x0 c:/intelfpga/16.1/nios2eds/bin/gnu/h-x86_64-mingw32/bin/../lib/gcc/nios2-elf/5.3.0/../../../../../H-x86_64-mingw32/nios2-elf/lib\libc.a(lib_a-fvwrite.o)
 .data          0x000000000081557c        0x0 c:/intelfpga/16.1/nios2eds/bin/gnu/h-x86_64-mingw32/bin/../lib/gcc/nios2-elf/5.3.0/../../../../../H-x86_64-mingw32/nios2-elf/lib\libc.a(lib_a-fwalk.o)
 .data          0x000000000081557c        0x0 c:/intelfpga/16.1/nios2eds/bin/gnu/h-x86_64-mingw32/bin/../lib/gcc/nios2-elf/5.3.0/../../../../../H-x86_64-mingw32/nios2-elf/lib\libc.a(lib_a-isattyr.o)
 .data          0x000000000081557c        0x0 c:/intelfpga/16.1/nios2eds/bin/gnu/h-x86_64-mingw32/bin/../lib/gcc/nios2-elf/5.3.0/../../../../../H-x86_64-mingw32/nios2-elf/lib\libc.a(lib_a-locale.o)
 .data.lc_message_charset
                0x000000000081557c       0x20 c:/intelfpga/16.1/nios2eds/bin/gnu/h-x86_64-mingw32/bin/../lib/gcc/nios2-elf/5.3.0/../../../../../H-x86_64-mingw32/nios2-elf/lib\libc.a(lib_a-locale.o)
 .data.lc_ctype_charset
                0x000000000081559c       0x20 c:/intelfpga/16.1/nios2eds/bin/gnu/h-x86_64-mingw32/bin/../lib/gcc/nios2-elf/5.3.0/../../../../../H-x86_64-mingw32/nios2-elf/lib\libc.a(lib_a-locale.o)
 .data.lconv    0x00000000008155bc       0x38 c:/intelfpga/16.1/nios2eds/bin/gnu/h-x86_64-mingw32/bin/../lib/gcc/nios2-elf/5.3.0/../../../../../H-x86_64-mingw32/nios2-elf/lib\libc.a(lib_a-locale.o)
 .data          0x00000000008155f4        0x0 c:/intelfpga/16.1/nios2eds/bin/gnu/h-x86_64-mingw32/bin/../lib/gcc/nios2-elf/5.3.0/../../../../../H-x86_64-mingw32/nios2-elf/lib\libc.a(lib_a-lseekr.o)
 .data          0x00000000008155f4        0x0 c:/intelfpga/16.1/nios2eds/bin/gnu/h-x86_64-mingw32/bin/../lib/gcc/nios2-elf/5.3.0/../../../../../H-x86_64-mingw32/nios2-elf/lib\libc.a(lib_a-memchr.o)
 .data          0x00000000008155f4        0x0 c:/intelfpga/16.1/nios2eds/bin/gnu/h-x86_64-mingw32/bin/../lib/gcc/nios2-elf/5.3.0/../../../../../H-x86_64-mingw32/nios2-elf/lib\libc.a(lib_a-memcpy.o)
 .data          0x00000000008155f4        0x0 c:/intelfpga/16.1/nios2eds/bin/gnu/h-x86_64-mingw32/bin/../lib/gcc/nios2-elf/5.3.0/../../../../../H-x86_64-mingw32/nios2-elf/lib\libc.a(lib_a-memmove.o)
 .data          0x00000000008155f4        0x0 c:/intelfpga/16.1/nios2eds/bin/gnu/h-x86_64-mingw32/bin/../lib/gcc/nios2-elf/5.3.0/../../../../../H-x86_64-mingw32/nios2-elf/lib\libc.a(lib_a-mprec.o)
 .data          0x00000000008155f4        0x0 c:/intelfpga/16.1/nios2eds/bin/gnu/h-x86_64-mingw32/bin/../lib/gcc/nios2-elf/5.3.0/../../../../../H-x86_64-mingw32/nios2-elf/lib\libc.a(lib_a-readr.o)
 .data          0x00000000008155f4        0x0 c:/intelfpga/16.1/nios2eds/bin/gnu/h-x86_64-mingw32/bin/../lib/gcc/nios2-elf/5.3.0/../../../../../H-x86_64-mingw32/nios2-elf/lib\libc.a(lib_a-reallocr.o)
 .data          0x00000000008155f4        0x0 c:/intelfpga/16.1/nios2eds/bin/gnu/h-x86_64-mingw32/bin/../lib/gcc/nios2-elf/5.3.0/../../../../../H-x86_64-mingw32/nios2-elf/lib\libc.a(lib_a-s_fpclassify.o)
 .data          0x00000000008155f4        0x0 c:/intelfpga/16.1/nios2eds/bin/gnu/h-x86_64-mingw32/bin/../lib/gcc/nios2-elf/5.3.0/../../../../../H-x86_64-mingw32/nios2-elf/lib\libc.a(lib_a-strcmp.o)
 .data          0x00000000008155f4        0x0 c:/intelfpga/16.1/nios2eds/bin/gnu/h-x86_64-mingw32/bin/../lib/gcc/nios2-elf/5.3.0/../../../../../H-x86_64-mingw32/nios2-elf/lib\libc.a(lib_a-vfiprintf.o)
 .data          0x00000000008155f4        0x0 c:/intelfpga/16.1/nios2eds/bin/gnu/h-x86_64-mingw32/bin/../lib/gcc/nios2-elf/5.3.0/../../../../../H-x86_64-mingw32/nios2-elf/lib\libc.a(lib_a-callocr.o)
 .data          0x00000000008155f4        0x0 c:/intelfpga/16.1/nios2eds/bin/gnu/h-x86_64-mingw32/bin/../lib/gcc/nios2-elf/5.3.0/../../../../../H-x86_64-mingw32/nios2-elf/lib\libc.a(lib_a-fclose.o)
 .data          0x00000000008155f4        0x0 c:/intelfpga/16.1/nios2eds/bin/gnu/h-x86_64-mingw32/bin/../lib/gcc/nios2-elf/5.3.0/../../../../../H-x86_64-mingw32/nios2-elf/lib\libc.a(lib_a-fputwc.o)
 .data          0x00000000008155f4        0x0 c:/intelfpga/16.1/nios2eds/bin/gnu/h-x86_64-mingw32/bin/../lib/gcc/nios2-elf/5.3.0/../../../../../H-x86_64-mingw32/nios2-elf/lib\libc.a(lib_a-wbuf.o)
 .data          0x00000000008155f4        0x0 c:/intelfpga/16.1/nios2eds/bin/gnu/h-x86_64-mingw32/bin/../lib/gcc/nios2-elf/5.3.0/../../../../../H-x86_64-mingw32/nios2-elf/lib\libc.a(lib_a-wcrtomb.o)
 .data          0x00000000008155f4        0x0 c:/intelfpga/16.1/nios2eds/bin/gnu/h-x86_64-mingw32/bin/../lib/gcc/nios2-elf/5.3.0/../../../../../H-x86_64-mingw32/nios2-elf/lib\libc.a(lib_a-wctomb_r.o)
 .data          0x00000000008155f4        0x0 c:/intelfpga/16.1/nios2eds/bin/gnu/h-x86_64-mingw32/bin/../lib/gcc/nios2-elf/5.3.0\libgcc.a(_udivdi3.o)
 .data          0x00000000008155f4        0x0 c:/intelfpga/16.1/nios2eds/bin/gnu/h-x86_64-mingw32/bin/../lib/gcc/nios2-elf/5.3.0\libgcc.a(_umoddi3.o)
 .data          0x00000000008155f4        0x0 c:/intelfpga/16.1/nios2eds/bin/gnu/h-x86_64-mingw32/bin/../lib/gcc/nios2-elf/5.3.0\libgcc.a(lib2-divmod.o)
 .data          0x00000000008155f4        0x0 c:/intelfpga/16.1/nios2eds/bin/gnu/h-x86_64-mingw32/bin/../lib/gcc/nios2-elf/5.3.0\libgcc.a(adddf3.o)
 .data          0x00000000008155f4        0x0 c:/intelfpga/16.1/nios2eds/bin/gnu/h-x86_64-mingw32/bin/../lib/gcc/nios2-elf/5.3.0\libgcc.a(divdf3.o)
 .data          0x00000000008155f4        0x0 c:/intelfpga/16.1/nios2eds/bin/gnu/h-x86_64-mingw32/bin/../lib/gcc/nios2-elf/5.3.0\libgcc.a(eqdf2.o)
 .data          0x00000000008155f4        0x0 c:/intelfpga/16.1/nios2eds/bin/gnu/h-x86_64-mingw32/bin/../lib/gcc/nios2-elf/5.3.0\libgcc.a(gedf2.o)
 .data          0x00000000008155f4        0x0 c:/intelfpga/16.1/nios2eds/bin/gnu/h-x86_64-mingw32/bin/../lib/gcc/nios2-elf/5.3.0\libgcc.a(ledf2.o)
 .data          0x00000000008155f4        0x0 c:/intelfpga/16.1/nios2eds/bin/gnu/h-x86_64-mingw32/bin/../lib/gcc/nios2-elf/5.3.0\libgcc.a(muldf3.o)
 .data          0x00000000008155f4        0x0 c:/intelfpga/16.1/nios2eds/bin/gnu/h-x86_64-mingw32/bin/../lib/gcc/nios2-elf/5.3.0\libgcc.a(subdf3.o)
 .data          0x00000000008155f4        0x0 c:/intelfpga/16.1/nios2eds/bin/gnu/h-x86_64-mingw32/bin/../lib/gcc/nios2-elf/5.3.0\libgcc.a(fixdfsi.o)
 .data          0x00000000008155f4        0x0 c:/intelfpga/16.1/nios2eds/bin/gnu/h-x86_64-mingw32/bin/../lib/gcc/nios2-elf/5.3.0\libgcc.a(floatsidf.o)
 .data          0x00000000008155f4        0x0 c:/intelfpga/16.1/nios2eds/bin/gnu/h-x86_64-mingw32/bin/../lib/gcc/nios2-elf/5.3.0\libgcc.a(floatunsidf.o)
 .data          0x00000000008155f4        0x0 c:/intelfpga/16.1/nios2eds/bin/gnu/h-x86_64-mingw32/bin/../lib/gcc/nios2-elf/5.3.0\libgcc.a(_clz.o)
 .data          0x00000000008155f4        0x0 c:/intelfpga/16.1/nios2eds/bin/gnu/h-x86_64-mingw32/bin/../lib/gcc/nios2-elf/5.3.0\libgcc.a(_clzsi2.o)
 .data          0x00000000008155f4        0x0 ../heart_beets_bsp/\libhal_bsp.a(alt_alarm_start.o)
 .data          0x00000000008155f4        0x0 ../heart_beets_bsp/\libhal_bsp.a(alt_close.o)
 .data          0x00000000008155f4      0x1a8 ../heart_beets_bsp/\libhal_bsp.a(alt_dev.o)
                0x00000000008155f4                alt_dev_null
                0x000000000081561c                alt_fd_list
 .data          0x000000000081579c        0x0 ../heart_beets_bsp/\libhal_bsp.a(alt_errno.o)
 .data          0x000000000081579c        0x0 ../heart_beets_bsp/\libhal_bsp.a(alt_fstat.o)
 .data          0x000000000081579c        0x0 ../heart_beets_bsp/\libhal_bsp.a(alt_isatty.o)
 .data          0x000000000081579c        0x0 ../heart_beets_bsp/\libhal_bsp.a(alt_load.o)
 .data          0x000000000081579c        0x0 ../heart_beets_bsp/\libhal_bsp.a(alt_lseek.o)
 .data          0x000000000081579c        0x0 ../heart_beets_bsp/\libhal_bsp.a(alt_main.o)
 .data          0x000000000081579c        0x0 ../heart_beets_bsp/\libhal_bsp.a(alt_malloc_lock.o)
 .data          0x000000000081579c        0x0 ../heart_beets_bsp/\libhal_bsp.a(alt_open.o)
 .data          0x000000000081579c        0x0 ../heart_beets_bsp/\libhal_bsp.a(alt_read.o)
 .data          0x000000000081579c        0x0 ../heart_beets_bsp/\libhal_bsp.a(alt_release_fd.o)
 .data          0x000000000081579c        0x0 ../heart_beets_bsp/\libhal_bsp.a(alt_sbrk.o)
 .data          0x000000000081579c        0x0 ../heart_beets_bsp/\libhal_bsp.a(alt_tick.o)
 .data          0x000000000081579c        0x0 ../heart_beets_bsp/\libhal_bsp.a(alt_write.o)
 .data          0x000000000081579c     0x1244 ../heart_beets_bsp/\libhal_bsp.a(alt_sys_init.o)
 .data          0x00000000008169e0        0x0 ../heart_beets_bsp/\libhal_bsp.a(altera_avalon_jtag_uart_fd.o)
 .data          0x00000000008169e0        0x0 ../heart_beets_bsp/\libhal_bsp.a(altera_avalon_jtag_uart_init.o)
 .data          0x00000000008169e0        0x0 ../heart_beets_bsp/\libhal_bsp.a(altera_avalon_jtag_uart_ioctl.o)
 .data          0x00000000008169e0        0x0 ../heart_beets_bsp/\libhal_bsp.a(altera_avalon_jtag_uart_read.o)
 .data          0x00000000008169e0        0x0 ../heart_beets_bsp/\libhal_bsp.a(altera_avalon_jtag_uart_write.o)
 .data          0x00000000008169e0        0x0 ../heart_beets_bsp/\libhal_bsp.a(altera_avalon_lcd_16207.o)
 .data          0x00000000008169e0        0x0 ../heart_beets_bsp/\libhal_bsp.a(altera_avalon_lcd_16207_fd.o)
 .data          0x00000000008169e0        0x0 ../heart_beets_bsp/\libhal_bsp.a(altera_avalon_timer_sc.o)
 .data          0x00000000008169e0        0x0 ../heart_beets_bsp/\libhal_bsp.a(altera_avalon_uart_fd.o)
 .data          0x00000000008169e0        0x0 ../heart_beets_bsp/\libhal_bsp.a(altera_avalon_uart_init.o)
 .data          0x00000000008169e0        0x0 ../heart_beets_bsp/\libhal_bsp.a(altera_avalon_uart_read.o)
 .data          0x00000000008169e0        0x0 ../heart_beets_bsp/\libhal_bsp.a(altera_avalon_uart_write.o)
 .data          0x00000000008169e0        0x0 ../heart_beets_bsp/\libhal_bsp.a(alt_dcache_flush_all.o)
 .data          0x00000000008169e0        0x0 ../heart_beets_bsp/\libhal_bsp.a(alt_dev_llist_insert.o)
 .data          0x00000000008169e0        0x0 ../heart_beets_bsp/\libhal_bsp.a(alt_do_ctors.o)
 .data          0x00000000008169e0        0x0 ../heart_beets_bsp/\libhal_bsp.a(alt_do_dtors.o)
 .data          0x00000000008169e0        0x0 ../heart_beets_bsp/\libhal_bsp.a(alt_find_dev.o)
 .data          0x00000000008169e0        0x0 ../heart_beets_bsp/\libhal_bsp.a(alt_find_file.o)
 .data          0x00000000008169e0        0x0 ../heart_beets_bsp/\libhal_bsp.a(alt_get_fd.o)
 .data          0x00000000008169e0        0x0 ../heart_beets_bsp/\libhal_bsp.a(alt_icache_flush_all.o)
 .data          0x00000000008169e0        0x0 ../heart_beets_bsp/\libhal_bsp.a(alt_iic.o)
 .data          0x00000000008169e0        0x0 ../heart_beets_bsp/\libhal_bsp.a(alt_iic_isr_register.o)
 .data          0x00000000008169e0        0x0 ../heart_beets_bsp/\libhal_bsp.a(alt_io_redirect.o)
 .data          0x00000000008169e0        0x0 ../heart_beets_bsp/\libhal_bsp.a(alt_irq_entry.o)
 .data          0x00000000008169e0        0x0 ../heart_beets_bsp/\libhal_bsp.a(alt_irq_handler.o)
 .data          0x00000000008169e0        0x0 ../heart_beets_bsp/\libhal_bsp.a(alt_irq_vars.o)
 .data          0x00000000008169e0        0x0 ../heart_beets_bsp/\libhal_bsp.a(alt_usleep.o)
 .data          0x00000000008169e0        0x0 ../heart_beets_bsp/\libhal_bsp.a(altera_nios2_gen2_irq.o)
 .data          0x00000000008169e0        0x0 ../heart_beets_bsp/\libhal_bsp.a(alt_busy_sleep.o)
 .data          0x00000000008169e0        0x0 ../heart_beets_bsp/\libhal_bsp.a(alt_exception_entry.o)
 .data          0x00000000008169e0        0x0 ../heart_beets_bsp/\libhal_bsp.a(alt_icache_flush.o)
 .data          0x00000000008169e0        0x0 ../heart_beets_bsp/\libhal_bsp.a(alt_instruction_exception_entry.o)
 .data          0x00000000008169e0        0x0 c:/intelfpga/16.1/nios2eds/bin/gnu/h-x86_64-mingw32/bin/../lib/gcc/nios2-elf/5.3.0/../../../../../H-x86_64-mingw32/nios2-elf/lib\libc.a(lib_a-atexit.o)
 .data          0x00000000008169e0        0x0 c:/intelfpga/16.1/nios2eds/bin/gnu/h-x86_64-mingw32/bin/../lib/gcc/nios2-elf/5.3.0/../../../../../H-x86_64-mingw32/nios2-elf/lib\libc.a(lib_a-ctype_.o)
 .data          0x00000000008169e0        0x0 c:/intelfpga/16.1/nios2eds/bin/gnu/h-x86_64-mingw32/bin/../lib/gcc/nios2-elf/5.3.0/../../../../../H-x86_64-mingw32/nios2-elf/lib\libc.a(lib_a-exit.o)
 .data          0x00000000008169e0        0x0 c:/intelfpga/16.1/nios2eds/bin/gnu/h-x86_64-mingw32/bin/../lib/gcc/nios2-elf/5.3.0/../../../../../H-x86_64-mingw32/nios2-elf/lib\libc.a(lib_a-memcmp.o)
 .data          0x00000000008169e0        0x0 c:/intelfpga/16.1/nios2eds/bin/gnu/h-x86_64-mingw32/bin/../lib/gcc/nios2-elf/5.3.0/../../../../../H-x86_64-mingw32/nios2-elf/lib\libc.a(lib_a-__atexit.o)
 .data          0x00000000008169e0        0x0 c:/intelfpga/16.1/nios2eds/bin/gnu/h-x86_64-mingw32/bin/../lib/gcc/nios2-elf/5.3.0/../../../../../H-x86_64-mingw32/nios2-elf/lib\libc.a(lib_a-__call_atexit.o)
 .data          0x00000000008169e0        0x0 ../heart_beets_bsp/\libhal_bsp.a(alt_exit.o)
                0x000000000081e9e0                _gp = ABSOLUTE ((. + 0x8000))
                [!provide]                        PROVIDE (gp, _gp)
 *(.rwdata .rwdata.*)
 *(.sdata .sdata.* .gnu.linkonce.s.*)
 .sdata._global_impure_ptr
                0x00000000008169e0        0x4 c:/intelfpga/16.1/nios2eds/bin/gnu/h-x86_64-mingw32/bin/../lib/gcc/nios2-elf/5.3.0/../../../../../H-x86_64-mingw32/nios2-elf/lib\libc.a(lib_a-impure.o)
                0x00000000008169e0                _global_impure_ptr
 .sdata._impure_ptr
                0x00000000008169e4        0x4 c:/intelfpga/16.1/nios2eds/bin/gnu/h-x86_64-mingw32/bin/../lib/gcc/nios2-elf/5.3.0/../../../../../H-x86_64-mingw32/nios2-elf/lib\libc.a(lib_a-impure.o)
                0x00000000008169e4                _impure_ptr
 .sdata.__malloc_sbrk_base
                0x00000000008169e8        0x4 c:/intelfpga/16.1/nios2eds/bin/gnu/h-x86_64-mingw32/bin/../lib/gcc/nios2-elf/5.3.0/../../../../../H-x86_64-mingw32/nios2-elf/lib\libc.a(lib_a-mallocr.o)
                0x00000000008169e8                __malloc_sbrk_base
 .sdata.__malloc_trim_threshold
                0x00000000008169ec        0x4 c:/intelfpga/16.1/nios2eds/bin/gnu/h-x86_64-mingw32/bin/../lib/gcc/nios2-elf/5.3.0/../../../../../H-x86_64-mingw32/nios2-elf/lib\libc.a(lib_a-mallocr.o)
                0x00000000008169ec                __malloc_trim_threshold
 .sdata.__mb_cur_max
                0x00000000008169f0        0x4 c:/intelfpga/16.1/nios2eds/bin/gnu/h-x86_64-mingw32/bin/../lib/gcc/nios2-elf/5.3.0/../../../../../H-x86_64-mingw32/nios2-elf/lib\libc.a(lib_a-locale.o)
                0x00000000008169f0                __mb_cur_max
 .sdata.__wctomb
                0x00000000008169f4        0x4 c:/intelfpga/16.1/nios2eds/bin/gnu/h-x86_64-mingw32/bin/../lib/gcc/nios2-elf/5.3.0/../../../../../H-x86_64-mingw32/nios2-elf/lib\libc.a(lib_a-wctomb_r.o)
                0x00000000008169f4                __wctomb
 .sdata         0x00000000008169f8       0x14 ../heart_beets_bsp/\libhal_bsp.a(alt_dev.o)
                0x00000000008169f8                alt_fs_list
                0x0000000000816a00                alt_dev_list
                0x0000000000816a08                alt_max_fd
 .sdata         0x0000000000816a0c        0x4 ../heart_beets_bsp/\libhal_bsp.a(alt_errno.o)
                0x0000000000816a0c                alt_errno
 .sdata         0x0000000000816a10        0x4 ../heart_beets_bsp/\libhal_bsp.a(alt_sbrk.o)
 .sdata         0x0000000000816a14        0x8 ../heart_beets_bsp/\libhal_bsp.a(alt_tick.o)
                0x0000000000816a14                alt_alarm_list
 .sdata         0x0000000000816a1c        0x4 ../heart_beets_bsp/\libhal_bsp.a(altera_avalon_lcd_16207.o)
 .sdata         0x0000000000816a20        0x4 ../heart_beets_bsp/\libhal_bsp.a(alt_irq_vars.o)
                0x0000000000816a20                alt_priority_mask
 .sdata.__ctype_ptr__
                0x0000000000816a24        0x4 c:/intelfpga/16.1/nios2eds/bin/gnu/h-x86_64-mingw32/bin/../lib/gcc/nios2-elf/5.3.0/../../../../../H-x86_64-mingw32/nios2-elf/lib\libc.a(lib_a-ctype_.o)
                0x0000000000816a24                __ctype_ptr__
 *(.sdata2 .sdata2.* .gnu.linkonce.s2.*)
                0x0000000000816a28                . = ALIGN (0x4)
                0x0000000000816a28                _edata = ABSOLUTE (.)
                [!provide]                        PROVIDE (edata, ABSOLUTE (.))
                0x0000000000816a28                PROVIDE (__ram_rwdata_end, ABSOLUTE (.))
                0x0000000000816a28                PROVIDE (__flash_rwdata_start, LOADADDR (.rwdata))

.bss            0x0000000000818700      0x3d0
                0x0000000000818700                __bss_start = ABSOLUTE (.)
                [!provide]                        PROVIDE (__sbss_start, ABSOLUTE (.))
                [!provide]                        PROVIDE (___sbss_start, ABSOLUTE (.))
 *(.dynsbss)
 *(.sbss .sbss.* .gnu.linkonce.sb.*)
 .sbss          0x0000000000818700       0x4c obj/default/hello_world.o
                0x0000000000818700                AVITOFlag
                0x0000000000818704                PVARPTOFlag
                0x0000000000818708                VRPTOFlag
                0x000000000081870c                AEITOFlag
                0x0000000000818710                LRITOFlag
                0x0000000000818714                URITOFlag
                0x0000000000818718                LEDbits
                0x000000000081871c                LED0
                0x0000000000818720                LED1
                0x0000000000818724                LED3
                0x0000000000818728                LED4
                0x000000000081872c                uiButton
                0x0000000000818730                maskedButton0
                0x0000000000818734                maskedButton1
                0x0000000000818738                button0_pressed
                0x000000000081873c                button1_pressed
                0x0000000000818740                switch_bits
                0x0000000000818744                mode
                0x0000000000818748                switch0
 .sbss          0x000000000081874c        0x8 obj/default/hello_world.o
                0x000000000081874c                uart_fd
                0x0000000000818750                uart_fp
 .sbss          0x0000000000818754      0x12a obj/default/pacemaker.o
                0x0000000000818754                g83
                0x0000000000818755                g40
                0x0000000000818756                g91
                0x0000000000818757                APace
                0x0000000000818758                g4
                0x0000000000818759                g108
                0x000000000081875a                g19
                0x000000000081875b                g111
                0x000000000081875c                PRE_g102
                0x000000000081875d                g80b
                0x000000000081875e                PRE_g23
                0x000000000081875f                g122_fix0
                0x0000000000818760                g55
                0x0000000000818761                _cg59
                0x0000000000818762                g27
                0x0000000000818763                _Pacemaker1_local__reg_AEI_ex14
                0x0000000000818764                g112
                0x0000000000818765                g33b
                0x0000000000818766                PRE_g128
                0x0000000000818767                g3
                0x0000000000818768                g103
                0x0000000000818769                g55b
                0x000000000081876a                g47
                0x000000000081876b                g85
                0x000000000081876c                g42
                0x000000000081876d                _reg_VRP_start18
                0x000000000081876e                g9
                0x000000000081876f                g127
                0x0000000000818770                g94b
                0x0000000000818771                LRITO
                0x0000000000818772                _cg7
                0x0000000000818774                _PRE_GO
                0x0000000000818778                PRE_g3
                0x0000000000818779                g102
                0x000000000081877a                g122_e1_fix_fix
                0x000000000081877b                g115
                0x000000000081877c                AVI_start
                0x000000000081877d                _cg15
                0x000000000081877e                _pre_VRP_start18
                0x000000000081877f                PRE_g56
                0x0000000000818780                PRE_g32
                0x0000000000818781                g87
                0x0000000000818782                g44
                0x0000000000818783                g130_e3
                0x0000000000818784                g123
                0x0000000000818785                _cg75
                0x0000000000818786                g121_e14
                0x0000000000818787                PRE_g65
                0x0000000000818788                PRE_g20
                0x0000000000818789                AVI_stop
                0x000000000081878a                g92
                0x000000000081878b                g1
                0x000000000081878c                g61
                0x000000000081878d                g89_e9
                0x000000000081878e                g71
                0x000000000081878f                g126_e2
                0x0000000000818790                g126
                0x0000000000818791                g82